$(Delphi)Bin\applet70.bpl
$(Delphi)Bin\clxdesigner70.bpl
$(Delphi)Bin\coreide70.bpl
$(Delphi)Bin\dbwebxprt.bpl
$(Delphi)Bin\dbx70.bpl
$(Delphi)Bin\dcl31w70.bpl
$(Delphi)Bin\dclact70.bpl
$(Delphi)Bin\dclado70.bpl
$(Delphi)Bin\dclaxserver70.bpl
$(Delphi)Bin\dclbde70.bpl
$(Delphi)Bin\dclclxdb70.bpl
$(Delphi)Bin\dclclxstd70.bpl
$(Delphi)Bin\dcldb70.bpl
$(Delphi)Bin\dcldbx70.bpl
$(Delphi)Bin\dcldbxcds70.bpl
$(Delphi)Bin\dcldss70.bpl
$(Delphi)Bin\dclemacsedit70.bpl
$(Delphi)Bin\dclib70.bpl
$(Delphi)Bin\dclie70.bpl
$(Delphi)Bin\dclindy70.bpl
$(Delphi)Bin\dclIntraweb_50_70.bpl
$(Delphi)Bin\dclisp70.bpl
$(Delphi)Bin\dclite70.bpl
$(Delphi)Bin\dclmcn70.bpl
$(Delphi)Bin\dclmid70.bpl
$(Delphi)Bin\dclmlwiz70.bpl
$(Delphi)Bin\dclnet70.bpl
$(Delphi)Bin\dclocx70.bpl
$(Delphi)Bin\dcloffice2k70.bpl
$(Delphi)Bin\dclofficexp70.bpl
$(Delphi)Bin\dclqrt70.bpl
$(Delphi)Bin\dclRave70.bpl
$(Delphi)Bin\dclshlctrls70.bpl
$(Delphi)Bin\dclsmp70.bpl
$(Delphi)Bin\dclsmpedit70.bpl
$(Delphi)Bin\dclsoap70.bpl
$(Delphi)Bin\dclsockets70.bpl
$(Delphi)Bin\dclstd70.bpl
$(Delphi)Bin\dcltee70.bpl
$(Delphi)Bin\dcltqr70.bpl
$(Delphi)Bin\dclwbm70.bpl
$(Delphi)Bin\dclwebsnap70.bpl
$(Delphi)Bin\delphiclxide70.bpl
$(Delphi)Bin\delphide70.bpl
$(Delphi)Bin\delphient70.bpl
$(Delphi)Bin\delphipro70.bpl
$(Delphi)Bin\delphivclide70.bpl
$(Delphi)Bin\designdgm70.bpl
$(Delphi)Bin\designide70.bpl
$(Delphi)Bin\dfm70.bpl
$(Delphi)Bin\direct70.bpl
$(Delphi)Bin\htmlide70.bpl
$(Delphi)Bin\indy70.bpl
$(Delphi)Bin\itecore70.bpl
$(Delphi)Bin\iteide70.bpl
$(Delphi)Bin\MsgInfo70.bpl
$(Delphi)Bin\proide70.bpl
$(Delphi)Bin\rc70.bpl
$(Delphi)Bin\stride70.bpl
$(Delphi)Bin\tlib70.bpl
$(Delphi)Bin\vcldesigner70.bpl
$(Delphi)Bin\vclhie70.bpl
$(Delphi)Bin\vclide70.bpl
$(Delphi)Projects\Bpl\CPIExpertPackageD70.bpl
$(Delphi)Projects\Bpl\D70POIExpertPackage.bpl
$(Delphi)Projects\Bpl\dclusr70.bpl
$(Delphi)Projects\Bpl\POIExpertPackageD70.bpl
$(Delphi)Projects\Bpl\RaizePaletteMenu100.bpl
$(Delphi)Rave5\RvBarcode50.bpl
$(Delphi)Rave5\RvCompiler50.bpl
$(Delphi)Rave5\RvCore50.bpl
$(Delphi)Rave5\RvDesign50.bpl
$(Delphi)Rave5\RvEngine50.bpl
$(Delphi)Rave5\RvGraphics50.bpl
$(Delphi)Rave5\RvReport50.bpl
$(Delphi)Rave5\RvStandard50.bpl
$(Delphi)users\lib\ComponentInspectorExpertPackage.bpl
$(Delphi)users\lib\DelSight70.bpl
$(Delphi)users\lib\lmd70se_d7.bpl
