$(Delphi)Lib\adortl.dcp
$(Delphi)Lib\bdertl.dcp
$(Delphi)Lib\dbexpress.dcp
$(Delphi)Lib\dbrtl.dcp
$(Delphi)Lib\dbx.dcp
$(Delphi)Lib\dbxcds.dcp
$(Delphi)Lib\dcl31w.dcp
$(Delphi)Lib\dclact.dcp
$(Delphi)Lib\dclado.dcp
$(Delphi)Lib\dclaxserver.dcp
$(Delphi)Lib\dclbde.dcp
$(Delphi)Lib\dclclxdb.dcp
$(Delphi)Lib\dclclxstd.dcp
$(Delphi)Lib\dcldb.dcp
$(Delphi)Lib\dcldbx.dcp
$(Delphi)Lib\dcldbxcds.dcp
$(Delphi)Lib\dcldss.dcp
$(Delphi)Lib\dclib.dcp
$(Delphi)Lib\dclie.dcp
$(Delphi)Lib\dclindy.dcp
$(Delphi)Lib\dclIntraweb_50_70.dcp
$(Delphi)Lib\dclisp.dcp
$(Delphi)Lib\dclmcn.dcp
$(Delphi)Lib\dclmid.dcp
$(Delphi)Lib\dclnet.dcp
$(Delphi)Lib\dclocx.dcp
$(Delphi)Lib\dclOffice2k.dcp
$(Delphi)Lib\dclOfficeXP.dcp
$(Delphi)Lib\dclqrt.dcp
$(Delphi)Lib\Dclsmp.dcp
$(Delphi)Lib\dclsoap.dcp
$(Delphi)Lib\dclstd.dcp
$(Delphi)Lib\dcltee.dcp
$(Delphi)Lib\dcltqr.dcp
$(Delphi)Lib\dclwbm.dcp
$(Delphi)Lib\dclwebsnap.dcp
$(Delphi)Lib\designdgm.dcp
$(Delphi)Lib\designide.dcp
$(Delphi)Lib\dsnap.dcp
$(Delphi)Lib\dsnapcon.dcp
$(Delphi)Lib\dsnapent.dcp
$(Delphi)Lib\dss.dcp
$(Delphi)Lib\Ibevnt.dcp
$(Delphi)Lib\ibxpress.dcp
$(Delphi)Lib\indy.dcp
$(Delphi)Lib\inet.dcp
$(Delphi)Lib\inetdb.dcp
$(Delphi)Lib\inetdbbde.dcp
$(Delphi)Lib\inetdbxpress.dcp
$(Delphi)Lib\IntrawebDB_50_70.dcp
$(Delphi)Lib\Intraweb_50_70.dcp
$(Delphi)Lib\qrpt.dcp
$(Delphi)Lib\rtl.dcp
$(Delphi)Lib\soaprtl.dcp
$(Delphi)Lib\tee.dcp
$(Delphi)Lib\teedb.dcp
$(Delphi)Lib\teeqr.dcp
$(Delphi)Lib\teeui.dcp
$(Delphi)Lib\vcl.dcp
$(Delphi)Lib\vclactnband.dcp
$(Delphi)Lib\vcldb.dcp
$(Delphi)Lib\vcldbx.dcp
$(Delphi)Lib\vcldesigner.dcp
$(Delphi)Lib\vclhie.dcp
$(Delphi)Lib\vclie.dcp
$(Delphi)Lib\vcljpg.dcp
$(Delphi)Lib\vclshlctrls.dcp
$(Delphi)Lib\VclSmp.dcp
$(Delphi)Lib\vclx.dcp
$(Delphi)Lib\visualclx.dcp
$(Delphi)Lib\visualdbclx.dcp
$(Delphi)Lib\webdsnap.dcp
$(Delphi)Lib\websnap.dcp
$(Delphi)Lib\xmlrtl.dcp
$(Delphi)Projects\Bpl\CPIExpertPackageD70.dcp
$(Delphi)Projects\Bpl\D70CPIExpertPackage.dcp
$(Delphi)Projects\Bpl\dclusr.dcp
$(Delphi)Projects\Bpl\POIExpertPackageD70.dcp
$(Delphi)Projects\Bpl\RaizePaletteMenu100.dcp
$(Delphi)Rave5\Lib\dclRave.dcp
$(Delphi)Rave5\Lib\Rave50CLX.dcp
$(Delphi)Rave5\Lib\Rave50VCL.dcp
$(Delphi)Rave5\Lib\RvBarcode.dcp
$(Delphi)Rave5\Lib\RvCompiler.dcp
$(Delphi)Rave5\Lib\RvCore.dcp
$(Delphi)Rave5\Lib\RvDesign.dcp
$(Delphi)Rave5\Lib\RvEngine.dcp
$(Delphi)Rave5\Lib\RvGraphics.dcp
$(Delphi)Rave5\Lib\RvReport.dcp
$(Delphi)Rave5\Lib\RvStandard.dcp
$(Delphi)users\lib\ComponentInspectorExpertPackage.dcp
$(Delphi)users\lib\DelSight70.dcp
$(Delphi)users\lib\lmd70se_d7.dcp
