$(Delphi)Demos\CustomDraw\CustomDrawTreeView.dcu
$(Delphi)Imports\Access2000.dcu
$(Delphi)Imports\Access97.dcu
$(Delphi)Imports\AccessXP.dcu
$(Delphi)Imports\AColorPickerAX_TLB.dcu
$(Delphi)Imports\ADODB2000.dcu
$(Delphi)Imports\ADODBXP.dcu
$(Delphi)Imports\Binder2000.dcu
$(Delphi)Imports\Binder97.dcu
$(Delphi)Imports\Chartfx3.dcu
$(Delphi)Imports\DAO2000.dcu
$(Delphi)Imports\dao97.dcu
$(Delphi)Imports\DAOXP.dcu
$(Delphi)Imports\Excel2000.dcu
$(Delphi)Imports\Excel97.dcu
$(Delphi)Imports\ExcelXP.dcu
$(Delphi)Imports\MSComctlLibXP.dcu
$(Delphi)Imports\MSDATASRCXP.dcu
$(Delphi)Imports\MSForms2000.dcu
$(Delphi)Imports\MSForms97.dcu
$(Delphi)Imports\msppt2000.dcu
$(Delphi)Imports\MSPPT8.dcu
$(Delphi)Imports\Office2000.dcu
$(Delphi)Imports\office97.dcu
$(Delphi)Imports\OfficeXP.dcu
$(Delphi)Imports\Outlook2000.dcu
$(Delphi)Imports\outlook8.dcu
$(Delphi)Imports\OutlookXP.dcu
$(Delphi)Imports\OWC10XP.dcu
$(Delphi)Imports\PowerPointXP.dcu
$(Delphi)Imports\VBIDE2000.dcu
$(Delphi)Imports\vbide97.dcu
$(Delphi)Imports\VBIDEXP.dcu
$(Delphi)Imports\VCF1.dcu
$(Delphi)Imports\vcfi.dcu
$(Delphi)Imports\VCSpell3.dcu
$(Delphi)Imports\Word2000.dcu
$(Delphi)Imports\Word97.dcu
$(Delphi)Imports\WordXP.dcu
$(Delphi)Lib\AccCtrl.dcu
$(Delphi)Lib\AclAPI.dcu
$(Delphi)Lib\ActivDbgLib.dcu
$(Delphi)Lib\ActiveScriptCat.dcu
$(Delphi)Lib\ActiveX.dcu
$(Delphi)Lib\ActnColorMaps.dcu
$(Delphi)Lib\ActnCtrls.dcu
$(Delphi)Lib\ActnList.dcu
$(Delphi)Lib\ActnMan.dcu
$(Delphi)Lib\ActnMenus.dcu
$(Delphi)Lib\ActnPopup.dcu
$(Delphi)Lib\ActnRes.dcu
$(Delphi)Lib\AdaptReq.dcu
$(Delphi)Lib\AdoConEd.dcu
$(Delphi)Lib\ADOConst.dcu
$(Delphi)Lib\ADODB.dcu
$(Delphi)Lib\ADOInt.dcu
$(Delphi)Lib\ApacheApp.dcu
$(Delphi)Lib\ApacheHTTP.dcu
$(Delphi)Lib\ApacheTwoApp.dcu
$(Delphi)Lib\ApacheTwoHTTP.dcu
$(Delphi)Lib\AppEvnts.dcu
$(Delphi)Lib\ArrowCha.dcu
$(Delphi)Lib\Arrowedi.dcu
$(Delphi)Lib\AscrLib.dcu
$(Delphi)Lib\AspTlb.dcu
$(Delphi)Lib\AutoAdap.dcu
$(Delphi)Lib\AutoAdapAS.dcu
$(Delphi)Lib\AutoDisp.dcu
$(Delphi)Lib\AxCtrls.dcu
$(Delphi)Lib\AxisIncr.dcu
$(Delphi)Lib\Axmaxmin.dcu
$(Delphi)Lib\BandActn.dcu
$(Delphi)Lib\BDE.dcu
$(Delphi)Lib\bdeconst.dcu
$(Delphi)Lib\bdemts.dcu
$(Delphi)Lib\BindHelp.dcu
$(Delphi)Lib\BrkrConst.dcu
$(Delphi)Lib\BrushDlg.dcu
$(Delphi)Lib\BubbleCh.dcu
$(Delphi)Lib\BubbleDi.dcu
$(Delphi)Lib\Buttons.dcu
$(Delphi)Lib\Calendar.dcu
$(Delphi)Lib\CGIApp.dcu
$(Delphi)Lib\CGIHTTP.dcu
$(Delphi)Lib\Chart.dcu
$(Delphi)Lib\CheckLst.dcu
$(Delphi)Lib\Classes.dcu
$(Delphi)Lib\Clipbrd.dcu
$(Delphi)Lib\CmAdmCtl.dcu
$(Delphi)Lib\ColorGrd.dcu
$(Delphi)Lib\COMAdmin.dcu
$(Delphi)Lib\ComApp.dcu
$(Delphi)Lib\ComConst.dcu
$(Delphi)Lib\ComCtrls.dcu
$(Delphi)Lib\CommCtrl.dcu
$(Delphi)Lib\CommDlg.dcu
$(Delphi)Lib\ComObj.dcu
$(Delphi)Lib\CompProd.dcu
$(Delphi)Lib\ComServ.dcu
$(Delphi)Lib\ComStrs.dcu
$(Delphi)Lib\ComSvcs.dcu
$(Delphi)Lib\Consts.dcu
$(Delphi)Lib\Contnrs.dcu
$(Delphi)Lib\Controls.dcu
$(Delphi)Lib\ConvUtils.dcu
$(Delphi)Lib\CopyPrsr.dcu
$(Delphi)Lib\CorbaVCL.dcu
$(Delphi)Lib\CorbCnst.dcu
$(Delphi)Lib\Cpl.dcu
$(Delphi)Lib\crtl.dcu
$(Delphi)Lib\CtlConsts.dcu
$(Delphi)Lib\CtlPanel.dcu
$(Delphi)Lib\CustomizeDlg.dcu
$(Delphi)Lib\DataBkr.dcu
$(Delphi)Lib\DateUtils.dcu
$(Delphi)Lib\DB.dcu
$(Delphi)Lib\DBActns.dcu
$(Delphi)Lib\DBAdapt.dcu
$(Delphi)Lib\DBAdaptImg.dcu
$(Delphi)Lib\DBBdeWeb.dcu
$(Delphi)Lib\dbcgrids.dcu
$(Delphi)Lib\DbChart.dcu
$(Delphi)Lib\DBClient.dcu
$(Delphi)Lib\DBClientActnRes.dcu
$(Delphi)Lib\DBClientActns.dcu
$(Delphi)Lib\DBCommon.dcu
$(Delphi)Lib\DBConnAdmin.dcu
$(Delphi)Lib\DBConsts.dcu
$(Delphi)Lib\DBCtrls.dcu
$(Delphi)Lib\DbEditCh.dcu
$(Delphi)Lib\DbExcept.dcu
$(Delphi)Lib\DBExpDB2.dcu
$(Delphi)Lib\DBExpINT.dcu
$(Delphi)Lib\DBExpMYS.dcu
$(Delphi)Lib\DBExpMySQL.dcu
$(Delphi)Lib\DBExpORA.dcu
$(Delphi)Lib\DBGrids.dcu
$(Delphi)Lib\DbgSiteAS.dcu
$(Delphi)Lib\dbinpreq.dcu
$(Delphi)Lib\DBLocal.dcu
$(Delphi)Lib\DBLocalI.dcu
$(Delphi)Lib\DBLogDlg.dcu
$(Delphi)Lib\dblookup.dcu
$(Delphi)Lib\DBOleCtl.dcu
$(Delphi)Lib\DBPWDlg.dcu
$(Delphi)Lib\DBTables.dcu
$(Delphi)Lib\DBWeb.dcu
$(Delphi)Lib\DBXpress.dcu
$(Delphi)Lib\DBXpressWeb.dcu
$(Delphi)Lib\dclindy.dcu
$(Delphi)Lib\dclIntraweb_50_70.dcu
$(Delphi)Lib\dclusr.dcu
$(Delphi)Lib\DdeMan.dcu
$(Delphi)Lib\DDEml.dcu
$(Delphi)Lib\DesignerDbgSite.dcu
$(Delphi)Lib\Dialogs.dcu
$(Delphi)Lib\DirOutln.dcu
$(Delphi)Lib\Dlgs.dcu
$(Delphi)Lib\DRIntf.dcu
$(Delphi)Lib\DrTable.dcu
$(Delphi)Lib\DsgnCntxt.dcu
$(Delphi)Lib\DSIntf.dcu
$(Delphi)Lib\DsnDBCst.dcu
$(Delphi)Lib\DSProd.dcu
$(Delphi)Lib\DTDSchema.dcu
$(Delphi)Lib\EditChar.dcu
$(Delphi)Lib\EncdDecd.dcu
$(Delphi)Lib\ExtActns.dcu
$(Delphi)Lib\ExtCtrls.dcu
$(Delphi)Lib\ExtDlgs.dcu
$(Delphi)Lib\FileCtrl.dcu
$(Delphi)Lib\FlatSB.dcu
$(Delphi)Lib\FLineEdi.dcu
$(Delphi)Lib\FMTBcd.dcu
$(Delphi)Lib\Forms.dcu
$(Delphi)Lib\GanttCh.dcu
$(Delphi)Lib\GanttEdi.dcu
$(Delphi)Lib\Gauges.dcu
$(Delphi)Lib\Graphics.dcu
$(Delphi)Lib\GraphUtil.dcu
$(Delphi)Lib\Grids.dcu
$(Delphi)Lib\HelpIntfs.dcu
$(Delphi)Lib\HTTPApp.dcu
$(Delphi)Lib\HTTPD.dcu
$(Delphi)Lib\HTTPD2.dcu
$(Delphi)Lib\HTTPIntr.dcu
$(Delphi)Lib\HTTPParse.dcu
$(Delphi)Lib\HTTPProd.dcu
$(Delphi)Lib\HTTPSOAPToPasBind.dcu
$(Delphi)Lib\HTTPUtil.dcu
$(Delphi)Lib\IB.dcu
$(Delphi)Lib\IBBatchMove.dcu
$(Delphi)Lib\IBBlob.dcu
$(Delphi)Lib\IBConst.dcu
$(Delphi)Lib\IBCtrls.dcu
$(Delphi)Lib\IBCustomDataSet.dcu
$(Delphi)Lib\IBDatabase.dcu
$(Delphi)Lib\IBDatabaseInfo.dcu
$(Delphi)Lib\IBDCLConst.dcu
$(Delphi)Lib\IBErrorCodes.dcu
$(Delphi)Lib\IBEvents.dcu
$(Delphi)Lib\IBEvnts.dcu
$(Delphi)Lib\IBExternals.dcu
$(Delphi)Lib\IBExtract.dcu
$(Delphi)Lib\IBGeneratorEditor.dcu
$(Delphi)Lib\IBHeader.dcu
$(Delphi)Lib\IBInstall.dcu
$(Delphi)Lib\IBInstallHeader.dcu
$(Delphi)Lib\IBIntf.dcu
$(Delphi)Lib\IBProc32.dcu
$(Delphi)Lib\IBQuery.dcu
$(Delphi)Lib\IBRestoreEditor.dcu
$(Delphi)Lib\IBSecurityEditor.dcu
$(Delphi)Lib\IBServiceEditor.dcu
$(Delphi)Lib\IBServices.dcu
$(Delphi)Lib\IBSQL.dcu
$(Delphi)Lib\IBSQLMonitor.dcu
$(Delphi)Lib\IBStoredProc.dcu
$(Delphi)Lib\IBTable.dcu
$(Delphi)Lib\IBUpdateSQL.dcu
$(Delphi)Lib\IBUtils.dcu
$(Delphi)Lib\IBXConst.dcu
$(Delphi)Lib\IdAbout.dcu
$(Delphi)Lib\IdAntiFreeze.dcu
$(Delphi)Lib\IdAntiFreezeBase.dcu
$(Delphi)Lib\IdASN1Util.dcu
$(Delphi)Lib\IdAssignedNumbers.dcu
$(Delphi)Lib\IdAuthentication.dcu
$(Delphi)Lib\IdAuthenticationDigest.dcu
$(Delphi)Lib\IdAuthenticationManager.dcu
$(Delphi)Lib\IdAuthenticationNTLM.dcu
$(Delphi)Lib\IdAuthenticationSSPI.dcu
$(Delphi)Lib\IdBaseComponent.dcu
$(Delphi)Lib\IdBlockCipherIntercept.dcu
$(Delphi)Lib\IdChargenServer.dcu
$(Delphi)Lib\IdChargenUDPServer.dcu
$(Delphi)Lib\IdCoder.dcu
$(Delphi)Lib\IdCoder3To4.dcu
$(Delphi)Lib\IdCoderHeader.dcu
$(Delphi)Lib\IdCoderMIME.dcu
$(Delphi)Lib\IdCoderQuotedPrintable.dcu
$(Delphi)Lib\IdCoderUUE.dcu
$(Delphi)Lib\IdCoderXXE.dcu
$(Delphi)Lib\IdComponent.dcu
$(Delphi)Lib\IdCompressionIntercept.dcu
$(Delphi)Lib\IdContainers.dcu
$(Delphi)Lib\IdCookie.dcu
$(Delphi)Lib\IdCookieManager.dcu
$(Delphi)Lib\IdCustomHTTPServer.dcu
$(Delphi)Lib\IdDateTimeStamp.dcu
$(Delphi)Lib\IdDayTime.dcu
$(Delphi)Lib\IdDayTimeServer.dcu
$(Delphi)Lib\IdDayTimeUDP.dcu
$(Delphi)Lib\IdDayTimeUDPServer.dcu
$(Delphi)Lib\IdDICTServer.dcu
$(Delphi)Lib\IdDiscardServer.dcu
$(Delphi)Lib\IdDiscardUDPServer.dcu
$(Delphi)Lib\IdDNSResolver.dcu
$(Delphi)Lib\IdDsnBaseCmpEdt.dcu
$(Delphi)Lib\IdDsnPropEdBinding.dcu
$(Delphi)Lib\IdDsnRegister.dcu
$(Delphi)Lib\IdDummyUnit.dcu
$(Delphi)Lib\IdEcho.dcu
$(Delphi)Lib\IdEchoServer.dcu
$(Delphi)Lib\IdEchoUDP.dcu
$(Delphi)Lib\IdEchoUDPServer.dcu
$(Delphi)Lib\IdEMailAddress.dcu
$(Delphi)Lib\IdException.dcu
$(Delphi)Lib\IdFinger.dcu
$(Delphi)Lib\IdFingerServer.dcu
$(Delphi)Lib\IdFTP.dcu
$(Delphi)Lib\IdFTPCommon.dcu
$(Delphi)Lib\IdFTPList.dcu
$(Delphi)Lib\IdFTPServer.dcu
$(Delphi)Lib\IdGlobal.dcu
$(Delphi)Lib\IdGopher.dcu
$(Delphi)Lib\IdGopherConsts.dcu
$(Delphi)Lib\IdGopherServer.dcu
$(Delphi)Lib\IdHash.dcu
$(Delphi)Lib\IdHashCRC.dcu
$(Delphi)Lib\IdHashElf.dcu
$(Delphi)Lib\IdHashMessageDigest.dcu
$(Delphi)Lib\IdHeaderList.dcu
$(Delphi)Lib\IdHL7.dcu
$(Delphi)Lib\IdHostnameServer.dcu
$(Delphi)Lib\IdHTTP.dcu
$(Delphi)Lib\IdHTTPHeaderInfo.dcu
$(Delphi)Lib\IdHTTPServer.dcu
$(Delphi)Lib\IdIcmpClient.dcu
$(Delphi)Lib\IdIdent.dcu
$(Delphi)Lib\IdIdentServer.dcu
$(Delphi)Lib\IdIMAP4.dcu
$(Delphi)Lib\IdIMAP4Server.dcu
$(Delphi)Lib\IdIntercept.dcu
$(Delphi)Lib\IdIOHandler.dcu
$(Delphi)Lib\IdIOHandlerSocket.dcu
$(Delphi)Lib\IdIOHandlerStream.dcu
$(Delphi)Lib\IdIOHandlerThrottle.dcu
$(Delphi)Lib\IdIPMCastBase.dcu
$(Delphi)Lib\IdIPMCastClient.dcu
$(Delphi)Lib\IdIPMCastServer.dcu
$(Delphi)Lib\IdIPWatch.dcu
$(Delphi)Lib\IdIRC.dcu
$(Delphi)Lib\IdIrcServer.dcu
$(Delphi)Lib\IdLogBase.dcu
$(Delphi)Lib\IdLogDebug.dcu
$(Delphi)Lib\IdLogEvent.dcu
$(Delphi)Lib\IdLogFile.dcu
$(Delphi)Lib\IdLogStream.dcu
$(Delphi)Lib\IdLPR.dcu
$(Delphi)Lib\IdMailBox.dcu
$(Delphi)Lib\IdMappedFTP.dcu
$(Delphi)Lib\IdMappedPortTCP.dcu
$(Delphi)Lib\IdMappedPortUDP.dcu
$(Delphi)Lib\IdMessage.dcu
$(Delphi)Lib\IdMessageClient.dcu
$(Delphi)Lib\IdMessageCoder.dcu
$(Delphi)Lib\IdMessageCoderMIME.dcu
$(Delphi)Lib\IdMessageCoderUUE.dcu
$(Delphi)Lib\IdMessageCoderXXE.dcu
$(Delphi)Lib\IdMessageCollection.dcu
$(Delphi)Lib\IdMIMETypes.dcu
$(Delphi)Lib\IdMultipartFormData.dcu
$(Delphi)Lib\IdNetworkCalculator.dcu
$(Delphi)Lib\IdNNTP.dcu
$(Delphi)Lib\IdNNTPServer.dcu
$(Delphi)Lib\IdNTLM.dcu
$(Delphi)Lib\IdPOP3.dcu
$(Delphi)Lib\IdPOP3Server.dcu
$(Delphi)Lib\IdQotd.dcu
$(Delphi)Lib\IdQotdServer.dcu
$(Delphi)Lib\IdQOTDUDP.dcu
$(Delphi)Lib\IdQOTDUDPServer.dcu
$(Delphi)Lib\IdRawBase.dcu
$(Delphi)Lib\IdRawClient.dcu
$(Delphi)Lib\IdRawFunctions.dcu
$(Delphi)Lib\IdRawHeaders.dcu
$(Delphi)Lib\IdRegister.dcu
$(Delphi)Lib\IdRemoteCMDClient.dcu
$(Delphi)Lib\IdRemoteCMDServer.dcu
$(Delphi)Lib\IdResourceStrings.dcu
$(Delphi)Lib\IdRexec.dcu
$(Delphi)Lib\IdRexecServer.dcu
$(Delphi)Lib\IdRFCReply.dcu
$(Delphi)Lib\IdRSH.dcu
$(Delphi)Lib\IdRSHServer.dcu
$(Delphi)Lib\IdServerIOHandler.dcu
$(Delphi)Lib\IdServerIOHandlerSocket.dcu
$(Delphi)Lib\IdSimpleServer.dcu
$(Delphi)Lib\IdSMTP.dcu
$(Delphi)Lib\IdSMTPServer.dcu
$(Delphi)Lib\IdSNMP.dcu
$(Delphi)Lib\IdSNPP.dcu
$(Delphi)Lib\IdSNTP.dcu
$(Delphi)Lib\IdSocketHandle.dcu
$(Delphi)Lib\IdSocks.dcu
$(Delphi)Lib\IdSSLOpenSSL.dcu
$(Delphi)Lib\IdSSLOpenSSLHeaders.dcu
$(Delphi)Lib\IdSSPI.dcu
$(Delphi)Lib\IdStack.dcu
$(Delphi)Lib\IdStackConsts.dcu
$(Delphi)Lib\IdStackWindows.dcu
$(Delphi)Lib\IdStream.dcu
$(Delphi)Lib\IdStrings.dcu
$(Delphi)Lib\IdSync.dcu
$(Delphi)Lib\IdSysLog.dcu
$(Delphi)Lib\IdSysLogMessage.dcu
$(Delphi)Lib\IdSysLogServer.dcu
$(Delphi)Lib\IdTCPClient.dcu
$(Delphi)Lib\IdTCPConnection.dcu
$(Delphi)Lib\IdTCPServer.dcu
$(Delphi)Lib\IdTCPStream.dcu
$(Delphi)Lib\IdTelnet.dcu
$(Delphi)Lib\IdTelnetServer.dcu
$(Delphi)Lib\IdThread.dcu
$(Delphi)Lib\IdThreadComponent.dcu
$(Delphi)Lib\IdThreadMgr.dcu
$(Delphi)Lib\IdThreadMgrDefault.dcu
$(Delphi)Lib\IdThreadMgrPool.dcu
$(Delphi)Lib\IdThreadSafe.dcu
$(Delphi)Lib\IdTime.dcu
$(Delphi)Lib\IdTimeServer.dcu
$(Delphi)Lib\IdTimeUDP.dcu
$(Delphi)Lib\IdTimeUDPServer.dcu
$(Delphi)Lib\IdTrivialFTP.dcu
$(Delphi)Lib\IdTrivialFTPBase.dcu
$(Delphi)Lib\IdTrivialFTPServer.dcu
$(Delphi)Lib\IdTunnelCommon.dcu
$(Delphi)Lib\IdTunnelMaster.dcu
$(Delphi)Lib\IdTunnelSlave.dcu
$(Delphi)Lib\IdUDPBase.dcu
$(Delphi)Lib\IdUDPClient.dcu
$(Delphi)Lib\IdUDPServer.dcu
$(Delphi)Lib\IdURI.dcu
$(Delphi)Lib\IdUserAccounts.dcu
$(Delphi)Lib\IdVCard.dcu
$(Delphi)Lib\IdWhois.dcu
$(Delphi)Lib\IdWhoIsServer.dcu
$(Delphi)Lib\IdWinSock2.dcu
$(Delphi)Lib\ImageHlp.dcu
$(Delphi)Lib\ImgList.dcu
$(Delphi)Lib\Imm.dcu
$(Delphi)Lib\InAntiFreezeBase.dcu
$(Delphi)Lib\InAssignedNumbers.dcu
$(Delphi)Lib\InAuthentication.dcu
$(Delphi)Lib\InBaseComponent.dcu
$(Delphi)Lib\InCoder.dcu
$(Delphi)Lib\InCoder3to4.dcu
$(Delphi)Lib\InCoderMIME.dcu
$(Delphi)Lib\InComponent.dcu
$(Delphi)Lib\InCookie.dcu
$(Delphi)Lib\InCustomHTTPServer.dcu
$(Delphi)Lib\indy.dcu
$(Delphi)Lib\IndySockTransport.dcu
$(Delphi)Lib\InException.dcu
$(Delphi)Lib\InGlobal.dcu
$(Delphi)Lib\InHeaderList.dcu
$(Delphi)Lib\InHTTPHeaderInfo.dcu
$(Delphi)Lib\InHTTPWebBrokerBridge.dcu
$(Delphi)Lib\IniFiles.dcu
$(Delphi)Lib\InIntercept.dcu
$(Delphi)Lib\InIOHandler.dcu
$(Delphi)Lib\InIOHandlerSocket.dcu
$(Delphi)Lib\inquire_v1.dcu
$(Delphi)Lib\InResourceStrings.dcu
$(Delphi)Lib\InRFCReply.dcu
$(Delphi)Lib\InServerIOHandler.dcu
$(Delphi)Lib\InServerIOHandlerSocket.dcu
$(Delphi)Lib\InSocketHandle.dcu
$(Delphi)Lib\InSocks.dcu
$(Delphi)Lib\InSSLOpenSSL.dcu
$(Delphi)Lib\InSSLOpenSSLHeaders.dcu
$(Delphi)Lib\InStack.dcu
$(Delphi)Lib\InStackConsts.dcu
$(Delphi)Lib\InStackWindows.dcu
$(Delphi)Lib\InStream.dcu
$(Delphi)Lib\InStrings.dcu
$(Delphi)Lib\InSync.dcu
$(Delphi)Lib\InTCPConnection.dcu
$(Delphi)Lib\InTCPServer.dcu
$(Delphi)Lib\InTCPStream.dcu
$(Delphi)Lib\IntfInfo.dcu
$(Delphi)Lib\InThread.dcu
$(Delphi)Lib\InThreadMgr.dcu
$(Delphi)Lib\InThreadMgrDefault.dcu
$(Delphi)Lib\InThreadSafe.dcu
$(Delphi)Lib\IntrawebDB_50_70.dcu
$(Delphi)Lib\Intraweb_50_70.dcu
$(Delphi)Lib\InURI.dcu
$(Delphi)Lib\InvConst.dcu
$(Delphi)Lib\Invoker.dcu
$(Delphi)Lib\InvokeRegistry.dcu
$(Delphi)Lib\InvRules.dcu
$(Delphi)Lib\InWinSock2.dcu
$(Delphi)Lib\Isapi.dcu
$(Delphi)Lib\Isapi2.dcu
$(Delphi)Lib\ISAPIApp.dcu
$(Delphi)Lib\IsapiHTTP.dcu
$(Delphi)Lib\ISAPIThreadPool.dcu
$(Delphi)Lib\Isp3.dcu
$(Delphi)Lib\IWAppForm.dcu
$(Delphi)Lib\IWApplication.dcu
$(Delphi)Lib\IWClientSideDataset.dcu
$(Delphi)Lib\IWClientSideDatasetBase.dcu
$(Delphi)Lib\IWClientSideDatasetDBLink.dcu
$(Delphi)Lib\IWCompButton.dcu
$(Delphi)Lib\IWCompCheckbox.dcu
$(Delphi)Lib\IWCompDynamicChart.dcu
$(Delphi)Lib\IWCompDynamicChartLegend.dcu
$(Delphi)Lib\IWCompEdit.dcu
$(Delphi)Lib\IWCompFlash.dcu
$(Delphi)Lib\IWCompLabel.dcu
$(Delphi)Lib\IWCompListbox.dcu
$(Delphi)Lib\IWCompMemo.dcu
$(Delphi)Lib\IWCompMenu.dcu
$(Delphi)Lib\IWCompRectangle.dcu
$(Delphi)Lib\IWCompText.dcu
$(Delphi)Lib\IWContainer.dcu
$(Delphi)Lib\IWControl.dcu
$(Delphi)Lib\IWControlInterface.dcu
$(Delphi)Lib\IWCSStdCtrls.dcu
$(Delphi)Lib\IWDBExtCtrls.dcu
$(Delphi)Lib\IWDBGrids.dcu
$(Delphi)Lib\IWDBStdCtrls.dcu
$(Delphi)Lib\IWDsnFormPreview.dcu
$(Delphi)Lib\IWDsnHTMLMgr.dcu
$(Delphi)Lib\IWDsnLayoutMgrHTML.dcu
$(Delphi)Lib\IWDsnPaint.dcu
$(Delphi)Lib\IWDsnPaintHandlers.dcu
$(Delphi)Lib\IWDsnScriptEvents.dcu
$(Delphi)Lib\IWDsnTreeView.dcu
$(Delphi)Lib\IWDynGrid.dcu
$(Delphi)Lib\IWExtCtrls.dcu
$(Delphi)Lib\IWFileParser.dcu
$(Delphi)Lib\IWFileReference.dcu
$(Delphi)Lib\IWFont.dcu
$(Delphi)Lib\IWForm.dcu
$(Delphi)Lib\IWFormDsn.dcu
$(Delphi)Lib\IWGlobal.dcu
$(Delphi)Lib\IWGrids.dcu
$(Delphi)Lib\IWHTMLControls.dcu
$(Delphi)Lib\IWHTMLTag.dcu
$(Delphi)Lib\IWHTTPServer.dcu
$(Delphi)Lib\IWInit.dcu
$(Delphi)Lib\IWInitApache.dcu
$(Delphi)Lib\IWInitApacheTwo.dcu
$(Delphi)Lib\IWInitISAPI.dcu
$(Delphi)Lib\IWInitStandAlone.dcu
$(Delphi)Lib\IWISAPIServer.dcu
$(Delphi)Lib\IWLayoutMgr.dcu
$(Delphi)Lib\IWLayoutMgrForm.dcu
$(Delphi)Lib\IWLayoutMgrHTML.dcu
$(Delphi)Lib\IWLayoutMgrHTMLInterface.dcu
$(Delphi)Lib\IWLicenseKey.dcu
$(Delphi)Lib\iwmain.dcu
$(Delphi)Lib\IWModuleController.dcu
$(Delphi)Lib\IWPageForm.dcu
$(Delphi)Lib\IWProducer.dcu
$(Delphi)Lib\IWRegion.dcu
$(Delphi)Lib\IWResourceStrings.dcu
$(Delphi)Lib\IWScriptEvents.dcu
$(Delphi)Lib\IWServer.dcu
$(Delphi)Lib\IWServerControllerBase.dcu
$(Delphi)Lib\IWStandAloneServer.dcu
$(Delphi)Lib\IWTemplateProcessorHTML.dcu
$(Delphi)Lib\IWTreeview.dcu
$(Delphi)Lib\IWTypes.dcu
$(Delphi)Lib\JConsts.dcu
$(Delphi)Lib\jpeg.dcu
$(Delphi)Lib\ListActns.dcu
$(Delphi)Lib\LZExpand.dcu
$(Delphi)Lib\Mapi.dcu
$(Delphi)Lib\Mask.dcu
$(Delphi)Lib\Masks.dcu
$(Delphi)Lib\MaskUtils.dcu
$(Delphi)Lib\Math.dcu
$(Delphi)Lib\MConnect.dcu
$(Delphi)Lib\Menus.dcu
$(Delphi)Lib\Messages.dcu
$(Delphi)Lib\Midas.dcu
$(Delphi)Lib\MidasCon.dcu
$(Delphi)Lib\MidasLib.dcu
$(Delphi)Lib\MidComp.dcu
$(Delphi)Lib\MidConst.dcu
$(Delphi)Lib\MidItems.dcu
$(Delphi)Lib\MidProd.dcu
$(Delphi)Lib\MMSystem.dcu
$(Delphi)Lib\MPlayer.dcu
$(Delphi)Lib\MSHTML.dcu
$(Delphi)Lib\msxml.dcu
$(Delphi)Lib\msxmldom.dcu
$(Delphi)Lib\Mtsobj.dcu
$(Delphi)Lib\MtsRdm.dcu
$(Delphi)Lib\Mtx.dcu
$(Delphi)Lib\MultiMon.dcu
$(Delphi)Lib\Mxarrays.dcu
$(Delphi)Lib\MXBUTTON.dcu
$(Delphi)Lib\MXCOMMON.dcu
$(Delphi)Lib\Mxconsts.dcu
$(Delphi)Lib\MXDB.dcu
$(Delphi)Lib\MXDCUBE.dcu
$(Delphi)Lib\MXDSQL.dcu
$(Delphi)Lib\MXGRAPH.dcu
$(Delphi)Lib\MXGRID.dcu
$(Delphi)Lib\MXPBAR.dcu
$(Delphi)Lib\MXPIVSRC.dcu
$(Delphi)Lib\MXQEDCOM.dcu
$(Delphi)Lib\MXQPARSE.dcu
$(Delphi)Lib\Mxstore.dcu
$(Delphi)Lib\MXTABLES.dcu
$(Delphi)Lib\Nb30.dcu
$(Delphi)Lib\Ns30Fix.dcu
$(Delphi)Lib\Ns35Fix.dcu
$(Delphi)Lib\Ns36Fix.dcu
$(Delphi)Lib\Nsapi.dcu
$(Delphi)Lib\ObjAuto.dcu
$(Delphi)Lib\ObjBrkr.dcu
$(Delphi)Lib\ObjComAuto.dcu
$(Delphi)Lib\OleAuto.dcu
$(Delphi)Lib\OleConst.dcu
$(Delphi)Lib\OleCtnrs.dcu
$(Delphi)Lib\OleCtrls.dcu
$(Delphi)Lib\OleDB.dcu
$(Delphi)Lib\OleDlg.dcu
$(Delphi)Lib\OleServer.dcu
$(Delphi)Lib\OPConvert.dcu
$(Delphi)Lib\OpenGL.dcu
$(Delphi)Lib\OPToSoapDomConv.dcu
$(Delphi)Lib\OPToSoapDomCustom.dcu
$(Delphi)Lib\Outline.dcu
$(Delphi)Lib\oxmldom.dcu
$(Delphi)Lib\PagItems.dcu
$(Delphi)Lib\PenDlg.dcu
$(Delphi)Lib\PenWin.dcu
$(Delphi)Lib\Printers.dcu
$(Delphi)Lib\Provider.dcu
$(Delphi)Lib\PsAPI.dcu
$(Delphi)Lib\Psock.dcu
$(Delphi)Lib\QActnList.dcu
$(Delphi)Lib\QButtons.dcu
$(Delphi)Lib\QCheckLst.dcu
$(Delphi)Lib\QClipbrd.dcu
$(Delphi)Lib\QComCtrls.dcu
$(Delphi)Lib\QConsts.dcu
$(Delphi)Lib\QControls.dcu
$(Delphi)Lib\QDBActns.dcu
$(Delphi)Lib\QDBConsts.dcu
$(Delphi)Lib\QDBCtrls.dcu
$(Delphi)Lib\QDBGrids.dcu
$(Delphi)Lib\QDBLogDlg.dcu
$(Delphi)Lib\QDBPWDlg.dcu
$(Delphi)Lib\QDialogs.dcu
$(Delphi)Lib\QExtCtrls.dcu
$(Delphi)Lib\QFileCtrls.dcu
$(Delphi)Lib\QFileDialog.dcu
$(Delphi)Lib\QForms.dcu
$(Delphi)Lib\QGraphics.dcu
$(Delphi)Lib\QGrids.dcu
$(Delphi)Lib\QImgList.dcu
$(Delphi)Lib\QMask.dcu
$(Delphi)Lib\QMenus.dcu
$(Delphi)Lib\QPrinters.dcu
$(Delphi)Lib\QR3Const.dcu
$(Delphi)Lib\QRAbout.dcu
$(Delphi)Lib\QRCompEd.dcu
$(Delphi)Lib\QRCtrls.dcu
$(Delphi)Lib\QRDatasu.dcu
$(Delphi)Lib\QREnvEd.dcu
$(Delphi)Lib\QRExpBld.dcu
$(Delphi)Lib\QRExport.dcu
$(Delphi)Lib\QRExpr.dcu
$(Delphi)Lib\QRExprEd.dcu
$(Delphi)Lib\QRExtra.dcu
$(Delphi)Lib\QRLablEd.dcu
$(Delphi)Lib\QRPrev.dcu
$(Delphi)Lib\QRPrgres.dcu
$(Delphi)Lib\QRPrnSu.dcu
$(Delphi)Lib\QRPrntr.dcu
$(Delphi)Lib\QRTEE.dcu
$(Delphi)Lib\QSearch.dcu
$(Delphi)Lib\QStdActns.dcu
$(Delphi)Lib\QStdCtrls.dcu
$(Delphi)Lib\QStyle.dcu
$(Delphi)Lib\Qt.dcu
$(Delphi)Lib\QTypes.dcu
$(Delphi)Lib\QuickRpt.dcu
$(Delphi)Lib\recerror.dcu
$(Delphi)Lib\Registry.dcu
$(Delphi)Lib\RegStr.dcu
$(Delphi)Lib\ReqFiles.dcu
$(Delphi)Lib\ReqImpl.dcu
$(Delphi)Lib\ReqMulti.dcu
$(Delphi)Lib\RichEdit.dcu
$(Delphi)Lib\Rio.dcu
$(Delphi)Lib\RootEdit.dcu
$(Delphi)Lib\RTLConsts.dcu
$(Delphi)Lib\ScktCnst.dcu
$(Delphi)Lib\ScktComp.dcu
$(Delphi)Lib\ScktMain.dcu
$(Delphi)Lib\SConnect.dcu
$(Delphi)Lib\ScrptMgr.dcu
$(Delphi)Lib\Series.dcu
$(Delphi)Lib\ServerController.dcu
$(Delphi)Lib\SessColn.dcu
$(Delphi)Lib\ShadowWnd.dcu
$(Delphi)Lib\ShapeEdi.dcu
$(Delphi)Lib\ShareMem.dcu
$(Delphi)Lib\SHDocVw.dcu
$(Delphi)Lib\ShellAPI.dcu
$(Delphi)Lib\ShellConsts.dcu
$(Delphi)Lib\ShellCtrls.dcu
$(Delphi)Lib\SHFolder.dcu
$(Delphi)Lib\ShlObj.dcu
$(Delphi)Lib\SimpleDS.dcu
$(Delphi)Lib\SiteComp.dcu
$(Delphi)Lib\SiteConst.dcu
$(Delphi)Lib\SiteProd.dcu
$(Delphi)Lib\SMINTF.dcu
$(Delphi)Lib\SOAPAttach.dcu
$(Delphi)Lib\SOAPAttachIntf.dcu
$(Delphi)Lib\SoapConn.dcu
$(Delphi)Lib\SoapConst.dcu
$(Delphi)Lib\SoapDm.dcu
$(Delphi)Lib\SOAPDomConv.dcu
$(Delphi)Lib\SoapEnv.dcu
$(Delphi)Lib\SoapHTTPClient.dcu
$(Delphi)Lib\soaphttpdisp.dcu
$(Delphi)Lib\SOAPHTTPPasInv.dcu
$(Delphi)Lib\SoapHTTPTrans.dcu
$(Delphi)Lib\soaplinked.dcu
$(Delphi)Lib\SOAPMidas.dcu
$(Delphi)Lib\soappasinv.dcu
$(Delphi)Lib\SockApp.dcu
$(Delphi)Lib\SockAppNotify.dcu
$(Delphi)Lib\SockAppReg.dcu
$(Delphi)Lib\Sockets.dcu
$(Delphi)Lib\SockHTTP.dcu
$(Delphi)Lib\SockRequestInterpreter.dcu
$(Delphi)Lib\SockTransport.dcu
$(Delphi)Lib\Spin.dcu
$(Delphi)Lib\SqlConst.dcu
$(Delphi)Lib\SqlEdit.dcu
$(Delphi)Lib\SqlExpr.dcu
$(Delphi)Lib\SqlTimSt.dcu
$(Delphi)Lib\StdActnMenus.dcu
$(Delphi)Lib\StdActns.dcu
$(Delphi)Lib\StdConvs.dcu
$(Delphi)Lib\StdCtrls.dcu
$(Delphi)Lib\StdStyleActnCtrls.dcu
$(Delphi)Lib\StdVCL.dcu
$(Delphi)Lib\StrUtils.dcu
$(Delphi)Lib\SvcMgr.dcu
$(Delphi)Lib\SvrHTTPIndy.dcu
$(Delphi)Lib\SvrInfoConst.dcu
$(Delphi)Lib\SvrLogFrame.dcu
$(Delphi)Lib\SvrSockRequest.dcu
$(Delphi)Lib\SWService.dcu
$(Delphi)Lib\SWStrings.dcu
$(Delphi)Lib\SWSystem.dcu
$(Delphi)Lib\SyncObjs.dcu
$(Delphi)Lib\SysConst.dcu
$(Delphi)Lib\SysInit.dcu
$(Delphi)Lib\System.dcu
$(Delphi)Lib\SysUtils.dcu
$(Delphi)Lib\TabNotBk.dcu
$(Delphi)Lib\Tabs.dcu
$(Delphi)Lib\TConnect.dcu
$(Delphi)Lib\TeCanvas.dcu
$(Delphi)Lib\TeeAbout.dcu
$(Delphi)Lib\TeeConst.dcu
$(Delphi)Lib\TeeFunci.dcu
$(Delphi)Lib\TeeGally.dcu
$(Delphi)Lib\TeeLisB.dcu
$(Delphi)Lib\TeEngine.dcu
$(Delphi)Lib\TeePoEdi.dcu
$(Delphi)Lib\TeePrevi.dcu
$(Delphi)Lib\TeeProcs.dcu
$(Delphi)Lib\TeeShape.dcu
$(Delphi)Lib\TeExport.dcu
$(Delphi)Lib\Themes.dcu
$(Delphi)Lib\TlHelp32.dcu
$(Delphi)Lib\ToolWin.dcu
$(Delphi)Lib\Types.dcu
$(Delphi)Lib\TypeTrans.dcu
$(Delphi)Lib\TypInfo.dcu
$(Delphi)Lib\UDDIHelper.dcu
$(Delphi)Lib\UrlMon.dcu
$(Delphi)Lib\UxTheme.dcu
$(Delphi)Lib\ValEdit.dcu
$(Delphi)Lib\VarCmplx.dcu
$(Delphi)Lib\VarConv.dcu
$(Delphi)Lib\Variants.dcu
$(Delphi)Lib\VarUtils.dcu
$(Delphi)Lib\VCLCom.dcu
$(Delphi)Lib\vclshlctrls.dcu
$(Delphi)Lib\VDBConsts.dcu
$(Delphi)Lib\WbmConst.dcu
$(Delphi)Lib\WebAdapt.dcu
$(Delphi)Lib\WebAuto.dcu
$(Delphi)Lib\WebBroker.dcu
$(Delphi)Lib\WebBrokerSOAP.dcu
$(Delphi)Lib\WebCat.dcu
$(Delphi)Lib\WebCntxt.dcu
$(Delphi)Lib\WebComp.dcu
$(Delphi)Lib\WebConst.dcu
$(Delphi)Lib\WebContnrs.dcu
$(Delphi)Lib\WebDisp.dcu
$(Delphi)Lib\WebFact.dcu
$(Delphi)Lib\WebForm.dcu
$(Delphi)Lib\WebLib.dcu
$(Delphi)Lib\WebModu.dcu
$(Delphi)Lib\WebNode.dcu
$(Delphi)Lib\WebReq.dcu
$(Delphi)Lib\WebScript.dcu
$(Delphi)Lib\WebScriptAS.dcu
$(Delphi)Lib\WebScript_TLB.dcu
$(Delphi)Lib\WebServExp.dcu
$(Delphi)Lib\WebSess.dcu
$(Delphi)Lib\WebSnapObjs.dcu
$(Delphi)Lib\WebUsers.dcu
$(Delphi)Lib\Windows.dcu
$(Delphi)Lib\winerror.dcu
$(Delphi)Lib\WinHelpViewer.dcu
$(Delphi)Lib\WinInet.dcu
$(Delphi)Lib\WinSock.dcu
$(Delphi)Lib\WinSpool.dcu
$(Delphi)Lib\WinSvc.dcu
$(Delphi)Lib\WSDLBind.dcu
$(Delphi)Lib\WSDLIntf.dcu
$(Delphi)Lib\WSDLItems.dcu
$(Delphi)Lib\WSDLNode.dcu
$(Delphi)Lib\WSDLPub.dcu
$(Delphi)Lib\WSDLSoap.dcu
$(Delphi)Lib\WSILIntf.dcu
$(Delphi)Lib\xdom.dcu
$(Delphi)Lib\XDRSchema.dcu
$(Delphi)Lib\xercesxmldom.dcu
$(Delphi)Lib\XMLBindGen.dcu
$(Delphi)Lib\XMLBrokr.dcu
$(Delphi)Lib\XMLConst.dcu
$(Delphi)Lib\XMLDataToSchema.dcu
$(Delphi)Lib\XMLDoc.dcu
$(Delphi)Lib\xmldom.dcu
$(Delphi)Lib\XMLIntf.dcu
$(Delphi)Lib\XMLSchema.dcu
$(Delphi)Lib\XMLSchema99.dcu
$(Delphi)Lib\XMLSchemaTags.dcu
$(Delphi)Lib\xmlutil.dcu
$(Delphi)Lib\Xmlxform.dcu
$(Delphi)Lib\XPActnCtrls.dcu
$(Delphi)Lib\XPMan.dcu
$(Delphi)Lib\XPStyleActnCtrls.dcu
$(Delphi)Lib\XSBuiltIns.dcu
$(Delphi)Lib\XSLProd.dcu
$(Delphi)Lib\ZLib.dcu
$(Delphi)Lib\ZLibConst.dcu
$(Delphi)Lib\Debug\AccCtrl.dcu
$(Delphi)Lib\Debug\AclAPI.dcu
$(Delphi)Lib\Debug\ActivDbgLib.dcu
$(Delphi)Lib\Debug\ActiveScriptCat.dcu
$(Delphi)Lib\Debug\ActiveX.dcu
$(Delphi)Lib\Debug\ActnColorMaps.dcu
$(Delphi)Lib\Debug\ActnCtrls.dcu
$(Delphi)Lib\Debug\ActnList.dcu
$(Delphi)Lib\Debug\ActnMan.dcu
$(Delphi)Lib\Debug\ActnMenus.dcu
$(Delphi)Lib\Debug\ActnPopup.dcu
$(Delphi)Lib\Debug\ActnRes.dcu
$(Delphi)Lib\Debug\AdaptReq.dcu
$(Delphi)Lib\Debug\ADOConst.dcu
$(Delphi)Lib\Debug\ADODB.dcu
$(Delphi)Lib\Debug\ApacheApp.dcu
$(Delphi)Lib\Debug\ApacheHTTP.dcu
$(Delphi)Lib\Debug\ApacheTwoApp.dcu
$(Delphi)Lib\Debug\ApacheTwoHTTP.dcu
$(Delphi)Lib\Debug\AppEvnts.dcu
$(Delphi)Lib\Debug\AscrLib.dcu
$(Delphi)Lib\Debug\AspTlb.dcu
$(Delphi)Lib\Debug\AutoAdap.dcu
$(Delphi)Lib\Debug\AutoAdapAS.dcu
$(Delphi)Lib\Debug\AutoDisp.dcu
$(Delphi)Lib\Debug\AxCtrls.dcu
$(Delphi)Lib\Debug\BandActn.dcu
$(Delphi)Lib\Debug\BDE.dcu
$(Delphi)Lib\Debug\bdeconst.dcu
$(Delphi)Lib\Debug\bdemts.dcu
$(Delphi)Lib\Debug\BindHelp.dcu
$(Delphi)Lib\Debug\BrkrConst.dcu
$(Delphi)Lib\Debug\Buttons.dcu
$(Delphi)Lib\Debug\CGIApp.dcu
$(Delphi)Lib\Debug\CGIHTTP.dcu
$(Delphi)Lib\Debug\CheckLst.dcu
$(Delphi)Lib\Debug\Classes.dcu
$(Delphi)Lib\Debug\Clipbrd.dcu
$(Delphi)Lib\Debug\CmAdmCtl.dcu
$(Delphi)Lib\Debug\ColorGrd.dcu
$(Delphi)Lib\Debug\COMAdmin.dcu
$(Delphi)Lib\Debug\ComApp.dcu
$(Delphi)Lib\Debug\comcorba.dcu
$(Delphi)Lib\Debug\ComCtrls.dcu
$(Delphi)Lib\Debug\CommCtrl.dcu
$(Delphi)Lib\Debug\CommDlg.dcu
$(Delphi)Lib\Debug\ComObj.dcu
$(Delphi)Lib\Debug\CompProd.dcu
$(Delphi)Lib\Debug\ComServ.dcu
$(Delphi)Lib\Debug\ComStrs.dcu
$(Delphi)Lib\Debug\ComSvcs.dcu
$(Delphi)Lib\Debug\Consts.dcu
$(Delphi)Lib\Debug\Contnrs.dcu
$(Delphi)Lib\Debug\Controls.dcu
$(Delphi)Lib\Debug\ConvUtils.dcu
$(Delphi)Lib\Debug\CopyPrsr.dcu
$(Delphi)Lib\Debug\CorbaVCL.dcu
$(Delphi)Lib\Debug\CorbCnst.dcu
$(Delphi)Lib\Debug\CorbInit.dcu
$(Delphi)Lib\Debug\Cpl.dcu
$(Delphi)Lib\Debug\CustomizeDlg.dcu
$(Delphi)Lib\Debug\DataBkr.dcu
$(Delphi)Lib\Debug\DateUtils.dcu
$(Delphi)Lib\Debug\DB.dcu
$(Delphi)Lib\Debug\DBActns.dcu
$(Delphi)Lib\Debug\DBAdapt.dcu
$(Delphi)Lib\Debug\DBAdaptImg.dcu
$(Delphi)Lib\Debug\DBBdeWeb.dcu
$(Delphi)Lib\Debug\dbcgrids.dcu
$(Delphi)Lib\Debug\DBClient.dcu
$(Delphi)Lib\Debug\DBClientActnRes.dcu
$(Delphi)Lib\Debug\DBClientActns.dcu
$(Delphi)Lib\Debug\DBCommon.dcu
$(Delphi)Lib\Debug\DBConnAdmin.dcu
$(Delphi)Lib\Debug\DBConsts.dcu
$(Delphi)Lib\Debug\DBCtrls.dcu
$(Delphi)Lib\Debug\DBGrids.dcu
$(Delphi)Lib\Debug\DbgSiteAS.dcu
$(Delphi)Lib\Debug\DBLocal.dcu
$(Delphi)Lib\Debug\DBLocalI.dcu
$(Delphi)Lib\Debug\DBLogDlg.dcu
$(Delphi)Lib\Debug\dblookup.dcu
$(Delphi)Lib\Debug\DBOleCtl.dcu
$(Delphi)Lib\Debug\DBPWDlg.dcu
$(Delphi)Lib\Debug\DBTables.dcu
$(Delphi)Lib\Debug\DBWeb.dcu
$(Delphi)Lib\Debug\DBXpress.dcu
$(Delphi)Lib\Debug\DBXpressWeb.dcu
$(Delphi)Lib\Debug\DdeMan.dcu
$(Delphi)Lib\Debug\DDEml.dcu
$(Delphi)Lib\Debug\DesignerDbgSite.dcu
$(Delphi)Lib\Debug\Dialogs.dcu
$(Delphi)Lib\Debug\Dlgs.dcu
$(Delphi)Lib\Debug\DrTable.dcu
$(Delphi)Lib\Debug\DsgnCntxt.dcu
$(Delphi)Lib\Debug\DSIntf.dcu
$(Delphi)Lib\Debug\DsnDBCst.dcu
$(Delphi)Lib\Debug\DSProd.dcu
$(Delphi)Lib\Debug\DTDSchema.dcu
$(Delphi)Lib\Debug\EncdDecd.dcu
$(Delphi)Lib\Debug\ExtActns.dcu
$(Delphi)Lib\Debug\ExtCtrls.dcu
$(Delphi)Lib\Debug\ExtDlgs.dcu
$(Delphi)Lib\Debug\FileCtrl.dcu
$(Delphi)Lib\Debug\FlatSB.dcu
$(Delphi)Lib\Debug\FMTBcd.dcu
$(Delphi)Lib\Debug\Forms.dcu
$(Delphi)Lib\Debug\Graphics.dcu
$(Delphi)Lib\Debug\GraphUtil.dcu
$(Delphi)Lib\Debug\Grids.dcu
$(Delphi)Lib\Debug\HelpIntfs.dcu
$(Delphi)Lib\Debug\HTTPApp.dcu
$(Delphi)Lib\Debug\HTTPD.dcu
$(Delphi)Lib\Debug\HTTPD2.dcu
$(Delphi)Lib\Debug\HTTPIntr.dcu
$(Delphi)Lib\Debug\HTTPParse.dcu
$(Delphi)Lib\Debug\HTTPProd.dcu
$(Delphi)Lib\Debug\HTTPSOAPToPasBind.dcu
$(Delphi)Lib\Debug\HTTPUtil.dcu
$(Delphi)Lib\Debug\IB.dcu
$(Delphi)Lib\Debug\IBBatchMove.dcu
$(Delphi)Lib\Debug\IBBlob.dcu
$(Delphi)Lib\Debug\IBCustomDataSet.dcu
$(Delphi)Lib\Debug\IBDatabase.dcu
$(Delphi)Lib\Debug\IBDatabaseInfo.dcu
$(Delphi)Lib\Debug\IBDCLConst.dcu
$(Delphi)Lib\Debug\IBErrorCodes.dcu
$(Delphi)Lib\Debug\IBEvents.dcu
$(Delphi)Lib\Debug\IBExternals.dcu
$(Delphi)Lib\Debug\IBExtract.dcu
$(Delphi)Lib\Debug\IBGeneratorEditor.dcu
$(Delphi)Lib\Debug\IBHeader.dcu
$(Delphi)Lib\Debug\IBInstall.dcu
$(Delphi)Lib\Debug\IBInstallHeader.dcu
$(Delphi)Lib\Debug\IBIntf.dcu
$(Delphi)Lib\Debug\IBQuery.dcu
$(Delphi)Lib\Debug\IBRestoreEditor.dcu
$(Delphi)Lib\Debug\IBSecurityEditor.dcu
$(Delphi)Lib\Debug\IBServiceEditor.dcu
$(Delphi)Lib\Debug\IBServices.dcu
$(Delphi)Lib\Debug\IBSQL.dcu
$(Delphi)Lib\Debug\IBSQLMonitor.dcu
$(Delphi)Lib\Debug\IBStoredProc.dcu
$(Delphi)Lib\Debug\IBTable.dcu
$(Delphi)Lib\Debug\IBUpdateSQL.dcu
$(Delphi)Lib\Debug\IBUtils.dcu
$(Delphi)Lib\Debug\IBXConst.dcu
$(Delphi)Lib\Debug\IdAbout.dcu
$(Delphi)Lib\Debug\IdAntiFreeze.dcu
$(Delphi)Lib\Debug\IdAntiFreezeBase.dcu
$(Delphi)Lib\Debug\IdASN1Util.dcu
$(Delphi)Lib\Debug\IdAssignedNumbers.dcu
$(Delphi)Lib\Debug\IdAuthentication.dcu
$(Delphi)Lib\Debug\IdAuthenticationDigest.dcu
$(Delphi)Lib\Debug\IdAuthenticationManager.dcu
$(Delphi)Lib\Debug\IdAuthenticationNTLM.dcu
$(Delphi)Lib\Debug\IdAuthenticationSSPI.dcu
$(Delphi)Lib\Debug\IdBaseComponent.dcu
$(Delphi)Lib\Debug\IdBlockCipherIntercept.dcu
$(Delphi)Lib\Debug\IdChargenServer.dcu
$(Delphi)Lib\Debug\IdChargenUDPServer.dcu
$(Delphi)Lib\Debug\IdCoder.dcu
$(Delphi)Lib\Debug\IdCoder3To4.dcu
$(Delphi)Lib\Debug\IdCoderHeader.dcu
$(Delphi)Lib\Debug\IdCoderMIME.dcu
$(Delphi)Lib\Debug\IdCoderQuotedPrintable.dcu
$(Delphi)Lib\Debug\IdCoderUUE.dcu
$(Delphi)Lib\Debug\IdCoderXXE.dcu
$(Delphi)Lib\Debug\IdComponent.dcu
$(Delphi)Lib\Debug\IdCompressionIntercept.dcu
$(Delphi)Lib\Debug\IdContainers.dcu
$(Delphi)Lib\Debug\IdCookie.dcu
$(Delphi)Lib\Debug\IdCookieManager.dcu
$(Delphi)Lib\Debug\IdCustomHTTPServer.dcu
$(Delphi)Lib\Debug\IdDateTimeStamp.dcu
$(Delphi)Lib\Debug\IdDayTime.dcu
$(Delphi)Lib\Debug\IdDayTimeServer.dcu
$(Delphi)Lib\Debug\IdDayTimeUDP.dcu
$(Delphi)Lib\Debug\IdDayTimeUDPServer.dcu
$(Delphi)Lib\Debug\IdDICTServer.dcu
$(Delphi)Lib\Debug\IdDiscardServer.dcu
$(Delphi)Lib\Debug\IdDiscardUDPServer.dcu
$(Delphi)Lib\Debug\IdDNSResolver.dcu
$(Delphi)Lib\Debug\IdDsnBaseCmpEdt.dcu
$(Delphi)Lib\Debug\IdDsnPropEdBinding.dcu
$(Delphi)Lib\Debug\IdDsnRegister.dcu
$(Delphi)Lib\Debug\IdDummyUnit.dcu
$(Delphi)Lib\Debug\IdEcho.dcu
$(Delphi)Lib\Debug\IdEchoServer.dcu
$(Delphi)Lib\Debug\IdEchoUDP.dcu
$(Delphi)Lib\Debug\IdEchoUDPServer.dcu
$(Delphi)Lib\Debug\IdEMailAddress.dcu
$(Delphi)Lib\Debug\IdException.dcu
$(Delphi)Lib\Debug\IdFinger.dcu
$(Delphi)Lib\Debug\IdFingerServer.dcu
$(Delphi)Lib\Debug\IdFTP.dcu
$(Delphi)Lib\Debug\IdFTPCommon.dcu
$(Delphi)Lib\Debug\IdFTPList.dcu
$(Delphi)Lib\Debug\IdFTPServer.dcu
$(Delphi)Lib\Debug\IdGlobal.dcu
$(Delphi)Lib\Debug\IdGopher.dcu
$(Delphi)Lib\Debug\IdGopherConsts.dcu
$(Delphi)Lib\Debug\IdGopherServer.dcu
$(Delphi)Lib\Debug\IdHash.dcu
$(Delphi)Lib\Debug\IdHashCRC.dcu
$(Delphi)Lib\Debug\IdHashElf.dcu
$(Delphi)Lib\Debug\IdHashMessageDigest.dcu
$(Delphi)Lib\Debug\IdHeaderList.dcu
$(Delphi)Lib\Debug\IdHL7.dcu
$(Delphi)Lib\Debug\IdHostnameServer.dcu
$(Delphi)Lib\Debug\IdHTTP.dcu
$(Delphi)Lib\Debug\IdHTTPHeaderInfo.dcu
$(Delphi)Lib\Debug\IdHTTPServer.dcu
$(Delphi)Lib\Debug\IdIcmpClient.dcu
$(Delphi)Lib\Debug\IdIdent.dcu
$(Delphi)Lib\Debug\IdIdentServer.dcu
$(Delphi)Lib\Debug\IdIMAP4.dcu
$(Delphi)Lib\Debug\IdIMAP4Server.dcu
$(Delphi)Lib\Debug\IdIntercept.dcu
$(Delphi)Lib\Debug\IdIOHandler.dcu
$(Delphi)Lib\Debug\IdIOHandlerSocket.dcu
$(Delphi)Lib\Debug\IdIOHandlerStream.dcu
$(Delphi)Lib\Debug\IdIOHandlerThrottle.dcu
$(Delphi)Lib\Debug\IdIPMCastBase.dcu
$(Delphi)Lib\Debug\IdIPMCastClient.dcu
$(Delphi)Lib\Debug\IdIPMCastServer.dcu
$(Delphi)Lib\Debug\IdIPWatch.dcu
$(Delphi)Lib\Debug\IdIRC.dcu
$(Delphi)Lib\Debug\IdIrcServer.dcu
$(Delphi)Lib\Debug\IdLogBase.dcu
$(Delphi)Lib\Debug\IdLogDebug.dcu
$(Delphi)Lib\Debug\IdLogEvent.dcu
$(Delphi)Lib\Debug\IdLogFile.dcu
$(Delphi)Lib\Debug\IdLogStream.dcu
$(Delphi)Lib\Debug\IdLPR.dcu
$(Delphi)Lib\Debug\IdMailBox.dcu
$(Delphi)Lib\Debug\IdMappedFTP.dcu
$(Delphi)Lib\Debug\IdMappedPortTCP.dcu
$(Delphi)Lib\Debug\IdMappedPortUDP.dcu
$(Delphi)Lib\Debug\IdMessage.dcu
$(Delphi)Lib\Debug\IdMessageClient.dcu
$(Delphi)Lib\Debug\IdMessageCoder.dcu
$(Delphi)Lib\Debug\IdMessageCoderMIME.dcu
$(Delphi)Lib\Debug\IdMessageCoderUUE.dcu
$(Delphi)Lib\Debug\IdMessageCollection.dcu
$(Delphi)Lib\Debug\IdMIMETypes.dcu
$(Delphi)Lib\Debug\IdMultipartFormData.dcu
$(Delphi)Lib\Debug\IdNetworkCalculator.dcu
$(Delphi)Lib\Debug\IdNNTP.dcu
$(Delphi)Lib\Debug\IdNNTPServer.dcu
$(Delphi)Lib\Debug\IdNTLM.dcu
$(Delphi)Lib\Debug\IdPOP3.dcu
$(Delphi)Lib\Debug\IdPOP3Server.dcu
$(Delphi)Lib\Debug\IdQotd.dcu
$(Delphi)Lib\Debug\IdQotdServer.dcu
$(Delphi)Lib\Debug\IdQOTDUDP.dcu
$(Delphi)Lib\Debug\IdQOTDUDPServer.dcu
$(Delphi)Lib\Debug\IdRawBase.dcu
$(Delphi)Lib\Debug\IdRawClient.dcu
$(Delphi)Lib\Debug\IdRawFunctions.dcu
$(Delphi)Lib\Debug\IdRawHeaders.dcu
$(Delphi)Lib\Debug\IdRegister.dcu
$(Delphi)Lib\Debug\IdRemoteCMDClient.dcu
$(Delphi)Lib\Debug\IdRemoteCMDServer.dcu
$(Delphi)Lib\Debug\IdResourceStrings.dcu
$(Delphi)Lib\Debug\IdRexec.dcu
$(Delphi)Lib\Debug\IdRexecServer.dcu
$(Delphi)Lib\Debug\IdRFCReply.dcu
$(Delphi)Lib\Debug\IdRSH.dcu
$(Delphi)Lib\Debug\IdRSHServer.dcu
$(Delphi)Lib\Debug\IdServerIOHandler.dcu
$(Delphi)Lib\Debug\IdSimpleServer.dcu
$(Delphi)Lib\Debug\IdSMTP.dcu
$(Delphi)Lib\Debug\IdSMTPServer.dcu
$(Delphi)Lib\Debug\IdSNMP.dcu
$(Delphi)Lib\Debug\IdSNPP.dcu
$(Delphi)Lib\Debug\IdSNTP.dcu
$(Delphi)Lib\Debug\IdSocketHandle.dcu
$(Delphi)Lib\Debug\IdSocks.dcu
$(Delphi)Lib\Debug\IdSSLOpenSSL.dcu
$(Delphi)Lib\Debug\IdSSLOpenSSLHeaders.dcu
$(Delphi)Lib\Debug\IdSSPI.dcu
$(Delphi)Lib\Debug\IdStack.dcu
$(Delphi)Lib\Debug\IdStackConsts.dcu
$(Delphi)Lib\Debug\IdStackWindows.dcu
$(Delphi)Lib\Debug\IdStream.dcu
$(Delphi)Lib\Debug\IdStrings.dcu
$(Delphi)Lib\Debug\IdSync.dcu
$(Delphi)Lib\Debug\IdSysLog.dcu
$(Delphi)Lib\Debug\IdSysLogMessage.dcu
$(Delphi)Lib\Debug\IdSysLogServer.dcu
$(Delphi)Lib\Debug\IdTCPClient.dcu
$(Delphi)Lib\Debug\IdTCPConnection.dcu
$(Delphi)Lib\Debug\IdTCPServer.dcu
$(Delphi)Lib\Debug\IdTCPStream.dcu
$(Delphi)Lib\Debug\IdTelnet.dcu
$(Delphi)Lib\Debug\IdTelnetServer.dcu
$(Delphi)Lib\Debug\IdThread.dcu
$(Delphi)Lib\Debug\IdThreadComponent.dcu
$(Delphi)Lib\Debug\IdThreadMgr.dcu
$(Delphi)Lib\Debug\IdThreadMgrDefault.dcu
$(Delphi)Lib\Debug\IdThreadMgrPool.dcu
$(Delphi)Lib\Debug\IdThreadSafe.dcu
$(Delphi)Lib\Debug\IdTime.dcu
$(Delphi)Lib\Debug\IdTimeServer.dcu
$(Delphi)Lib\Debug\IdTimeUDP.dcu
$(Delphi)Lib\Debug\IdTimeUDPServer.dcu
$(Delphi)Lib\Debug\IdTrivialFTP.dcu
$(Delphi)Lib\Debug\IdTrivialFTPBase.dcu
$(Delphi)Lib\Debug\IdTrivialFTPServer.dcu
$(Delphi)Lib\Debug\IdTunnelCommon.dcu
$(Delphi)Lib\Debug\IdTunnelMaster.dcu
$(Delphi)Lib\Debug\IdTunnelSlave.dcu
$(Delphi)Lib\Debug\IdUDPBase.dcu
$(Delphi)Lib\Debug\IdUDPClient.dcu
$(Delphi)Lib\Debug\IdUDPServer.dcu
$(Delphi)Lib\Debug\IdURI.dcu
$(Delphi)Lib\Debug\IdUserAccounts.dcu
$(Delphi)Lib\Debug\IdVCard.dcu
$(Delphi)Lib\Debug\IdWhois.dcu
$(Delphi)Lib\Debug\IdWhoIsServer.dcu
$(Delphi)Lib\Debug\IdWinSock2.dcu
$(Delphi)Lib\Debug\ImageHlp.dcu
$(Delphi)Lib\Debug\ImgList.dcu
$(Delphi)Lib\Debug\Imm.dcu
$(Delphi)Lib\Debug\indy.dcu
$(Delphi)Lib\Debug\IndySockTransport.dcu
$(Delphi)Lib\Debug\IniFiles.dcu
$(Delphi)Lib\Debug\inquire_v1.dcu
$(Delphi)Lib\Debug\IntfInfo.dcu
$(Delphi)Lib\Debug\InvConst.dcu
$(Delphi)Lib\Debug\Invoker.dcu
$(Delphi)Lib\Debug\InvokeRegistry.dcu
$(Delphi)Lib\Debug\InvRules.dcu
$(Delphi)Lib\Debug\Isapi.dcu
$(Delphi)Lib\Debug\Isapi2.dcu
$(Delphi)Lib\Debug\ISAPIApp.dcu
$(Delphi)Lib\Debug\IsapiHTTP.dcu
$(Delphi)Lib\Debug\ISAPIThreadPool.dcu
$(Delphi)Lib\Debug\ListActns.dcu
$(Delphi)Lib\Debug\LZExpand.dcu
$(Delphi)Lib\Debug\Mapi.dcu
$(Delphi)Lib\Debug\Mask.dcu
$(Delphi)Lib\Debug\Masks.dcu
$(Delphi)Lib\Debug\MaskUtils.dcu
$(Delphi)Lib\Debug\Math.dcu
$(Delphi)Lib\Debug\MConnect.dcu
$(Delphi)Lib\Debug\Menus.dcu
$(Delphi)Lib\Debug\Messages.dcu
$(Delphi)Lib\Debug\Midas.dcu
$(Delphi)Lib\Debug\MidasCon.dcu
$(Delphi)Lib\Debug\MidComp.dcu
$(Delphi)Lib\Debug\MidConst.dcu
$(Delphi)Lib\Debug\MidItems.dcu
$(Delphi)Lib\Debug\MidProd.dcu
$(Delphi)Lib\Debug\MMSystem.dcu
$(Delphi)Lib\Debug\MPlayer.dcu
$(Delphi)Lib\Debug\MSHTML.dcu
$(Delphi)Lib\Debug\msxml.dcu
$(Delphi)Lib\Debug\msxmldom.dcu
$(Delphi)Lib\Debug\Mtsobj.dcu
$(Delphi)Lib\Debug\MtsRdm.dcu
$(Delphi)Lib\Debug\Mtx.dcu
$(Delphi)Lib\Debug\MultiMon.dcu
$(Delphi)Lib\Debug\Nb30.dcu
$(Delphi)Lib\Debug\Ns30Fix.dcu
$(Delphi)Lib\Debug\Ns35Fix.dcu
$(Delphi)Lib\Debug\Ns36Fix.dcu
$(Delphi)Lib\Debug\Nsapi.dcu
$(Delphi)Lib\Debug\ObjAuto.dcu
$(Delphi)Lib\Debug\ObjBrkr.dcu
$(Delphi)Lib\Debug\ObjComAuto.dcu
$(Delphi)Lib\Debug\OleAuto.dcu
$(Delphi)Lib\Debug\OleConst.dcu
$(Delphi)Lib\Debug\OleCtnrs.dcu
$(Delphi)Lib\Debug\OleCtrls.dcu
$(Delphi)Lib\Debug\OleDB.dcu
$(Delphi)Lib\Debug\OleDlg.dcu
$(Delphi)Lib\Debug\OleServer.dcu
$(Delphi)Lib\Debug\OPConvert.dcu
$(Delphi)Lib\Debug\OpenGL.dcu
$(Delphi)Lib\Debug\OPToSoapDomConv.dcu
$(Delphi)Lib\Debug\OPToSoapDomCustom.dcu
$(Delphi)Lib\Debug\Outline.dcu
$(Delphi)Lib\Debug\oxmldom.dcu
$(Delphi)Lib\Debug\PagItems.dcu
$(Delphi)Lib\Debug\PenWin.dcu
$(Delphi)Lib\Debug\Printers.dcu
$(Delphi)Lib\Debug\Provider.dcu
$(Delphi)Lib\Debug\PsAPI.dcu
$(Delphi)Lib\Debug\QActnList.dcu
$(Delphi)Lib\Debug\QButtons.dcu
$(Delphi)Lib\Debug\QCheckLst.dcu
$(Delphi)Lib\Debug\QClipbrd.dcu
$(Delphi)Lib\Debug\QComCtrls.dcu
$(Delphi)Lib\Debug\QConsts.dcu
$(Delphi)Lib\Debug\QControls.dcu
$(Delphi)Lib\Debug\QDBActns.dcu
$(Delphi)Lib\Debug\QDBConsts.dcu
$(Delphi)Lib\Debug\QDBCtrls.dcu
$(Delphi)Lib\Debug\QDBGrids.dcu
$(Delphi)Lib\Debug\QDBLogDlg.dcu
$(Delphi)Lib\Debug\QDBPWDlg.dcu
$(Delphi)Lib\Debug\QDialogs.dcu
$(Delphi)Lib\Debug\QExtCtrls.dcu
$(Delphi)Lib\Debug\QFileCtrls.dcu
$(Delphi)Lib\Debug\QFileDialog.dcu
$(Delphi)Lib\Debug\QForms.dcu
$(Delphi)Lib\Debug\QGraphics.dcu
$(Delphi)Lib\Debug\QGrids.dcu
$(Delphi)Lib\Debug\QImgList.dcu
$(Delphi)Lib\Debug\QMask.dcu
$(Delphi)Lib\Debug\QMenus.dcu
$(Delphi)Lib\Debug\QPrinters.dcu
$(Delphi)Lib\Debug\QSearch.dcu
$(Delphi)Lib\Debug\QStdActns.dcu
$(Delphi)Lib\Debug\QStdCtrls.dcu
$(Delphi)Lib\Debug\QStyle.dcu
$(Delphi)Lib\Debug\Qt.dcu
$(Delphi)Lib\Debug\QTypes.dcu
$(Delphi)Lib\Debug\Registry.dcu
$(Delphi)Lib\Debug\RegStr.dcu
$(Delphi)Lib\Debug\ReqFiles.dcu
$(Delphi)Lib\Debug\ReqImpl.dcu
$(Delphi)Lib\Debug\ReqMulti.dcu
$(Delphi)Lib\Debug\RichEdit.dcu
$(Delphi)Lib\Debug\Rio.dcu
$(Delphi)Lib\Debug\RTLConsts.dcu
$(Delphi)Lib\Debug\ScktCnst.dcu
$(Delphi)Lib\Debug\ScktComp.dcu
$(Delphi)Lib\Debug\ScktMain.dcu
$(Delphi)Lib\Debug\SConnect.dcu
$(Delphi)Lib\Debug\ScrptMgr.dcu
$(Delphi)Lib\Debug\SessColn.dcu
$(Delphi)Lib\Debug\ShadowWnd.dcu
$(Delphi)Lib\Debug\SHDocVw.dcu
$(Delphi)Lib\Debug\ShellAPI.dcu
$(Delphi)Lib\Debug\SHFolder.dcu
$(Delphi)Lib\Debug\ShlObj.dcu
$(Delphi)Lib\Debug\SimpleDS.dcu
$(Delphi)Lib\Debug\SiteComp.dcu
$(Delphi)Lib\Debug\SiteConst.dcu
$(Delphi)Lib\Debug\SiteProd.dcu
$(Delphi)Lib\Debug\SMINTF.dcu
$(Delphi)Lib\Debug\SOAPAttach.dcu
$(Delphi)Lib\Debug\SOAPAttachIntf.dcu
$(Delphi)Lib\Debug\SoapConn.dcu
$(Delphi)Lib\Debug\SoapConst.dcu
$(Delphi)Lib\Debug\SoapDm.dcu
$(Delphi)Lib\Debug\SOAPDomConv.dcu
$(Delphi)Lib\Debug\SoapEnv.dcu
$(Delphi)Lib\Debug\SoapHTTPClient.dcu
$(Delphi)Lib\Debug\soaphttpdisp.dcu
$(Delphi)Lib\Debug\SOAPHTTPPasInv.dcu
$(Delphi)Lib\Debug\SoapHTTPTrans.dcu
$(Delphi)Lib\Debug\soaplinked.dcu
$(Delphi)Lib\Debug\SOAPMidas.dcu
$(Delphi)Lib\Debug\soappasinv.dcu
$(Delphi)Lib\Debug\SockApp.dcu
$(Delphi)Lib\Debug\SockAppNotify.dcu
$(Delphi)Lib\Debug\SockAppReg.dcu
$(Delphi)Lib\Debug\Sockets.dcu
$(Delphi)Lib\Debug\SockHTTP.dcu
$(Delphi)Lib\Debug\SockRequestInterpreter.dcu
$(Delphi)Lib\Debug\SockTransport.dcu
$(Delphi)Lib\Debug\SqlConst.dcu
$(Delphi)Lib\Debug\SqlExpr.dcu
$(Delphi)Lib\Debug\SqlTimSt.dcu
$(Delphi)Lib\Debug\StdActnMenus.dcu
$(Delphi)Lib\Debug\StdActns.dcu
$(Delphi)Lib\Debug\StdConvs.dcu
$(Delphi)Lib\Debug\StdCtrls.dcu
$(Delphi)Lib\Debug\StdStyleActnCtrls.dcu
$(Delphi)Lib\Debug\StdVCL.dcu
$(Delphi)Lib\Debug\StrUtils.dcu
$(Delphi)Lib\Debug\SvcMgr.dcu
$(Delphi)Lib\Debug\SvrHTTPIndy.dcu
$(Delphi)Lib\Debug\SvrInfoConst.dcu
$(Delphi)Lib\Debug\SvrLogFrame.dcu
$(Delphi)Lib\Debug\SvrSockRequest.dcu
$(Delphi)Lib\Debug\SyncObjs.dcu
$(Delphi)Lib\Debug\SysConst.dcu
$(Delphi)Lib\Debug\SysInit.dcu
$(Delphi)Lib\Debug\System.dcu
$(Delphi)Lib\Debug\SysUtils.dcu
$(Delphi)Lib\Debug\TabNotBk.dcu
$(Delphi)Lib\Debug\Tabs.dcu
$(Delphi)Lib\Debug\TConnect.dcu
$(Delphi)Lib\Debug\Themes.dcu
$(Delphi)Lib\Debug\TlHelp32.dcu
$(Delphi)Lib\Debug\ToolWin.dcu
$(Delphi)Lib\Debug\Types.dcu
$(Delphi)Lib\Debug\TypeTrans.dcu
$(Delphi)Lib\Debug\TypInfo.dcu
$(Delphi)Lib\Debug\UDDIHelper.dcu
$(Delphi)Lib\Debug\UrlMon.dcu
$(Delphi)Lib\Debug\UxTheme.dcu
$(Delphi)Lib\Debug\ValEdit.dcu
$(Delphi)Lib\Debug\VarCmplx.dcu
$(Delphi)Lib\Debug\VarConv.dcu
$(Delphi)Lib\Debug\Variants.dcu
$(Delphi)Lib\Debug\VarUtils.dcu
$(Delphi)Lib\Debug\VCLCom.dcu
$(Delphi)Lib\Debug\VDBConsts.dcu
$(Delphi)Lib\Debug\WbmConst.dcu
$(Delphi)Lib\Debug\WebAdapt.dcu
$(Delphi)Lib\Debug\WebAuto.dcu
$(Delphi)Lib\Debug\WebBroker.dcu
$(Delphi)Lib\Debug\WebBrokerSOAP.dcu
$(Delphi)Lib\Debug\WebCat.dcu
$(Delphi)Lib\Debug\WebCntxt.dcu
$(Delphi)Lib\Debug\WebConst.dcu
$(Delphi)Lib\Debug\WebContnrs.dcu
$(Delphi)Lib\Debug\WebDisp.dcu
$(Delphi)Lib\Debug\WebFact.dcu
$(Delphi)Lib\Debug\WebForm.dcu
$(Delphi)Lib\Debug\WebLib.dcu
$(Delphi)Lib\Debug\WebModu.dcu
$(Delphi)Lib\Debug\WebNode.dcu
$(Delphi)Lib\Debug\WebReq.dcu
$(Delphi)Lib\Debug\WebScript.dcu
$(Delphi)Lib\Debug\WebScriptAS.dcu
$(Delphi)Lib\Debug\WebScript_TLB.dcu
$(Delphi)Lib\Debug\WebServExp.dcu
$(Delphi)Lib\Debug\WebSess.dcu
$(Delphi)Lib\Debug\WebSnapObjs.dcu
$(Delphi)Lib\Debug\WebUsers.dcu
$(Delphi)Lib\Debug\Windows.dcu
$(Delphi)Lib\Debug\winerror.dcu
$(Delphi)Lib\Debug\WinHelpViewer.dcu
$(Delphi)Lib\Debug\WinInet.dcu
$(Delphi)Lib\Debug\WinSock.dcu
$(Delphi)Lib\Debug\WinSpool.dcu
$(Delphi)Lib\Debug\WinSvc.dcu
$(Delphi)Lib\Debug\WSDLBind.dcu
$(Delphi)Lib\Debug\WSDLIntf.dcu
$(Delphi)Lib\Debug\WSDLItems.dcu
$(Delphi)Lib\Debug\WSDLNode.dcu
$(Delphi)Lib\Debug\WSDLPub.dcu
$(Delphi)Lib\Debug\WSDLSoap.dcu
$(Delphi)Lib\Debug\WSILIntf.dcu
$(Delphi)Lib\Debug\xdom.dcu
$(Delphi)Lib\Debug\XDRSchema.dcu
$(Delphi)Lib\Debug\xercesxmldom.dcu
$(Delphi)Lib\Debug\XMLBindGen.dcu
$(Delphi)Lib\Debug\XMLBrokr.dcu
$(Delphi)Lib\Debug\XMLConst.dcu
$(Delphi)Lib\Debug\XMLDataToSchema.dcu
$(Delphi)Lib\Debug\XMLDoc.dcu
$(Delphi)Lib\Debug\xmldom.dcu
$(Delphi)Lib\Debug\XMLIntf.dcu
$(Delphi)Lib\Debug\XMLSchema.dcu
$(Delphi)Lib\Debug\XMLSchema99.dcu
$(Delphi)Lib\Debug\XMLSchemaTags.dcu
$(Delphi)Lib\Debug\xmlutil.dcu
$(Delphi)Lib\Debug\Xmlxform.dcu
$(Delphi)Lib\Debug\XPActnCtrls.dcu
$(Delphi)Lib\Debug\XPStyleActnCtrls.dcu
$(Delphi)Lib\Debug\XSBuiltIns.dcu
$(Delphi)Lib\Debug\XSLProd.dcu
$(Delphi)Lib\Debug\ZLib.dcu
$(Delphi)Lib\Debug\ZLibConst.dcu
$(Delphi)Lib\Delphi2\Ole2.dcu
$(Delphi)Lib\Delphi2\OleAuto.dcu
$(Delphi)Lib\Delphi2\OleCtl.dcu
$(Delphi)Lib\Delphi2\Report.dcu
$(Delphi)Lib\Delphi2\RSCONSTS.dcu
$(Delphi)Projects\Encr\MainForm.dcu
$(Delphi)Projects\SysInfo\SysMainForm.dcu
$(Delphi)Projects\Testing Code\MainForm.dcu
$(Delphi)Rave5\Lib\QRpBars.dcu
$(Delphi)Rave5\Lib\QRpBase.dcu
$(Delphi)Rave5\Lib\QRpCanvas.dcu
$(Delphi)Rave5\Lib\QRpCon.dcu
$(Delphi)Rave5\Lib\QRpConBDE.dcu
$(Delphi)Rave5\Lib\QRpConDS.dcu
$(Delphi)Rave5\Lib\QRpCursor.dcu
$(Delphi)Rave5\Lib\QRpDBUtil.dcu
$(Delphi)Rave5\Lib\QRpDefine.dcu
$(Delphi)Rave5\Lib\QRpDevice.dcu
$(Delphi)Rave5\Lib\QRpFiler.dcu
$(Delphi)Rave5\Lib\QRpFont.dcu
$(Delphi)Rave5\Lib\QRpFormPreview.dcu
$(Delphi)Rave5\Lib\QRpFormSetup.dcu
$(Delphi)Rave5\Lib\QRpFormStatus.dcu
$(Delphi)Rave5\Lib\QRpMBCS.dcu
$(Delphi)Rave5\Lib\QRpMemo.dcu
$(Delphi)Rave5\Lib\QRpRave.dcu
$(Delphi)Rave5\Lib\QRpRender.dcu
$(Delphi)Rave5\Lib\QRpRenderCanvas.dcu
$(Delphi)Rave5\Lib\QRpRenderHTML.dcu
$(Delphi)Rave5\Lib\QRpRenderPDF.dcu
$(Delphi)Rave5\Lib\QRpRenderPreview.dcu
$(Delphi)Rave5\Lib\QRpRenderPrinter.dcu
$(Delphi)Rave5\Lib\QRpRenderRTF.dcu
$(Delphi)Rave5\Lib\QRpRenderText.dcu
$(Delphi)Rave5\Lib\QRpRPTF.dcu
$(Delphi)Rave5\Lib\QRpSystem.dcu
$(Delphi)Rave5\Lib\QRvClass.dcu
$(Delphi)Rave5\Lib\QRvCmHuff.dcu
$(Delphi)Rave5\Lib\QRvCsBars.dcu
$(Delphi)Rave5\Lib\QRvCsData.dcu
$(Delphi)Rave5\Lib\QRvCsDraw.dcu
$(Delphi)Rave5\Lib\QRvCsRpt.dcu
$(Delphi)Rave5\Lib\QRvCsStd.dcu
$(Delphi)Rave5\Lib\QRvData.dcu
$(Delphi)Rave5\Lib\QRvDatabase.dcu
$(Delphi)Rave5\Lib\QRvDataField.dcu
$(Delphi)Rave5\Lib\QRvDataLink.dcu
$(Delphi)Rave5\Lib\QRvDefine.dcu
$(Delphi)Rave5\Lib\QRvDesignReg.dcu
$(Delphi)Rave5\Lib\QRvDirectDataView.dcu
$(Delphi)Rave5\Lib\QRvDLBase.dcu
$(Delphi)Rave5\Lib\QRvDLCommon.dcu
$(Delphi)Rave5\Lib\QRvDLDataSet.dcu
$(Delphi)Rave5\Lib\QRvDLDBX.dcu
$(Delphi)Rave5\Lib\QRvDriverDataView.dcu
$(Delphi)Rave5\Lib\QRvFormUtil.dcu
$(Delphi)Rave5\Lib\QRvLDCompiler.dcu
$(Delphi)Rave5\Lib\QRvLECode.dcu
$(Delphi)Rave5\Lib\QRvLEDebug.dcu
$(Delphi)Rave5\Lib\QRvLEDefine.dcu
$(Delphi)Rave5\Lib\QRvLEExpr.dcu
$(Delphi)Rave5\Lib\QRvLEID.dcu
$(Delphi)Rave5\Lib\QRvLEModule.dcu
$(Delphi)Rave5\Lib\QRvLERun.dcu
$(Delphi)Rave5\Lib\QRvLESystem.dcu
$(Delphi)Rave5\Lib\QRvLEType.dcu
$(Delphi)Rave5\Lib\QRvLEUtil.dcu
$(Delphi)Rave5\Lib\QRvProj.dcu
$(Delphi)Rave5\Lib\QRvSecurity.dcu
$(Delphi)Rave5\Lib\QRvUtil.dcu
$(Delphi)Rave5\Lib\RpBars.dcu
$(Delphi)Rave5\Lib\RpBase.dcu
$(Delphi)Rave5\Lib\RpCanvas.dcu
$(Delphi)Rave5\Lib\RpCon.dcu
$(Delphi)Rave5\Lib\RpConBDE.dcu
$(Delphi)Rave5\Lib\RpConDS.dcu
$(Delphi)Rave5\Lib\RpCursor.dcu
$(Delphi)Rave5\Lib\RpDBUtil.dcu
$(Delphi)Rave5\Lib\RpDefine.dcu
$(Delphi)Rave5\Lib\RpDevice.dcu
$(Delphi)Rave5\Lib\RpFiler.dcu
$(Delphi)Rave5\Lib\RpFont.dcu
$(Delphi)Rave5\Lib\RpFormPreview.dcu
$(Delphi)Rave5\Lib\RpFormSetup.dcu
$(Delphi)Rave5\Lib\RpFormStatus.dcu
$(Delphi)Rave5\Lib\RpMBCS.dcu
$(Delphi)Rave5\Lib\RpMemo.dcu
$(Delphi)Rave5\Lib\RpRave.dcu
$(Delphi)Rave5\Lib\RpRender.dcu
$(Delphi)Rave5\Lib\RpRenderCanvas.dcu
$(Delphi)Rave5\Lib\RpRenderHTML.dcu
$(Delphi)Rave5\Lib\RpRenderPDF.dcu
$(Delphi)Rave5\Lib\RpRenderPreview.dcu
$(Delphi)Rave5\Lib\RpRenderPrinter.dcu
$(Delphi)Rave5\Lib\RpRenderRTF.dcu
$(Delphi)Rave5\Lib\RpRenderText.dcu
$(Delphi)Rave5\Lib\RpRPTF.dcu
$(Delphi)Rave5\Lib\RpSystem.dcu
$(Delphi)Rave5\Lib\RpTChart.dcu
$(Delphi)Rave5\Lib\RvClass.dcu
$(Delphi)Rave5\Lib\RvCmHuff.dcu
$(Delphi)Rave5\Lib\RvCsBars.dcu
$(Delphi)Rave5\Lib\RvCsData.dcu
$(Delphi)Rave5\Lib\RvCsDraw.dcu
$(Delphi)Rave5\Lib\RvCsRpt.dcu
$(Delphi)Rave5\Lib\RvCsStd.dcu
$(Delphi)Rave5\Lib\RvData.dcu
$(Delphi)Rave5\Lib\RvDatabase.dcu
$(Delphi)Rave5\Lib\RvDataField.dcu
$(Delphi)Rave5\Lib\RvDataLink.dcu
$(Delphi)Rave5\Lib\RvDefine.dcu
$(Delphi)Rave5\Lib\RvDirectDataView.dcu
$(Delphi)Rave5\Lib\RvDLADO.dcu
$(Delphi)Rave5\Lib\RvDLBase.dcu
$(Delphi)Rave5\Lib\RvDLBDE.dcu
$(Delphi)Rave5\Lib\RvDLCommon.dcu
$(Delphi)Rave5\Lib\RvDLDataSet.dcu
$(Delphi)Rave5\Lib\RvDLDBX.dcu
$(Delphi)Rave5\Lib\RvDriverDataView.dcu
$(Delphi)Rave5\Lib\RvLECode.dcu
$(Delphi)Rave5\Lib\RvLEDebug.dcu
$(Delphi)Rave5\Lib\RvLEDefine.dcu
$(Delphi)Rave5\Lib\RvLEExpr.dcu
$(Delphi)Rave5\Lib\RvLEID.dcu
$(Delphi)Rave5\Lib\RvLEModule.dcu
$(Delphi)Rave5\Lib\RvLERun.dcu
$(Delphi)Rave5\Lib\RvLESystem.dcu
$(Delphi)Rave5\Lib\RvLEType.dcu
$(Delphi)Rave5\Lib\RvLEUtil.dcu
$(Delphi)Rave5\Lib\RvProj.dcu
$(Delphi)Rave5\Lib\RvSecurity.dcu
$(Delphi)Rave5\Lib\RvUtil.dcu
$(Delphi)Source\ToolsAPI\DesignIntf.dcu
$(Delphi)Source\ToolsAPI\DesignMenus.dcu
$(Delphi)Source\ToolsAPI\EditIntf.dcu
$(Delphi)Source\ToolsAPI\ExptIntf.dcu
$(Delphi)Source\ToolsAPI\FileIntf.dcu
$(Delphi)Source\ToolsAPI\ToolIntf.dcu
$(Delphi)Source\ToolsAPI\ToolsAPI.dcu
$(Delphi)Source\ToolsAPI\VirtIntf.dcu
$(Delphi)users\lib\AsmBasics.dcu
$(Delphi)users\lib\AsmChar.dcu
$(Delphi)users\lib\AsmConv.dcu
$(Delphi)users\lib\AsmMem.dcu
$(Delphi)users\lib\AsmNum.dcu
$(Delphi)users\lib\AsmPtr.dcu
$(Delphi)users\lib\AsmQueue.dcu
$(Delphi)users\lib\AsmSort.dcu
$(Delphi)users\lib\AsmStack.dcu
$(Delphi)users\lib\AsmStrg.dcu
$(Delphi)users\lib\ColorListBox.dcu
$(Delphi)users\lib\ComponentInspectorExpert.dcu
$(Delphi)users\lib\ComponentInspectorExpertPackage.dcu
$(Delphi)users\lib\ComponentInspectorForm.dcu
$(Delphi)users\lib\DataGrounds.dcu
$(Delphi)users\lib\DelphiIDE.dcu
$(Delphi)users\lib\DelSight70.dcu
$(Delphi)users\lib\DelSightAppConstants.dcu
$(Delphi)users\lib\DelSightFindTextForm.dcu
$(Delphi)users\lib\DelSightForm.dcu
$(Delphi)users\lib\DelSightHotKeyWizard.dcu
$(Delphi)users\lib\DelSightMainMenuWizard.dcu
$(Delphi)users\lib\DelSightRegistration.dcu
$(Delphi)users\lib\DelSightSettings.dcu
$(Delphi)users\lib\DelSightSetupForm.dcu
$(Delphi)users\lib\DelSightSupport.dcu
$(Delphi)users\lib\DelSight_ImageSupport.dcu
$(Delphi)users\lib\DelSight_KeyboardWindowsHook.dcu
$(Delphi)users\lib\DelSight_MenuSupport.dcu
$(Delphi)users\lib\DelSight_RegistrySupport.dcu
$(Delphi)users\lib\DelSight_ResourceSupport.dcu
$(Delphi)users\lib\DelSight_SystemSupport.dcu
$(Delphi)users\lib\DelSight_TreeViewSupport.dcu
$(Delphi)users\lib\DeskInterface.dcu
$(Delphi)users\lib\DLGFilesViewer.dcu
$(Delphi)users\lib\DLGPickDate.dcu
$(Delphi)users\lib\DLGprint.dcu
$(Delphi)users\lib\DLGSelectCountry.dcu
$(Delphi)users\lib\DLGTaskBar.dcu
$(Delphi)users\lib\FormDesign.dcu
$(Delphi)users\lib\FormDesignManager.dcu
$(Delphi)users\lib\GridMap.dcu
$(Delphi)users\lib\Ground.dcu
$(Delphi)users\lib\GXModuleCreator.dcu
$(Delphi)users\lib\GX_IdeDock.dcu
$(Delphi)users\lib\GX_IdeDockForm.dcu
$(Delphi)users\lib\IDEdockFormUnit.dcu
$(Delphi)users\lib\InspectorBasics.dcu
$(Delphi)users\lib\InspectorRegistry.dcu
$(Delphi)users\lib\ListSelectDialog.dcu
$(Delphi)users\lib\lmd70se_d7.dcu
$(Delphi)users\lib\MYDelphiIDE.dcu
$(Delphi)users\lib\PasBasics.dcu
$(Delphi)users\lib\PasConst.dcu
$(Delphi)users\lib\PasDBase.dcu
$(Delphi)users\lib\PasEditor.dcu
$(Delphi)users\lib\PasGridTable.dcu
$(Delphi)users\lib\PasHeap.dcu
$(Delphi)users\lib\PasHtml.dcu
$(Delphi)users\lib\PasHtmTable.dcu
$(Delphi)users\lib\PasInternet.dcu
$(Delphi)users\lib\PasListTable.dcu
$(Delphi)users\lib\PasMemory.dcu
$(Delphi)users\lib\PasQueue.dcu
$(Delphi)users\lib\PasRandom.dcu
$(Delphi)users\lib\PasSeqStack.dcu
$(Delphi)users\lib\PasSort.dcu
$(Delphi)users\lib\PasSprint.dcu
$(Delphi)users\lib\PasStack.dcu
$(Delphi)users\lib\PasStrings.dcu
$(Delphi)users\lib\PasTable.dcu
$(Delphi)users\lib\PasTypes.dcu
$(Delphi)users\lib\PasURL.dcu
$(Delphi)users\lib\SelectDialog.dcu
$(Delphi)users\lib\UCategoryForm.dcu
$(Delphi)users\lib\UFormAbout.dcu
$(Delphi)users\lib\UImageForm.dcu
$(Delphi)users\lib\UListForm.dcu
$(Delphi)users\lib\UmainForm.dcu
$(Delphi)users\lib\UmapForm.dcu
$(Delphi)users\lib\Unit1.dcu
$(Delphi)users\lib\USearchForm.dcu
$(Delphi)users\lib\USelectionForm.dcu
$(Delphi)users\lib\USetUpForm.dcu
$(Delphi)users\lib\USimpleSearchForm.dcu
$(Delphi)users\lib\USortForm.dcu
$(Delphi)users\lib\UTabulationSearchForm.dcu
$(Delphi)users\lib\UTextDataFileForm.dcu
$(Delphi)users\lib\UWebPageForm.dcu
$(Delphi)users\lib\WinCombo.dcu
$(Delphi)users\lib\WinDebug.dcu
$(Delphi)users\lib\WinDir.dcu
$(Delphi)users\lib\WinDisk.dcu
$(Delphi)users\lib\WinErrors.dcu
$(Delphi)users\lib\WinFiles.dcu
$(Delphi)users\lib\WinIO.dcu
$(Delphi)users\lib\WinKey.dcu
$(Delphi)users\lib\WinList.dcu
$(Delphi)users\lib\WinSys.dcu
$(Delphi)users\lib\WinTime.dcu
