$(Delphi)Demos\ActionBands\main.dfm
$(Delphi)Demos\ActionBands\AlphaBlendMenus\Main.dfm
$(Delphi)Demos\ActionBands\DynaActionBands\main.dfm
$(Delphi)Demos\ActionBands\MRU\main.dfm
$(Delphi)Demos\Actions\Main.dfm
$(Delphi)Demos\ActiveX\COM+Event\Publisher\publisherunit.dfm
$(Delphi)Demos\ActiveX\OleAuto\AutoCtrl\AutoCtl.dfm
$(Delphi)Demos\ActiveX\OleAuto\AutoServ\AutoForm.dfm
$(Delphi)Demos\ActiveX\OleAuto\AutoServ\EditFrm.dfm
$(Delphi)Demos\ActiveX\OleAuto\AutoServ\MainFrm.dfm
$(Delphi)Demos\ActiveX\OleAuto\SrvComp\PowerPoint\Main.dfm
$(Delphi)Demos\ActiveX\OleAuto\SrvComp\Word\Main.dfm
$(Delphi)Demos\ActiveX\OleAuto\Word8\WordAuto.dfm
$(Delphi)Demos\ActiveX\OleCtnrs\about.dfm
$(Delphi)Demos\ActiveX\OleCtnrs\mdichild.dfm
$(Delphi)Demos\ActiveX\OleCtnrs\mdimain.dfm
$(Delphi)Demos\ActiveX\OleCtnrs\sdimain.dfm
$(Delphi)Demos\Ado\AdoTest\AdoMain.dfm
$(Delphi)Demos\Ado\AdoTest\RecError.dfm
$(Delphi)Demos\Ado\Briefcase\BriefcaseMain.dfm
$(Delphi)Demos\Ado\Rds\ClientMain.dfm
$(Delphi)Demos\Ado\Rds\MainForm.dfm
$(Delphi)Demos\Ado\Shape\ShapeMain.dfm
$(Delphi)Demos\AppEvents\main.dfm
$(Delphi)Demos\ConvertIt\ConvertItUnit.dfm
$(Delphi)Demos\CoolStuf\About.dfm
$(Delphi)Demos\CoolStuf\Main.dfm
$(Delphi)Demos\Corba\Idl2Pas\CosNaming\ClientMain.dfm
$(Delphi)Demos\Corba\Idl2Pas\CosNaming\Main.dfm
$(Delphi)Demos\Corba\Idl2Pas\CosNaming\ServerMain.dfm
$(Delphi)Demos\Corba\Idl2Pas\Interface Arg\ClientMain.dfm
$(Delphi)Demos\Corba\Idl2Pas\Interface Arg\ServerMain.dfm
$(Delphi)Demos\Cpl\Date\main.dfm
$(Delphi)Demos\Cpl\Date\ufrmdt.dfm
$(Delphi)Demos\CustomDraw\CustomDrawTreeView.dfm
$(Delphi)Demos\Db\BkQuery\QueryFrm.dfm
$(Delphi)Demos\Db\BkQuery\ResltFrm.dfm
$(Delphi)Demos\Db\BkQuery\SaveQAs.dfm
$(Delphi)Demos\Db\CacheDup\About.dfm
$(Delphi)Demos\Db\CacheDup\CachedUp.dfm
$(Delphi)Demos\Db\CacheDup\DataMod.dfm
$(Delphi)Demos\Db\CacheDup\ErrForm.dfm
$(Delphi)Demos\Db\CsDemos\DmCSDemo.dfm
$(Delphi)Demos\Db\CsDemos\Frmexesp.dfm
$(Delphi)Demos\Db\CsDemos\Frmmain.dfm
$(Delphi)Demos\Db\CsDemos\Frmqrysp.dfm
$(Delphi)Demos\Db\CsDemos\Frmtrans.dfm
$(Delphi)Demos\Db\CsDemos\Frmtrigg.dfm
$(Delphi)Demos\Db\CsDemos\Frmviews.dfm
$(Delphi)Demos\Db\CtrlGrid\About.dfm
$(Delphi)Demos\Db\CtrlGrid\CtrlForm.dfm
$(Delphi)Demos\Db\CtrlGrid\DM.dfm
$(Delphi)Demos\Db\DbErrors\About.dfm
$(Delphi)Demos\Db\DbErrors\DM1.dfm
$(Delphi)Demos\Db\DbErrors\Main.dfm
$(Delphi)Demos\Db\Filter\About.dfm
$(Delphi)Demos\Db\Filter\CustView.dfm
$(Delphi)Demos\Db\Filter\dm.dfm
$(Delphi)Demos\Db\Filter\Filter1.dfm
$(Delphi)Demos\Db\FishFact\Ffactwin.dfm
$(Delphi)Demos\Db\GdsDemo\GdsData.dfm
$(Delphi)Demos\Db\GdsDemo\GdsStd.dfm
$(Delphi)Demos\Db\GdsDemo\GridForm.dfm
$(Delphi)Demos\Db\GdsDemo\RecForm.dfm
$(Delphi)Demos\Db\IBDemo\Event1.dfm
$(Delphi)Demos\Db\IBDemo\Event2.dfm
$(Delphi)Demos\Db\IBMastApp\About.dfm
$(Delphi)Demos\Db\IBMastApp\BrCstOrd.dfm
$(Delphi)Demos\Db\IBMastApp\Brparts.dfm
$(Delphi)Demos\Db\IBMastApp\CustRpt.dfm
$(Delphi)Demos\Db\IBMastApp\DataMod.dfm
$(Delphi)Demos\Db\IBMastApp\Edcust.dfm
$(Delphi)Demos\Db\IBMastApp\EDOrders.dfm
$(Delphi)Demos\Db\IBMastApp\Edparts.dfm
$(Delphi)Demos\Db\IBMastApp\InvcRpt.dfm
$(Delphi)Demos\Db\IBMastApp\Main.dfm
$(Delphi)Demos\Db\IBMastApp\OrderRpt.dfm
$(Delphi)Demos\Db\IBMastApp\Pickdate.dfm
$(Delphi)Demos\Db\IBMastApp\PickInvc.dfm
$(Delphi)Demos\Db\IBMastApp\Pickrep.dfm
$(Delphi)Demos\Db\IBMastApp\QryCust.dfm
$(Delphi)Demos\Db\IBMastApp\Splash.dfm
$(Delphi)Demos\Db\IBMastApp\SrchDlg.dfm
$(Delphi)Demos\Db\IBX\Admin\frmAddCertificate.dfm
$(Delphi)Demos\Db\IBX\Admin\frmAddCertificateU.dfm
$(Delphi)Demos\Db\IBX\Admin\frmAdminToolU.dfm
$(Delphi)Demos\Db\IBX\Admin\frmLoginU.dfm
$(Delphi)Demos\Db\IBX\Admin\frmUserInformationU.dfm
$(Delphi)Demos\Db\IBX\Admin\frmVerboseU.dfm
$(Delphi)Demos\Db\IBX\CachedUp\About.dfm
$(Delphi)Demos\Db\IBX\CachedUp\CachedUp.dfm
$(Delphi)Demos\Db\IBX\CachedUp\DataMod.dfm
$(Delphi)Demos\Db\IBX\CachedUp\Errform.dfm
$(Delphi)Demos\Db\IBX\IBSilentInstall\cfg_form.dfm
$(Delphi)Demos\Db\IBX\IBXEvents\Event1.dfm
$(Delphi)Demos\Db\IBX\IBXEvents\Event2.dfm
$(Delphi)Demos\Db\IBX\SQLMonitor\frmConnectU.dfm
$(Delphi)Demos\Db\IBX\SQLMonitor\frmMainU.dfm
$(Delphi)Demos\Db\IBX\SQLMonitor\frmMonitorU.dfm
$(Delphi)Demos\Db\IBX\SQLMonitor\frmTraceFlagsU.dfm
$(Delphi)Demos\Db\IBX\ThreadedIBX\dmThreadU.dfm
$(Delphi)Demos\Db\IBX\ThreadedIBX\frmMain.dfm
$(Delphi)Demos\Db\IBX\ThreadedIBX\frmQueryGridResultsU.dfm
$(Delphi)Demos\Db\IBX\ThreadedIBX\frmQueryResultsU.dfm
$(Delphi)Demos\Db\MastApp\About.dfm
$(Delphi)Demos\Db\MastApp\BrCstOrd.dfm
$(Delphi)Demos\Db\MastApp\Brparts.dfm
$(Delphi)Demos\Db\MastApp\CustRpt.dfm
$(Delphi)Demos\Db\MastApp\DataMod.dfm
$(Delphi)Demos\Db\MastApp\Edcust.dfm
$(Delphi)Demos\Db\MastApp\EDOrders.dfm
$(Delphi)Demos\Db\MastApp\Edparts.dfm
$(Delphi)Demos\Db\MastApp\InvcRpt.dfm
$(Delphi)Demos\Db\MastApp\Main.dfm
$(Delphi)Demos\Db\MastApp\OrderRpt.dfm
$(Delphi)Demos\Db\MastApp\Pickdate.dfm
$(Delphi)Demos\Db\MastApp\PickInvc.dfm
$(Delphi)Demos\Db\MastApp\Pickrep.dfm
$(Delphi)Demos\Db\MastApp\QryCust.dfm
$(Delphi)Demos\Db\MastApp\Splash.dfm
$(Delphi)Demos\Db\MastApp\SrchDlg.dfm
$(Delphi)Demos\Db\MtsPool\Pooling.dfm
$(Delphi)Demos\Db\TextData\TextMain.dfm
$(Delphi)Demos\Doc\Filmanex\FAttrDlg.dfm
$(Delphi)Demos\Doc\Filmanex\FChngDlg.dfm
$(Delphi)Demos\Doc\Filmanex\FMXWin.dfm
$(Delphi)Demos\Doc\Graphex\BMPDlg.dfm
$(Delphi)Demos\Doc\Graphex\GraphWin.dfm
$(Delphi)Demos\Doc\TextEdit\MDIEdit.dfm
$(Delphi)Demos\Doc\TextEdit\MDIFrame.dfm
$(Delphi)Demos\Docking\uConjoinHost.dfm
$(Delphi)Demos\Docking\uDockForm.dfm
$(Delphi)Demos\Docking\uMain.dfm
$(Delphi)Demos\Docking\uTabHost.dfm
$(Delphi)Demos\EarthPng\Main.dfm
$(Delphi)Demos\Football\about.dfm
$(Delphi)Demos\Football\Main.dfm
$(Delphi)Demos\Frames\Db\FrmData.dfm
$(Delphi)Demos\Frames\Db\FrmFancy.dfm
$(Delphi)Demos\Frames\Db\FrmMain.dfm
$(Delphi)Demos\Frames\Db\FrmMD.dfm
$(Delphi)Demos\ImagView\ImageWin.dfm
$(Delphi)Demos\ImagView\ViewWin.dfm
$(Delphi)Demos\Internet\ApacheDSO\DBModule\DBWebModule.dfm
$(Delphi)Demos\Internet\ApacheDSO\Hello\HelloUnit.dfm
$(Delphi)Demos\Internet\ApacheDSO\logging\Logger_u.dfm
$(Delphi)Demos\Internet\ApacheDSO\ModuleInit\ModuleInit_u.dfm
$(Delphi)Demos\Internet\CGIs\demo_src\PageProducerCGI\PageProducerHandlerU.dfm
$(Delphi)Demos\Internet\CGIs\demo_src\PortScanner\ScannerU.dfm
$(Delphi)Demos\Internet\CGIs\demo_src\WebRequestCGI\requestU.dfm
$(Delphi)Demos\Internet\rexec\Unit1.dfm
$(Delphi)Demos\Internet\WebServ\Apache\main.dfm
$(Delphi)Demos\Internet\WebServ\IIS\main.dfm
$(Delphi)Demos\Internet\XMLTransform\main.dfm
$(Delphi)Demos\Internet\XMLTransformClient\readme.dfm
$(Delphi)Demos\Internet\XMLTransformClient\XMLClient.dfm
$(Delphi)Demos\Internet\XMLTransformParam\ServerUnitCust1.dfm
$(Delphi)Demos\Internet\XMLTransformParam\SeverUnitCust2.dfm
$(Delphi)Demos\Internet\XMLTransformParam\UnitServerCustClient.dfm
$(Delphi)Demos\Internet\XMLTransformProvider\XMLProvider.dfm
$(Delphi)Demos\IntraWeb\Features\AlignAnchorsForm.dfm
$(Delphi)Demos\IntraWeb\Features\ChartForm.dfm
$(Delphi)Demos\IntraWeb\Features\ClientSideDataForm.dfm
$(Delphi)Demos\IntraWeb\Features\Combobox.dfm
$(Delphi)Demos\IntraWeb\Features\ContentWindow.dfm
$(Delphi)Demos\IntraWeb\Features\DownloadForm.dfm
$(Delphi)Demos\IntraWeb\Features\DynamicGridForm.dfm
$(Delphi)Demos\IntraWeb\Features\EditGridForm.dfm
$(Delphi)Demos\IntraWeb\Features\FDatamodule.dfm
$(Delphi)Demos\IntraWeb\Features\FDatamoduleD5Pro.dfm
$(Delphi)Demos\IntraWeb\Features\FileUploadForm.dfm
$(Delphi)Demos\IntraWeb\Features\Flash.dfm
$(Delphi)Demos\IntraWeb\Features\FlowForm.dfm
$(Delphi)Demos\IntraWeb\Features\GridForm.dfm
$(Delphi)Demos\IntraWeb\Features\JavaApplet.dfm
$(Delphi)Demos\IntraWeb\Features\Main.dfm
$(Delphi)Demos\IntraWeb\Features\MapForm.dfm
$(Delphi)Demos\IntraWeb\Features\MenuForm.dfm
$(Delphi)Demos\IntraWeb\Features\MenuFrame.dfm
$(Delphi)Demos\IntraWeb\Features\MessageDialogs.dfm
$(Delphi)Demos\IntraWeb\Features\pdfDemoForm.dfm
$(Delphi)Demos\IntraWeb\Features\ServerController.dfm
$(Delphi)Demos\IntraWeb\Features\Simple.dfm
$(Delphi)Demos\IntraWeb\Features\StyleSheetForm.dfm
$(Delphi)Demos\IntraWeb\Features\TemplateForm.dfm
$(Delphi)Demos\IntraWeb\Features\TimerForm.dfm
$(Delphi)Demos\IntraWeb\Features\TreeViewForm.dfm
$(Delphi)Demos\IntraWeb\FishFact\Main.dfm
$(Delphi)Demos\IntraWeb\FishFact\ServerController.dfm
$(Delphi)Demos\IntraWeb\FishFactDM\FFData.dfm
$(Delphi)Demos\IntraWeb\FishFactDM\Main.dfm
$(Delphi)Demos\IntraWeb\FishFactDM\ServerController.dfm
$(Delphi)Demos\IntraWeb\FormData\Dialog.dfm
$(Delphi)Demos\IntraWeb\FormData\Main.dfm
$(Delphi)Demos\IntraWeb\FormData\ServerController.dfm
$(Delphi)Demos\IntraWeb\Guess\Main.dfm
$(Delphi)Demos\IntraWeb\Guess\ServerController.dfm
$(Delphi)Demos\IntraWeb\GuessWB\Main.dfm
$(Delphi)Demos\IntraWeb\GuessWB\WebModule.dfm
$(Delphi)Demos\IntraWeb\Phonetics Customer Profiler\CallingPlan.dfm
$(Delphi)Demos\IntraWeb\Phonetics Customer Profiler\Discount.dfm
$(Delphi)Demos\IntraWeb\Phonetics Customer Profiler\Main.dfm
$(Delphi)Demos\IntraWeb\Phonetics Customer Profiler\Proposal.dfm
$(Delphi)Demos\IntraWeb\Phonetics Customer Profiler\Question1.dfm
$(Delphi)Demos\IntraWeb\Phonetics Customer Profiler\Question2.dfm
$(Delphi)Demos\IntraWeb\Phonetics Customer Profiler\Question3.dfm
$(Delphi)Demos\IntraWeb\Phonetics Customer Profiler\ServerController.dfm
$(Delphi)Demos\IntraWeb\WebSnapSurvey\AppModule.dfm
$(Delphi)Demos\IntraWeb\WebSnapSurvey\DebugForm.dfm
$(Delphi)Demos\IntraWeb\WebSnapSurvey\LoginPageModule.dfm
$(Delphi)Demos\IntraWeb\WebSnapSurvey\Page1Form.dfm
$(Delphi)Demos\IntraWeb\WebSnapSurvey\Page1Module.dfm
$(Delphi)Demos\IntraWeb\WebSnapSurvey\PageResultsForm.dfm
$(Delphi)Demos\IntraWeb\WebSnapSurvey\PageResultsModule.dfm
$(Delphi)Demos\Ipcdemos\About.dfm
$(Delphi)Demos\Ipcdemos\ClntForm.dfm
$(Delphi)Demos\Ipcdemos\MonForm.dfm
$(Delphi)Demos\Ipcdemos\TrcView.dfm
$(Delphi)Demos\Midas\Activefm\empedimp.dfm
$(Delphi)Demos\Midas\AdHoc\clientfr.dfm
$(Delphi)Demos\Midas\AdHoc\servdata.dfm
$(Delphi)Demos\Midas\AdHoc\servmain.dfm
$(Delphi)Demos\Midas\Aggregate\aggform.dfm
$(Delphi)Demos\Midas\Alchtest\alchmain.dfm
$(Delphi)Demos\Midas\Brfcase\clntfrm.dfm
$(Delphi)Demos\Midas\Brfcase\srvrdm.dfm
$(Delphi)Demos\Midas\Brfcase\srvrfrm.dfm
$(Delphi)Demos\Midas\EmpEdit\empform.dfm
$(Delphi)Demos\Midas\EmpEdit\servdata.dfm
$(Delphi)Demos\Midas\EmpEdit\servmain.dfm
$(Delphi)Demos\Midas\InternetExpress\CustomerList\CustomerListWebModule.dfm
$(Delphi)Demos\Midas\InternetExpress\CustomerList\rdmCustomerDataForm.dfm
$(Delphi)Demos\Midas\InternetExpress\CustomerList\rdmCustomerDataModule.dfm
$(Delphi)Demos\Midas\InternetExpress\InetXCenter\ComponentsInfoEditorUnit1.dfm
$(Delphi)Demos\Midas\InternetExpress\InetXCenter\ConsoleU.dfm
$(Delphi)Demos\Midas\InternetExpress\InetXCenter\InextXCenterModule.dfm
$(Delphi)Demos\Midas\InternetExpress\InetXCenter\rdmINetxCenterForm.dfm
$(Delphi)Demos\Midas\InternetExpress\InetXCenter\rdmINetXCenterModule.dfm
$(Delphi)Demos\Midas\Login\clntfrm.dfm
$(Delphi)Demos\Midas\Login\srvrdm.dfm
$(Delphi)Demos\Midas\Login\srvrfrm.dfm
$(Delphi)Demos\Midas\MstrDtl\clntdm.dfm
$(Delphi)Demos\Midas\MstrDtl\clntmain.dfm
$(Delphi)Demos\Midas\MstrDtl\srvrdm.dfm
$(Delphi)Demos\Midas\MstrDtl\srvrform.dfm
$(Delphi)Demos\Midas\Pooler\clntfrm.dfm
$(Delphi)Demos\Midas\Pooler\srvrdm.dfm
$(Delphi)Demos\Midas\Pooler\srvrfrm.dfm
$(Delphi)Demos\Midas\SetParam\ClientFr.dfm
$(Delphi)Demos\Midas\SetParam\ServData.dfm
$(Delphi)Demos\Midas\SetParam\servmain.dfm
$(Delphi)Demos\Midas\SharedConn\CliMain.dfm
$(Delphi)Demos\Midas\SharedConn\ServerMain.dfm
$(Delphi)Demos\Midas\SharedConn\uDM1.dfm
$(Delphi)Demos\Midas\SharedConn\uDM2.dfm
$(Delphi)Demos\Oracle8\OrTypes\ORTypeMain.dfm
$(Delphi)Demos\Ownerlst\Fontlist.dfm
$(Delphi)Demos\PropEdit\PieReg.dfm
$(Delphi)Demos\Quickrpt\Qr2\Grplist.dfm
$(Delphi)Demos\Quickrpt\Qr2\List.dfm
$(Delphi)Demos\Quickrpt\Qr2\Manygrp.dfm
$(Delphi)Demos\Quickrpt\Qr2\Md.dfm
$(Delphi)Demos\Quickrpt\Qr2\Menu.dfm
$(Delphi)Demos\Quickrpt\Qr3\basicmd.dfm
$(Delphi)Demos\Quickrpt\Qr3\exprmemo.dfm
$(Delphi)Demos\Quickrpt\Qr3\frmltr.dfm
$(Delphi)Demos\Quickrpt\Qr3\grouping.dfm
$(Delphi)Demos\Quickrpt\Qr3\history.dfm
$(Delphi)Demos\Quickrpt\Qr3\image.dfm
$(Delphi)Demos\Quickrpt\Qr3\mdmain.dfm
$(Delphi)Demos\Quickrpt\Qr3\mdrpt.dfm
$(Delphi)Demos\Quickrpt\Qr3\needdata.dfm
$(Delphi)Demos\ResXplor\About.dfm
$(Delphi)Demos\ResXplor\RXMain.dfm
$(Delphi)Demos\RichEdit\reabout.dfm
$(Delphi)Demos\RichEdit\remain.dfm
$(Delphi)Demos\RichEdit\Deu\reabout.dfm
$(Delphi)Demos\RichEdit\Deu\remain.dfm
$(Delphi)Demos\RichEdit\Enu\reabout.dfm
$(Delphi)Demos\RichEdit\Enu\remain.dfm
$(Delphi)Demos\RichEdit\Fra\reabout.dfm
$(Delphi)Demos\RichEdit\Fra\remain.dfm
$(Delphi)Demos\ShellControls\RootEdit.dfm
$(Delphi)Demos\Swat\about.dfm
$(Delphi)Demos\Swat\Main.dfm
$(Delphi)Demos\Swat\options.dfm
$(Delphi)Demos\TeeChart\basic.dfm
$(Delphi)Demos\TeeChart\bubble.dfm
$(Delphi)Demos\TeeChart\features.dfm
$(Delphi)Demos\TeeChart\gantt.dfm
$(Delphi)Demos\TeeChart\lastvalu.dfm
$(Delphi)Demos\TeeChart\linked.dfm
$(Delphi)Demos\TeeChart\loglab.dfm
$(Delphi)Demos\TeeChart\mulaxis.dfm
$(Delphi)Demos\TeeChart\pie.dfm
$(Delphi)Demos\TeeChart\specs.dfm
$(Delphi)Demos\TeeChart\sqlbars.dfm
$(Delphi)Demos\TeeChart\stackare.dfm
$(Delphi)Demos\TeeChart\tablepie.dfm
$(Delphi)Demos\TeeChart\teebasic.dfm
$(Delphi)Demos\TeeChart\teemain.dfm
$(Delphi)Demos\TeeChart\uanizoom.dfm
$(Delphi)Demos\TeeChart\uarrows.dfm
$(Delphi)Demos\TeeChart\uaxislab.dfm
$(Delphi)Demos\TeeChart\ubitmap.dfm
$(Delphi)Demos\TeeChart\ucolor.dfm
$(Delphi)Demos\TeeChart\ucrossh.dfm
$(Delphi)Demos\TeeChart\udbhoriz.dfm
$(Delphi)Demos\TeeChart\udemocha.dfm
$(Delphi)Demos\TeeChart\udraw.dfm
$(Delphi)Demos\TeeChart\ufast.dfm
$(Delphi)Demos\TeeChart\uhighlo.dfm
$(Delphi)Demos\TeeChart\ukeyboa.dfm
$(Delphi)Demos\TeeChart\ulegend.dfm
$(Delphi)Demos\TeeChart\umain.dfm
$(Delphi)Demos\TeeChart\umetafil.dfm
$(Delphi)Demos\TeeChart\uoverbar.dfm
$(Delphi)Demos\TeeChart\upages.dfm
$(Delphi)Demos\TeeChart\uprint.dfm
$(Delphi)Demos\TeeChart\uscroll.dfm
$(Delphi)Demos\TeeChart\uscrollb.dfm
$(Delphi)Demos\TeeChart\ushapes.dfm
$(Delphi)Demos\TeeChart\ustack.dfm
$(Delphi)Demos\TeeChart\uylegend.dfm
$(Delphi)Demos\Threads\ThSort.dfm
$(Delphi)Demos\ToolsAPI\ActionServices\FrmMain.dfm
$(Delphi)Demos\ToolsAPI\Editor Keybinding\BufferListForm.dfm
$(Delphi)Demos\ToolsAPI\Editor Keybinding\SaveKeyMacro.dfm
$(Delphi)Demos\ToolsAPI\INTAServices\DisplayU.dfm
$(Delphi)Demos\ToolsAPI\PackageDemo\FrmMain.dfm
$(Delphi)Demos\Virtual Listview\VListView.dfm
$(Delphi)Demos\WebServices\DBServer\DBServerClientUnit.dfm
$(Delphi)Demos\WebServices\DBServer\IssuesServerUnit.dfm
$(Delphi)Demos\WebServices\DBServer\SoapDBServerUnit.dfm
$(Delphi)Demos\WebServices\EchoService\Client\ClientForm_U.dfm
$(Delphi)Demos\WebServices\EchoService\Server\DataMod_U.dfm
$(Delphi)Demos\WebServices\EchoService\Server\Form_U.dfm
$(Delphi)Demos\WebServices\EchoService\Server\WebModule_U.dfm
$(Delphi)Demos\WebServices\IssuesSample\IssueErrors.dfm
$(Delphi)Demos\WebServices\IssuesSample\IssuesClientUnit.dfm
$(Delphi)Demos\WebServices\IssuesSample\IssuesServerUnit.dfm
$(Delphi)Demos\WebServices\PostTool\unit1.dfm
$(Delphi)Demos\WebServices\SOAPAttachments\Client\SoapDBAttachClientUnit.dfm
$(Delphi)Demos\WebServices\SOAPAttachments\Server\DBAttachUnit.dfm
$(Delphi)Demos\WebServices\SOAPDataModule\Client\ClientForm_U.dfm
$(Delphi)Demos\WebServices\SOAPDataModule\Server\DataMod_U.dfm
$(Delphi)Demos\WebServices\SOAPDataModule\Server\Form_U.dfm
$(Delphi)Demos\WebServices\SOAPDataModule\Server\WebModule_U.dfm
$(Delphi)Demos\WebServices\SOAPHeaders\client\Form_U.dfm
$(Delphi)Demos\WebServices\SOAPHeaders\server\WADForm_U.dfm
$(Delphi)Demos\WebServices\SOAPHeaders\server\WADWebModule_U.dfm
$(Delphi)Demos\WebServices\SOAPHeaders\server\WebModule_U.dfm
$(Delphi)Demos\WebSnap\ActionFieldTest\ConsoleU.dfm
$(Delphi)Demos\WebSnap\ActionFieldTest\DMU.dfm
$(Delphi)Demos\WebSnap\ActionFieldTest\HomeU.dfm
$(Delphi)Demos\WebSnap\ActionFieldTest\ItemsTableU.dfm
$(Delphi)Demos\WebSnap\ActionFieldTest\NewRowU.dfm
$(Delphi)Demos\WebSnap\BioLife\consoleU.dfm
$(Delphi)Demos\WebSnap\BioLife\DataU.dfm
$(Delphi)Demos\WebSnap\BioLife\FormU.dfm
$(Delphi)Demos\WebSnap\BioLife\GridU.dfm
$(Delphi)Demos\WebSnap\BioLife\HomeU.dfm
$(Delphi)Demos\WebSnap\BioLife\LoginU.dfm
$(Delphi)Demos\WebSnap\CountryEditor\ConsoleU.dfm
$(Delphi)Demos\WebSnap\CountryEditor\CountryFormU.dfm
$(Delphi)Demos\WebSnap\CountryEditor\CountryTableU.dfm
$(Delphi)Demos\WebSnap\CountryEditor\HomeU.dfm
$(Delphi)Demos\WebSnap\CountryReport\ConsoleUnit.dfm
$(Delphi)Demos\WebSnap\CountryReport\HomeUnit.dfm
$(Delphi)Demos\WebSnap\CountryReport\ReportUnit.dfm
$(Delphi)Demos\WebSnap\DBExpress\ConsoleUnit.dfm
$(Delphi)Demos\WebSnap\DBExpress\DetailsUnit.dfm
$(Delphi)Demos\WebSnap\DBExpress\DMUnit.dfm
$(Delphi)Demos\WebSnap\DBExpress\GridUnit.dfm
$(Delphi)Demos\WebSnap\DBExpress\HomeUnit.dfm
$(Delphi)Demos\WebSnap\DumpModules\ConsoleU.dfm
$(Delphi)Demos\WebSnap\DumpModules\CountryTableU.dfm
$(Delphi)Demos\WebSnap\DumpModules\DumpModulesU.dfm
$(Delphi)Demos\WebSnap\DumpModules\HomeU.dfm
$(Delphi)Demos\WebSnap\ImgBtnCountryEditor\ConsoleU.dfm
$(Delphi)Demos\WebSnap\ImgBtnCountryEditor\CountryFormU.dfm
$(Delphi)Demos\WebSnap\ImgBtnCountryEditor\CountryTableU.dfm
$(Delphi)Demos\WebSnap\ImgBtnCountryEditor\HomeU.dfm
$(Delphi)Demos\WebSnap\InternetExpress\ConsoleU.dfm
$(Delphi)Demos\WebSnap\InternetExpress\DMU.dfm
$(Delphi)Demos\WebSnap\InternetExpress\HomeU.dfm
$(Delphi)Demos\WebSnap\InternetExpress\InetXPageU.dfm
$(Delphi)Demos\WebSnap\InternetExpress\QueryU.dfm
$(Delphi)Demos\WebSnap\LocateFileService\ConsoleUnit.dfm
$(Delphi)Demos\WebSnap\LocateFileService\Page1Unit.dfm
$(Delphi)Demos\WebSnap\LocateFileService\Page2Unit.dfm
$(Delphi)Demos\WebSnap\LocateFileService\Page3Unit.dfm
$(Delphi)Demos\WebSnap\MasterDetail\ConsoleU.dfm
$(Delphi)Demos\WebSnap\MasterDetail\DMU.dfm
$(Delphi)Demos\WebSnap\MasterDetail\HomeU.dfm
$(Delphi)Demos\WebSnap\MasterDetail\OrderFormU.dfm
$(Delphi)Demos\WebSnap\MasterDetail\OrderGridU.dfm
$(Delphi)Demos\WebSnap\MinApp\ConsoleU.dfm
$(Delphi)Demos\WebSnap\MinApp\HomeU.dfm
$(Delphi)Demos\WebSnap\PhotoGallery\AddUserPageMod.dfm
$(Delphi)Demos\WebSnap\PhotoGallery\LoginPageMod.dfm
$(Delphi)Demos\WebSnap\PhotoGallery\MainFrm.dfm
$(Delphi)Demos\WebSnap\PhotoGallery\MainPageMod.dfm
$(Delphi)Demos\WebSnap\PhotoGallery\UpPicPageMod.dfm
$(Delphi)Demos\WebSnap\PhotoGallery\WebPageLookMod.dfm
$(Delphi)Demos\WebSnap\ScriptObjectTest\ConsoleU.dfm
$(Delphi)Demos\WebSnap\ScriptObjectTest\HomeU.dfm
$(Delphi)Demos\WebSnap\SessionTest\ConsoleU.dfm
$(Delphi)Demos\WebSnap\SessionTest\HomeU.dfm
$(Delphi)Demos\WebSnap\SessionTest\SessionInfoU.dfm
$(Delphi)Demos\WebSnap\SimpleAdapter\ConsoleU.dfm
$(Delphi)Demos\WebSnap\SimpleAdapter\CounterU.dfm
$(Delphi)Demos\WebSnap\SimpleAdapter\HomeU.dfm
$(Delphi)Demos\WebSnap\TestSvrInfo\ConsoleU.dfm
$(Delphi)Demos\WebSnap\TestSvrInfo\DetailsU.dfm
$(Delphi)Demos\WebSnap\TestSvrInfo\HomeU.dfm
$(Delphi)Demos\WebSnap\Tutorials\ConfigDelphiU.dfm
$(Delphi)Demos\WebSnap\Tutorials\ConsoleU.dfm
$(Delphi)Demos\WebSnap\Tutorials\CountryEditorU.dfm
$(Delphi)Demos\WebSnap\Tutorials\CountryReportU.dfm
$(Delphi)Demos\WebSnap\Tutorials\HomeU.dfm
$(Delphi)Demos\WebSnap\Tutorials\MinAppU.dfm
$(Delphi)Demos\WebSnap\Tutorials\TestSvrU.dfm
$(Delphi)Demos\WebSnap\Tutorials\TroubleShootingU.dfm
$(Delphi)Demos\WebSnap\WebDispatcher\ConsoleU.dfm
$(Delphi)Demos\WebSnap\WebDispatcher\MainU.dfm
$(Delphi)Demos\WebSnap\WebDispatcher\ModuleU.dfm
$(Delphi)Demos\WebSnap\WebMail\EmailMessageMod.dfm
$(Delphi)Demos\WebSnap\WebMail\LoginMod.dfm
$(Delphi)Demos\WebSnap\WebMail\MainFrm.dfm
$(Delphi)Demos\WebSnap\WebMail\MainMod.dfm
$(Delphi)Demos\WebSnap\WebMail\ViewMailMod.dfm
$(Delphi)Demos\WebSnap\XMLBiolife\ConsoleU.dfm
$(Delphi)Demos\WebSnap\XMLBiolife\DMU.dfm
$(Delphi)Demos\WebSnap\XMLBiolife\EditU.dfm
$(Delphi)Demos\WebSnap\XMLBiolife\GridU.dfm
$(Delphi)Demos\WebSnap\XMLBiolife\HomeU.dfm
$(Delphi)Demos\WebSnap\XMLBiolife\LoginU.dfm
$(Delphi)Demos\WebSnap\XSLProducer\ConsoleU.dfm
$(Delphi)Demos\WebSnap\XSLProducer\DisplayDataPacketU.dfm
$(Delphi)Demos\WebSnap\XSLProducer\DisplayFileU.dfm
$(Delphi)Demos\WebSnap\XSLProducer\DMU.dfm
$(Delphi)Demos\WebSnap\XSLProducer\HomeU.dfm
$(Delphi)Demos\WebSnap\XSLProducer\TransformDataPacketU.dfm
$(Delphi)Demos\WebSnap\XSLProducer\TransformFileU.dfm
$(Delphi)Lib\ActnRes.dfm
$(Delphi)Lib\AdoConEd.dfm
$(Delphi)Lib\Arrowedi.dfm
$(Delphi)Lib\AxisIncr.dfm
$(Delphi)Lib\Axmaxmin.dfm
$(Delphi)Lib\BrushDlg.dfm
$(Delphi)Lib\BubbleDi.dfm
$(Delphi)Lib\CustomizeDlg.dfm
$(Delphi)Lib\DBActRes.dfm
$(Delphi)Lib\DBClientActnRes.dfm
$(Delphi)Lib\DbExcept.dfm
$(Delphi)Lib\dbinpreq.dfm
$(Delphi)Lib\DBLOGDLG.dfm
$(Delphi)Lib\DbPWDlg.dfm
$(Delphi)Lib\DdeReg.dfm
$(Delphi)Lib\FLineEdi.dfm
$(Delphi)Lib\GanttEdi.dfm
$(Delphi)Lib\Ibevnts.dfm
$(Delphi)Lib\IBGeneratorEditor.dfm
$(Delphi)Lib\IBRestoreEditor.dfm
$(Delphi)Lib\IBSecurityEditor.dfm
$(Delphi)Lib\IBServiceEditor.dfm
$(Delphi)Lib\PenDlg.dfm
$(Delphi)Lib\QRAbout.dfm
$(Delphi)Lib\QRCompEd.dfm
$(Delphi)Lib\QRDatasu.dfm
$(Delphi)Lib\QREnvEd.dfm
$(Delphi)Lib\QRExpBld.dfm
$(Delphi)Lib\QRExprEd.dfm
$(Delphi)Lib\QRLablEd.dfm
$(Delphi)Lib\Qrprev.dfm
$(Delphi)Lib\QRPrgres.dfm
$(Delphi)Lib\recerror.dfm
$(Delphi)Lib\ShapeEdi.dfm
$(Delphi)Lib\SqlEdit.dfm
$(Delphi)Lib\TeeAbout.dfm
$(Delphi)Lib\TeeGally.dfm
$(Delphi)Lib\TeePoEdi.dfm
$(Delphi)Lib\TeePrevi.dfm
$(Delphi)Lib\TeExport.dfm
$(Delphi)Objrepos\dcdemo.dfm
$(Delphi)Objrepos\RecError.dfm
$(Delphi)Objrepos\IntraWeb\Apache\IWUnit1.dfm
$(Delphi)Objrepos\IntraWeb\Apache\ServerController.dfm
$(Delphi)Objrepos\IntraWeb\Apache2\IWUnit1.dfm
$(Delphi)Objrepos\IntraWeb\Apache2\ServerController.dfm
$(Delphi)Objrepos\IntraWeb\AppForm\IWUnit1.dfm
$(Delphi)Objrepos\IntraWeb\ISAPI\IWUnit1.dfm
$(Delphi)Objrepos\IntraWeb\ISAPI\ServerController.dfm
$(Delphi)Objrepos\IntraWeb\PageForm\IWUnit2.dfm
$(Delphi)Objrepos\IntraWeb\StandAlone\IWUnit1.dfm
$(Delphi)Objrepos\IntraWeb\StandAlone\ServerController.dfm
$(Delphi)Objrepos\IntraWeb\StandAloneDM\DatamoduleUnit.dfm
$(Delphi)Objrepos\IntraWeb\StandAloneDM\IWUnit1.dfm
$(Delphi)Objrepos\IntraWeb\StandAloneDM\ServerController.dfm
$(Delphi)Objrepos\MdiApp\about.dfm
$(Delphi)Objrepos\Win2KApp\About.dfm
$(Delphi)Objrepos\Win2KApp\LogoMain.dfm
$(Delphi)Objrepos\Win2KApp\W2kMain.dfm
$(Delphi)Projects\Encr\MainForm.dfm
$(Delphi)Projects\SysInfo\SysMainForm.dfm
$(Delphi)Projects\Testing Code\MainForm.dfm
$(Delphi)Rave5\Demos\DM.dfm
$(Delphi)Rave5\Demos\Main.dfm
$(Delphi)Rave5\Lib\RpFormPreview.dfm
$(Delphi)Rave5\Lib\RpFormSetup.dfm
$(Delphi)Rave5\Lib\RpFormStatus.dfm
$(Delphi)Source\Internet\StubAction.dfm
$(Delphi)Source\Property Editors\AdoConEd.dfm
$(Delphi)Source\Property Editors\CDSEdit.dfm
$(Delphi)Source\Property Editors\ColnEdit.dfm
$(Delphi)Source\Property Editors\Dbedit.dfm
$(Delphi)Source\Property Editors\dbinpreq.dfm
$(Delphi)Source\Property Editors\DbOleEdt.dfm
$(Delphi)Source\Property Editors\DSAdd.dfm
$(Delphi)Source\Property Editors\DSAttrA.dfm
$(Delphi)Source\Property Editors\DSAttrS.dfm
$(Delphi)Source\Property Editors\DSDefine.dfm
$(Delphi)Source\Property Editors\DSDesign.dfm
$(Delphi)Source\Property Editors\Ixedit.dfm
$(Delphi)Source\Property Editors\PicEdit.dfm
$(Delphi)Source\Property Editors\SqlEdit.dfm
$(Delphi)Source\Property Editors\StrEdit.dfm
$(Delphi)Source\Property Editors\StringsEdit.dfm
$(Delphi)Source\Property Editors\ValueEdit.dfm
$(Delphi)Source\Vcl\ActnRes.dfm
$(Delphi)Source\Vcl\CustomizeDlg.dfm
$(Delphi)Source\Vcl\DBLOGDLG.dfm
$(Delphi)Source\Vcl\DbPWDlg.dfm
$(Delphi)Source\Vcl\HTTPIntr.dfm
$(Delphi)Source\Vcl\IBGeneratorEditor.dfm
$(Delphi)Source\Vcl\IBRestoreEditor.dfm
$(Delphi)Source\Vcl\IBSecurityEditor.dfm
$(Delphi)Source\Vcl\IBServiceEditor.dfm
$(Delphi)Source\Vcl\ScktMain.dfm
