$(Delphi)Demos\ActionBands\main.pas
$(Delphi)Demos\ActionBands\AlphaBlendMenus\Main.pas
$(Delphi)Demos\ActionBands\DynaActionBands\main.pas
$(Delphi)Demos\ActionBands\MRU\main.pas
$(Delphi)Demos\Actions\Main.pas
$(Delphi)Demos\ActiveX\COM+Event\Event\eventunit.pas
$(Delphi)Demos\ActiveX\COM+Event\Event\event_tlb.pas
$(Delphi)Demos\ActiveX\COM+Event\Publisher\publisherunit.pas
$(Delphi)Demos\ActiveX\COM+Event\Subscriber\subscriberunit.pas
$(Delphi)Demos\ActiveX\COM+Event\Subscriber\subscriber_tlb.pas
$(Delphi)Demos\ActiveX\OleAuto\AutoCtrl\AutoCtl.pas
$(Delphi)Demos\ActiveX\OleAuto\AutoServ\AutoForm.pas
$(Delphi)Demos\ActiveX\OleAuto\AutoServ\EditFrm.pas
$(Delphi)Demos\ActiveX\OleAuto\AutoServ\MainFrm.pas
$(Delphi)Demos\ActiveX\OleAuto\AutoServ\MemoAuto.pas
$(Delphi)Demos\ActiveX\OleAuto\AutoServ\Memo_TLB.pas
$(Delphi)Demos\ActiveX\OleAuto\SrvComp\PowerPoint\Main.pas
$(Delphi)Demos\ActiveX\OleAuto\SrvComp\Word\Main.pas
$(Delphi)Demos\ActiveX\OleAuto\Word8\AutoImpl.pas
$(Delphi)Demos\ActiveX\OleAuto\Word8\WordAuto.pas
$(Delphi)Demos\ActiveX\OleCtnrs\about.pas
$(Delphi)Demos\ActiveX\OleCtnrs\mdichild.pas
$(Delphi)Demos\ActiveX\OleCtnrs\mdimain.pas
$(Delphi)Demos\ActiveX\OleCtnrs\sdimain.pas
$(Delphi)Demos\ActiveX\ShellExt\ContextM.pas
$(Delphi)Demos\ActiveX\ShellExt\CopyHk.pas
$(Delphi)Demos\ActiveX\ShellExt\PureContextMenu.pas
$(Delphi)Demos\ActiveX\SvrExtra\Project2000.pas
$(Delphi)Demos\ActiveX\SvrExtra\VisioGrf2000.pas
$(Delphi)Demos\ActiveX\SvrExtra\VisioLib2000.pas
$(Delphi)Demos\ActiveX\SvrExtra\VisioPrx2000.pas
$(Delphi)Demos\ActiveX\TRegSvr\RegConst.pas
$(Delphi)Demos\Ado\AdoTest\AdoMain.pas
$(Delphi)Demos\Ado\AdoTest\RecError.pas
$(Delphi)Demos\Ado\Briefcase\BriefcaseMain.pas
$(Delphi)Demos\Ado\Rds\ADODB_TLB.pas
$(Delphi)Demos\Ado\Rds\AppServer.pas
$(Delphi)Demos\Ado\Rds\ClientMain.pas
$(Delphi)Demos\Ado\Rds\MainForm.pas
$(Delphi)Demos\Ado\Rds\RDS_TLB.pas
$(Delphi)Demos\Ado\Rds\RServer_TLB.pas
$(Delphi)Demos\Ado\Shape\ShapeMain.pas
$(Delphi)Demos\AppEvents\main.pas
$(Delphi)Demos\Clx\BasicEd\AboutFrm.pas
$(Delphi)Demos\Clx\BasicEd\EditFrm.pas
$(Delphi)Demos\Clx\BasicEd\MainFrm.pas
$(Delphi)Demos\Clx\ClxExplorer\MainFrm.pas
$(Delphi)Demos\Clx\QuickStart\About.pas
$(Delphi)Demos\Clx\QuickStart\main.pas
$(Delphi)Demos\Clx\StopWatch\main.pas
$(Delphi)Demos\Clx\TextBrowser\main.pas
$(Delphi)Demos\ConvertIt\ConvertItUnit.pas
$(Delphi)Demos\ConvertIt\EuroConv.pas
$(Delphi)Demos\CoolStuf\About.pas
$(Delphi)Demos\CoolStuf\Main.pas
$(Delphi)Demos\Corba\Idl2Pas\CosNaming\Bank_c.pas
$(Delphi)Demos\Corba\Idl2Pas\CosNaming\Bank_i.pas
$(Delphi)Demos\Corba\Idl2Pas\CosNaming\Bank_impl.pas
$(Delphi)Demos\Corba\Idl2Pas\CosNaming\Bank_s.pas
$(Delphi)Demos\Corba\Idl2Pas\CosNaming\ClientMain.pas
$(Delphi)Demos\Corba\Idl2Pas\CosNaming\Main.pas
$(Delphi)Demos\Corba\Idl2Pas\CosNaming\ServerMain.pas
$(Delphi)Demos\Corba\Idl2Pas\Interface Arg\Bank_c.pas
$(Delphi)Demos\Corba\Idl2Pas\Interface Arg\Bank_i.pas
$(Delphi)Demos\Corba\Idl2Pas\Interface Arg\Bank_impl.pas
$(Delphi)Demos\Corba\Idl2Pas\Interface Arg\Bank_s.pas
$(Delphi)Demos\Corba\Idl2Pas\Interface Arg\ClientMain.pas
$(Delphi)Demos\Corba\Idl2Pas\Interface Arg\ServerMain.pas
$(Delphi)Demos\Cpl\Date\main.pas
$(Delphi)Demos\Cpl\Date\ufrmdt.pas
$(Delphi)Demos\CustomDraw\CustomDrawTreeView.pas
$(Delphi)Demos\Db\BkQuery\QueryFrm.pas
$(Delphi)Demos\Db\BkQuery\ResltFrm.pas
$(Delphi)Demos\Db\BkQuery\SaveQAs.pas
$(Delphi)Demos\Db\CacheDup\About.pas
$(Delphi)Demos\Db\CacheDup\CachedUp.pas
$(Delphi)Demos\Db\CacheDup\DataMod.pas
$(Delphi)Demos\Db\CacheDup\ErrForm.pas
$(Delphi)Demos\Db\CsDemos\DmCSDemo.pas
$(Delphi)Demos\Db\CsDemos\Frmexesp.pas
$(Delphi)Demos\Db\CsDemos\Frmmain.pas
$(Delphi)Demos\Db\CsDemos\Frmqrysp.pas
$(Delphi)Demos\Db\CsDemos\Frmtrans.pas
$(Delphi)Demos\Db\CsDemos\Frmtrigg.pas
$(Delphi)Demos\Db\CsDemos\Frmviews.pas
$(Delphi)Demos\Db\CtrlGrid\About.pas
$(Delphi)Demos\Db\CtrlGrid\CtrlForm.pas
$(Delphi)Demos\Db\CtrlGrid\DM.pas
$(Delphi)Demos\Db\DbErrors\About.pas
$(Delphi)Demos\Db\DbErrors\DM1.pas
$(Delphi)Demos\Db\DbErrors\Main.pas
$(Delphi)Demos\Db\DbxExplorer\dbxexplore.pas
$(Delphi)Demos\Db\DbxExplorer\dbxrecerror.pas
$(Delphi)Demos\Db\Filter\About.pas
$(Delphi)Demos\Db\Filter\CustView.pas
$(Delphi)Demos\Db\Filter\dm.pas
$(Delphi)Demos\Db\Filter\Filter1.pas
$(Delphi)Demos\Db\FishFact\Ffactwin.pas
$(Delphi)Demos\Db\GdsDemo\GdsData.pas
$(Delphi)Demos\Db\GdsDemo\GdsStd.pas
$(Delphi)Demos\Db\GdsDemo\GridForm.pas
$(Delphi)Demos\Db\GdsDemo\RecForm.pas
$(Delphi)Demos\Db\IBDemo\Event1.pas
$(Delphi)Demos\Db\IBDemo\Event2.pas
$(Delphi)Demos\Db\IBMastApp\About.pas
$(Delphi)Demos\Db\IBMastApp\BrCstOrd.pas
$(Delphi)Demos\Db\IBMastApp\Brparts.pas
$(Delphi)Demos\Db\IBMastApp\CustRpt.pas
$(Delphi)Demos\Db\IBMastApp\DataMod.pas
$(Delphi)Demos\Db\IBMastApp\Edcust.pas
$(Delphi)Demos\Db\IBMastApp\EDOrders.pas
$(Delphi)Demos\Db\IBMastApp\Edparts.pas
$(Delphi)Demos\Db\IBMastApp\InvcRpt.pas
$(Delphi)Demos\Db\IBMastApp\Main.pas
$(Delphi)Demos\Db\IBMastApp\OrderRpt.pas
$(Delphi)Demos\Db\IBMastApp\Pickdate.pas
$(Delphi)Demos\Db\IBMastApp\PickInvc.pas
$(Delphi)Demos\Db\IBMastApp\Pickrep.pas
$(Delphi)Demos\Db\IBMastApp\QryCust.pas
$(Delphi)Demos\Db\IBMastApp\Splash.pas
$(Delphi)Demos\Db\IBMastApp\SrchDlg.pas
$(Delphi)Demos\Db\IBX\Admin\frmAddCertificate.pas
$(Delphi)Demos\Db\IBX\Admin\frmAddCertificateU.pas
$(Delphi)Demos\Db\IBX\Admin\frmAdminToolU.pas
$(Delphi)Demos\Db\IBX\Admin\frmLoginU.pas
$(Delphi)Demos\Db\IBX\Admin\frmUserInformationU.pas
$(Delphi)Demos\Db\IBX\Admin\frmVerboseU.pas
$(Delphi)Demos\Db\IBX\CachedUp\About.pas
$(Delphi)Demos\Db\IBX\CachedUp\CachedUp.pas
$(Delphi)Demos\Db\IBX\CachedUp\DataMod.pas
$(Delphi)Demos\Db\IBX\CachedUp\Errform.pas
$(Delphi)Demos\Db\IBX\IBSilentInstall\cfg_form.pas
$(Delphi)Demos\Db\IBX\IBSilentInstall\IBInstallBindings.pas
$(Delphi)Demos\Db\IBX\IBXEvents\Event1.pas
$(Delphi)Demos\Db\IBX\IBXEvents\Event2.pas
$(Delphi)Demos\Db\IBX\SQLMonitor\frmConnectU.pas
$(Delphi)Demos\Db\IBX\SQLMonitor\frmMainU.pas
$(Delphi)Demos\Db\IBX\SQLMonitor\frmMonitorU.pas
$(Delphi)Demos\Db\IBX\SQLMonitor\frmTraceFlagsU.pas
$(Delphi)Demos\Db\IBX\ThreadedIBX\dmThreadU.pas
$(Delphi)Demos\Db\IBX\ThreadedIBX\frmMain.pas
$(Delphi)Demos\Db\IBX\ThreadedIBX\frmQueryGridResultsU.pas
$(Delphi)Demos\Db\IBX\ThreadedIBX\frmQueryResultsU.pas
$(Delphi)Demos\Db\IBX\ThreadedIBX\ThreadQueryU.pas
$(Delphi)Demos\Db\MastApp\About.pas
$(Delphi)Demos\Db\MastApp\BrCstOrd.pas
$(Delphi)Demos\Db\MastApp\Brparts.pas
$(Delphi)Demos\Db\MastApp\CustRpt.pas
$(Delphi)Demos\Db\MastApp\DataMod.pas
$(Delphi)Demos\Db\MastApp\Edcust.pas
$(Delphi)Demos\Db\MastApp\EDOrders.pas
$(Delphi)Demos\Db\MastApp\Edparts.pas
$(Delphi)Demos\Db\MastApp\InvcRpt.pas
$(Delphi)Demos\Db\MastApp\Main.pas
$(Delphi)Demos\Db\MastApp\OrderRpt.pas
$(Delphi)Demos\Db\MastApp\Pickdate.pas
$(Delphi)Demos\Db\MastApp\PickInvc.pas
$(Delphi)Demos\Db\MastApp\Pickrep.pas
$(Delphi)Demos\Db\MastApp\QryCust.pas
$(Delphi)Demos\Db\MastApp\Splash.pas
$(Delphi)Demos\Db\MastApp\SrchDlg.pas
$(Delphi)Demos\Db\MtsPool\Pooling.pas
$(Delphi)Demos\Db\SQLClientDataset\DBLocal.pas
$(Delphi)Demos\Db\SQLClientDataset\DBLocalB.pas
$(Delphi)Demos\Db\SQLClientDataset\DBLocalS.pas
$(Delphi)Demos\Db\SQLClientDataset\DBLReg.pas
$(Delphi)Demos\Db\SQLClientDataset\DBLRegB.pas
$(Delphi)Demos\Db\SQLClientDataset\DBLRegS.pas
$(Delphi)Demos\Db\TextData\TextData.pas
$(Delphi)Demos\Db\TextData\TextMain.pas
$(Delphi)Demos\DbClx\fishfact\Ffactlin.pas
$(Delphi)Demos\DbClx\frames\frmData.pas
$(Delphi)Demos\DbClx\frames\frmFancy.pas
$(Delphi)Demos\DbClx\frames\frmMain.pas
$(Delphi)Demos\DbClx\frames\FrmMD.pas
$(Delphi)Demos\DbClx\mybasexplorer\AddNewTable.pas
$(Delphi)Demos\DbClx\mybasexplorer\MyBaseExpMain.pas
$(Delphi)Demos\Demolbl\DemoLbl.pas
$(Delphi)Demos\Doc\Filmanex\FAttrDlg.pas
$(Delphi)Demos\Doc\Filmanex\FChngDlg.pas
$(Delphi)Demos\Doc\Filmanex\FmxUtils.pas
$(Delphi)Demos\Doc\Filmanex\FMXWin.pas
$(Delphi)Demos\Doc\Graphex\BMPDlg.pas
$(Delphi)Demos\Doc\Graphex\GraphWin.pas
$(Delphi)Demos\Doc\TextEdit\MDIEdit.pas
$(Delphi)Demos\Doc\TextEdit\MDIFrame.pas
$(Delphi)Demos\Docking\uConjoinHost.pas
$(Delphi)Demos\Docking\uDockForm.pas
$(Delphi)Demos\Docking\uMain.pas
$(Delphi)Demos\Docking\uTabHost.pas
$(Delphi)Demos\EarthPng\Main.pas
$(Delphi)Demos\Football\about.pas
$(Delphi)Demos\Football\Main.pas
$(Delphi)Demos\Frames\Db\FrmData.pas
$(Delphi)Demos\Frames\Db\FrmFancy.pas
$(Delphi)Demos\Frames\Db\FrmMain.pas
$(Delphi)Demos\Frames\Db\FrmMD.pas
$(Delphi)Demos\ImagView\ImageWin.pas
$(Delphi)Demos\ImagView\ViewWin.pas
$(Delphi)Demos\Internet\ApacheConfigEditor\ACE_u.pas
$(Delphi)Demos\Internet\ApacheConfigEditor\ArgMgr.pas
$(Delphi)Demos\Internet\ApacheConfigEditor\clxokcancl1.pas
$(Delphi)Demos\Internet\ApacheConfigEditor\ColorMemo.pas
$(Delphi)Demos\Internet\ApacheConfigEditor\ConfEditor.pas
$(Delphi)Demos\Internet\ApacheConfigEditor\ConfEntries.pas
$(Delphi)Demos\Internet\ApacheConfigEditor\DlgConfEntryIdentifiers.pas
$(Delphi)Demos\Internet\ApacheConfigEditor\DlgDelphiConfEntry.pas
$(Delphi)Demos\Internet\ApacheDSO\Authentication\Authentication_u.pas
$(Delphi)Demos\Internet\ApacheDSO\Authorization\Authorization_u.pas
$(Delphi)Demos\Internet\ApacheDSO\DBModule\DBWebModule.pas
$(Delphi)Demos\Internet\ApacheDSO\Hello\HelloUnit.pas
$(Delphi)Demos\Internet\ApacheDSO\logging\Logger_u.pas
$(Delphi)Demos\Internet\ApacheDSO\ModuleInit\ApacheInit.pas
$(Delphi)Demos\Internet\ApacheDSO\ModuleInit\ModuleInit_u.pas
$(Delphi)Demos\Internet\CGIs\demo_src\PageProducerCGI\PageProducerHandlerU.pas
$(Delphi)Demos\Internet\CGIs\demo_src\PortScanner\MainMod.pas
$(Delphi)Demos\Internet\CGIs\demo_src\PortScanner\ScannerU.pas
$(Delphi)Demos\Internet\CGIs\demo_src\WebRequestCGI\requestU.pas
$(Delphi)Demos\Internet\NetChat\Chatmain.pas
$(Delphi)Demos\Internet\rexec\Unit1.pas
$(Delphi)Demos\Internet\WebServ\Apache\main.pas
$(Delphi)Demos\Internet\WebServ\IIS\main.pas
$(Delphi)Demos\Internet\XMLTransform\main.pas
$(Delphi)Demos\Internet\XMLTransformClient\readme.pas
$(Delphi)Demos\Internet\XMLTransformClient\XMLClient.pas
$(Delphi)Demos\Internet\XMLTransformParam\ServerCust_TLB.pas
$(Delphi)Demos\Internet\XMLTransformParam\ServerUnitCust1.pas
$(Delphi)Demos\Internet\XMLTransformParam\SeverUnitCust2.pas
$(Delphi)Demos\Internet\XMLTransformParam\UnitServerCustClient.pas
$(Delphi)Demos\Internet\XMLTransformProvider\XMLProvider.pas
$(Delphi)Demos\IntraWeb\Features\AlignAnchorsForm.pas
$(Delphi)Demos\IntraWeb\Features\ChartForm.pas
$(Delphi)Demos\IntraWeb\Features\ClientSideDataForm.pas
$(Delphi)Demos\IntraWeb\Features\Combobox.pas
$(Delphi)Demos\IntraWeb\Features\ContentWindow.pas
$(Delphi)Demos\IntraWeb\Features\DownloadForm.pas
$(Delphi)Demos\IntraWeb\Features\DynamicGridForm.pas
$(Delphi)Demos\IntraWeb\Features\EditGridForm.pas
$(Delphi)Demos\IntraWeb\Features\FDatamodule.pas
$(Delphi)Demos\IntraWeb\Features\FDatamoduleD5Pro.pas
$(Delphi)Demos\IntraWeb\Features\FileUploadForm.pas
$(Delphi)Demos\IntraWeb\Features\Flash.pas
$(Delphi)Demos\IntraWeb\Features\FlowForm.pas
$(Delphi)Demos\IntraWeb\Features\Global.pas
$(Delphi)Demos\IntraWeb\Features\GridForm.pas
$(Delphi)Demos\IntraWeb\Features\JavaApplet.pas
$(Delphi)Demos\IntraWeb\Features\Main.pas
$(Delphi)Demos\IntraWeb\Features\MapForm.pas
$(Delphi)Demos\IntraWeb\Features\MenuForm.pas
$(Delphi)Demos\IntraWeb\Features\MenuFrame.pas
$(Delphi)Demos\IntraWeb\Features\MessageDialogs.pas
$(Delphi)Demos\IntraWeb\Features\pdfDemoForm.pas
$(Delphi)Demos\IntraWeb\Features\ServerController.pas
$(Delphi)Demos\IntraWeb\Features\Simple.pas
$(Delphi)Demos\IntraWeb\Features\StyleSheetForm.pas
$(Delphi)Demos\IntraWeb\Features\TemplateForm.pas
$(Delphi)Demos\IntraWeb\Features\TimerForm.pas
$(Delphi)Demos\IntraWeb\Features\TreeViewForm.pas
$(Delphi)Demos\IntraWeb\FishFact\Main.pas
$(Delphi)Demos\IntraWeb\FishFact\ServerController.pas
$(Delphi)Demos\IntraWeb\FishFactDM\FFData.pas
$(Delphi)Demos\IntraWeb\FishFactDM\Main.pas
$(Delphi)Demos\IntraWeb\FishFactDM\ServerController.pas
$(Delphi)Demos\IntraWeb\FormData\Dialog.pas
$(Delphi)Demos\IntraWeb\FormData\Main.pas
$(Delphi)Demos\IntraWeb\FormData\ServerController.pas
$(Delphi)Demos\IntraWeb\Guess\Main.pas
$(Delphi)Demos\IntraWeb\Guess\ServerController.pas
$(Delphi)Demos\IntraWeb\GuessWB\Main.pas
$(Delphi)Demos\IntraWeb\GuessWB\WebModule.pas
$(Delphi)Demos\IntraWeb\Phonetics Customer Profiler\CallingPlan.pas
$(Delphi)Demos\IntraWeb\Phonetics Customer Profiler\Discount.pas
$(Delphi)Demos\IntraWeb\Phonetics Customer Profiler\Main.pas
$(Delphi)Demos\IntraWeb\Phonetics Customer Profiler\Proposal.pas
$(Delphi)Demos\IntraWeb\Phonetics Customer Profiler\Question1.pas
$(Delphi)Demos\IntraWeb\Phonetics Customer Profiler\Question2.pas
$(Delphi)Demos\IntraWeb\Phonetics Customer Profiler\Question3.pas
$(Delphi)Demos\IntraWeb\Phonetics Customer Profiler\ServerController.pas
$(Delphi)Demos\IntraWeb\WebSnapSurvey\AppModule.pas
$(Delphi)Demos\IntraWeb\WebSnapSurvey\DebugForm.pas
$(Delphi)Demos\IntraWeb\WebSnapSurvey\Global.pas
$(Delphi)Demos\IntraWeb\WebSnapSurvey\LoginPageModule.pas
$(Delphi)Demos\IntraWeb\WebSnapSurvey\Page1Form.pas
$(Delphi)Demos\IntraWeb\WebSnapSurvey\Page1Module.pas
$(Delphi)Demos\IntraWeb\WebSnapSurvey\PageResultsForm.pas
$(Delphi)Demos\IntraWeb\WebSnapSurvey\PageResultsModule.pas
$(Delphi)Demos\Ipcdemos\About.pas
$(Delphi)Demos\Ipcdemos\ClntForm.pas
$(Delphi)Demos\Ipcdemos\IPCThrd.pas
$(Delphi)Demos\Ipcdemos\MonForm.pas
$(Delphi)Demos\Ipcdemos\TrcView.pas
$(Delphi)Demos\Midas\Activefm\empedimp.pas
$(Delphi)Demos\Midas\Activefm\empe_tlb.pas
$(Delphi)Demos\Midas\AdHoc\clientfr.pas
$(Delphi)Demos\Midas\AdHoc\servdata.pas
$(Delphi)Demos\Midas\AdHoc\servmain.pas
$(Delphi)Demos\Midas\AdHoc\serv_tlb.pas
$(Delphi)Demos\Midas\Aggregate\aggform.pas
$(Delphi)Demos\Midas\Alchtest\alchmain.pas
$(Delphi)Demos\Midas\Brfcase\clntfrm.pas
$(Delphi)Demos\Midas\Brfcase\server_tlb.pas
$(Delphi)Demos\Midas\Brfcase\srvrdm.pas
$(Delphi)Demos\Midas\Brfcase\srvrfrm.pas
$(Delphi)Demos\Midas\EmpEdit\empform.pas
$(Delphi)Demos\Midas\EmpEdit\servdata.pas
$(Delphi)Demos\Midas\EmpEdit\servmain.pas
$(Delphi)Demos\Midas\EmpEdit\serv_tlb.pas
$(Delphi)Demos\Midas\InternetExpress\CustomerList\CustomerListWebModule.pas
$(Delphi)Demos\Midas\InternetExpress\CustomerList\Midas_TLB.pas
$(Delphi)Demos\Midas\InternetExpress\CustomerList\rdmCustomerDataForm.pas
$(Delphi)Demos\Midas\InternetExpress\CustomerList\rdmCustomerDataModule.pas
$(Delphi)Demos\Midas\InternetExpress\CustomerList\rdmCustomerData_TLB.pas
$(Delphi)Demos\Midas\InternetExpress\InetXCenter\ComponentsInfoEditorUnit1.pas
$(Delphi)Demos\Midas\InternetExpress\InetXCenter\ConsoleU.pas
$(Delphi)Demos\Midas\InternetExpress\InetXCenter\InetXCenterProd.pas
$(Delphi)Demos\Midas\InternetExpress\InetXCenter\InextXCenterModule.pas
$(Delphi)Demos\Midas\InternetExpress\InetXCenter\Midas_TLB.pas
$(Delphi)Demos\Midas\InternetExpress\InetXCenter\rdmCustomComponents_TLB.pas
$(Delphi)Demos\Midas\InternetExpress\InetXCenter\rdmINetxCenterForm.pas
$(Delphi)Demos\Midas\InternetExpress\InetXCenter\rdmINetXCenterModule.pas
$(Delphi)Demos\Midas\InternetExpress\InetXCenter\rdmINetXCenter_TLB.pas
$(Delphi)Demos\Midas\InternetExpress\InetXCenter\ReadFileClientDataSet.pas
$(Delphi)Demos\Midas\InternetExpress\InetXCustom\CustLayout.pas
$(Delphi)Demos\Midas\InternetExpress\InetXCustom\FieldAttr.pas
$(Delphi)Demos\Midas\InternetExpress\InetXCustom\ImgButtons.pas
$(Delphi)Demos\Midas\InternetExpress\InetXCustom\InetXCustomReg.pas
$(Delphi)Demos\Midas\InternetExpress\InetXCustom\LinkFlds.pas
$(Delphi)Demos\Midas\InternetExpress\InetXCustom\QueryComps.pas
$(Delphi)Demos\Midas\InternetExpress\InetXCustom\ReconcileProd.pas
$(Delphi)Demos\Midas\InternetExpress\InetXCustom\RowSetStatus.pas
$(Delphi)Demos\Midas\InternetExpress\InetXCustom\ShowXML.pas
$(Delphi)Demos\Midas\InternetExpress\InetXCustom\SortFlds.pas
$(Delphi)Demos\Midas\InternetExpress\InetXCustom\WebCombo.pas
$(Delphi)Demos\Midas\Intrcpt\intrcptu.pas
$(Delphi)Demos\Midas\Login\clntfrm.pas
$(Delphi)Demos\Midas\Login\server_tlb.pas
$(Delphi)Demos\Midas\Login\srvrdm.pas
$(Delphi)Demos\Midas\Login\srvrfrm.pas
$(Delphi)Demos\Midas\MstrDtl\clntdm.pas
$(Delphi)Demos\Midas\MstrDtl\clntmain.pas
$(Delphi)Demos\Midas\MstrDtl\serv_tlb.pas
$(Delphi)Demos\Midas\MstrDtl\srvrdm.pas
$(Delphi)Demos\Midas\MstrDtl\srvrform.pas
$(Delphi)Demos\Midas\Pooler\clntfrm.pas
$(Delphi)Demos\Midas\Pooler\pooler.pas
$(Delphi)Demos\Midas\Pooler\server_tlb.pas
$(Delphi)Demos\Midas\Pooler\srvrdm.pas
$(Delphi)Demos\Midas\Pooler\srvrfrm.pas
$(Delphi)Demos\Midas\SetParam\ClientFr.pas
$(Delphi)Demos\Midas\SetParam\ServData.pas
$(Delphi)Demos\Midas\SetParam\servmain.pas
$(Delphi)Demos\Midas\SetParam\serv_tlb.pas
$(Delphi)Demos\Midas\SharedConn\CliMain.pas
$(Delphi)Demos\Midas\SharedConn\Midas_TLB.pas
$(Delphi)Demos\Midas\SharedConn\ServerMain.pas
$(Delphi)Demos\Midas\SharedConn\ShareServer_TLB.pas
$(Delphi)Demos\Midas\SharedConn\uDM1.pas
$(Delphi)Demos\Midas\SharedConn\uDM2.pas
$(Delphi)Demos\Oracle8\OrTypes\ORTypeMain.pas
$(Delphi)Demos\Ownerlst\Fontlist.pas
$(Delphi)Demos\PropEdit\PieReg.pas
$(Delphi)Demos\PropEdit\Pies.pas
$(Delphi)Demos\Quickrpt\Qr2\Grplist.pas
$(Delphi)Demos\Quickrpt\Qr2\List.pas
$(Delphi)Demos\Quickrpt\Qr2\Manygrp.pas
$(Delphi)Demos\Quickrpt\Qr2\Md.pas
$(Delphi)Demos\Quickrpt\Qr2\Menu.pas
$(Delphi)Demos\Quickrpt\Qr3\basicmd.pas
$(Delphi)Demos\Quickrpt\Qr3\exprmemo.pas
$(Delphi)Demos\Quickrpt\Qr3\frmltr.pas
$(Delphi)Demos\Quickrpt\Qr3\grouping.pas
$(Delphi)Demos\Quickrpt\Qr3\history.pas
$(Delphi)Demos\Quickrpt\Qr3\image.pas
$(Delphi)Demos\Quickrpt\Qr3\mdmain.pas
$(Delphi)Demos\Quickrpt\Qr3\mdrpt.pas
$(Delphi)Demos\Quickrpt\Qr3\needdata.pas
$(Delphi)Demos\ResXplor\About.pas
$(Delphi)Demos\ResXplor\ExeImage.pas
$(Delphi)Demos\ResXplor\HexDump.pas
$(Delphi)Demos\ResXplor\RXMain.pas
$(Delphi)Demos\ResXplor\RXMisc.pas
$(Delphi)Demos\ResXplor\rxtypes.pas
$(Delphi)Demos\RichEdit\reabout.pas
$(Delphi)Demos\RichEdit\reinit.pas
$(Delphi)Demos\RichEdit\remain.pas
$(Delphi)Demos\ShellControls\RootEdit.pas
$(Delphi)Demos\ShellControls\ShellConsts.pas
$(Delphi)Demos\ShellControls\ShellCtrls.pas
$(Delphi)Demos\ShellControls\ShellReg.pas
$(Delphi)Demos\Swat\about.pas
$(Delphi)Demos\Swat\Main.pas
$(Delphi)Demos\Swat\options.pas
$(Delphi)Demos\TeeChart\basic.pas
$(Delphi)Demos\TeeChart\bubble.pas
$(Delphi)Demos\TeeChart\features.pas
$(Delphi)Demos\TeeChart\gantt.pas
$(Delphi)Demos\TeeChart\lastvalu.pas
$(Delphi)Demos\TeeChart\linked.pas
$(Delphi)Demos\TeeChart\loglab.pas
$(Delphi)Demos\TeeChart\mulaxis.pas
$(Delphi)Demos\TeeChart\pie.pas
$(Delphi)Demos\TeeChart\specs.pas
$(Delphi)Demos\TeeChart\sqlbars.pas
$(Delphi)Demos\TeeChart\stackare.pas
$(Delphi)Demos\TeeChart\tablepie.pas
$(Delphi)Demos\TeeChart\teebasic.pas
$(Delphi)Demos\TeeChart\teemain.pas
$(Delphi)Demos\TeeChart\uanizoom.pas
$(Delphi)Demos\TeeChart\uarrows.pas
$(Delphi)Demos\TeeChart\uaxislab.pas
$(Delphi)Demos\TeeChart\ubitmap.pas
$(Delphi)Demos\TeeChart\ucolor.pas
$(Delphi)Demos\TeeChart\ucrossh.pas
$(Delphi)Demos\TeeChart\udbhoriz.pas
$(Delphi)Demos\TeeChart\udemocha.pas
$(Delphi)Demos\TeeChart\udemutil.pas
$(Delphi)Demos\TeeChart\udraw.pas
$(Delphi)Demos\TeeChart\ufast.pas
$(Delphi)Demos\TeeChart\uhighlo.pas
$(Delphi)Demos\TeeChart\ukeyboa.pas
$(Delphi)Demos\TeeChart\ulegend.pas
$(Delphi)Demos\TeeChart\umain.pas
$(Delphi)Demos\TeeChart\umetafil.pas
$(Delphi)Demos\TeeChart\uoverbar.pas
$(Delphi)Demos\TeeChart\upages.pas
$(Delphi)Demos\TeeChart\uprint.pas
$(Delphi)Demos\TeeChart\uscroll.pas
$(Delphi)Demos\TeeChart\uscrollb.pas
$(Delphi)Demos\TeeChart\ushapes.pas
$(Delphi)Demos\TeeChart\ustack.pas
$(Delphi)Demos\TeeChart\uylegend.pas
$(Delphi)Demos\Threads\SortThds.pas
$(Delphi)Demos\Threads\ThSort.pas
$(Delphi)Demos\ToolsAPI\ActionServices\FrmMain.pas
$(Delphi)Demos\ToolsAPI\ActionServices\WizMain.pas
$(Delphi)Demos\ToolsAPI\Editor Keybinding\BaseBindings.pas
$(Delphi)Demos\ToolsAPI\Editor Keybinding\BufferList.pas
$(Delphi)Demos\ToolsAPI\Editor Keybinding\BufferListForm.pas
$(Delphi)Demos\ToolsAPI\Editor Keybinding\SaveKeyMacro.pas
$(Delphi)Demos\ToolsAPI\Editor Keybinding\Emacs\Emacsbasebindings.pas
$(Delphi)Demos\ToolsAPI\Editor Keybinding\Emacs\Emacsbufferlist.pas
$(Delphi)Demos\ToolsAPI\INTAServices\DisplayU.pas
$(Delphi)Demos\ToolsAPI\INTAServices\IconAddU.pas
$(Delphi)Demos\ToolsAPI\PackageDemo\FrmMain.pas
$(Delphi)Demos\ToolsAPI\PackageDemo\WizMain.pas
$(Delphi)Demos\ToolsAPI\XPAppWiz\XPAppExpt.pas
$(Delphi)Demos\Virtual Listview\VListView.pas
$(Delphi)Demos\WebServices\DBServer\DBServerClientUnit.pas
$(Delphi)Demos\WebServices\DBServer\IssuesServerUnit.pas
$(Delphi)Demos\WebServices\DBServer\SoapDBServerUnit.pas
$(Delphi)Demos\WebServices\EchoService\Client\ClientForm_U.pas
$(Delphi)Demos\WebServices\EchoService\Client\IEchoService_U.pas
$(Delphi)Demos\WebServices\EchoService\Server\DataMod_U.pas
$(Delphi)Demos\WebServices\EchoService\Server\EchoServiceImpl.pas
$(Delphi)Demos\WebServices\EchoService\Server\EchoServiceIntf.pas
$(Delphi)Demos\WebServices\EchoService\Server\Form_U.pas
$(Delphi)Demos\WebServices\EchoService\Server\WebModule_U.pas
$(Delphi)Demos\WebServices\IssuesSample\IssueErrors.pas
$(Delphi)Demos\WebServices\IssuesSample\IssuesClientUnit.pas
$(Delphi)Demos\WebServices\IssuesSample\IssuesServerUnit.pas
$(Delphi)Demos\WebServices\PostTool\unit1.pas
$(Delphi)Demos\WebServices\SOAPAttachments\Client\IDBAttachments1.pas
$(Delphi)Demos\WebServices\SOAPAttachments\Client\SoapDBAttachClientUnit.pas
$(Delphi)Demos\WebServices\SOAPAttachments\Server\DBAttachmentsImpl.pas
$(Delphi)Demos\WebServices\SOAPAttachments\Server\DBAttachmentsIntf.pas
$(Delphi)Demos\WebServices\SOAPAttachments\Server\DBAttachUnit.pas
$(Delphi)Demos\WebServices\SOAPDataModule\Client\ClientForm_U.pas
$(Delphi)Demos\WebServices\SOAPDataModule\Client\IDataMod1.pas
$(Delphi)Demos\WebServices\SOAPDataModule\Server\DataMod_U.pas
$(Delphi)Demos\WebServices\SOAPDataModule\Server\Form_U.pas
$(Delphi)Demos\WebServices\SOAPDataModule\Server\WebModule_U.pas
$(Delphi)Demos\WebServices\SOAPHeaders\client\Form_U.pas
$(Delphi)Demos\WebServices\SOAPHeaders\client\IBankAccount_U.pas
$(Delphi)Demos\WebServices\SOAPHeaders\server\AccountBinding.pas
$(Delphi)Demos\WebServices\SOAPHeaders\server\AccountManagement.pas
$(Delphi)Demos\WebServices\SOAPHeaders\server\BankAccountImpl.pas
$(Delphi)Demos\WebServices\SOAPHeaders\server\BankAccountIntf.pas
$(Delphi)Demos\WebServices\SOAPHeaders\server\WADForm_U.pas
$(Delphi)Demos\WebServices\SOAPHeaders\server\WADWebModule_U.pas
$(Delphi)Demos\WebServices\SOAPHeaders\server\WebModule_U.pas
$(Delphi)Demos\WebSnap\ActionField\ActnFld.pas
$(Delphi)Demos\WebSnap\ActionField\ActnFldReg.pas
$(Delphi)Demos\WebSnap\ActionField\DispActnFld.pas
$(Delphi)Demos\WebSnap\ActionFieldTest\ConsoleU.pas
$(Delphi)Demos\WebSnap\ActionFieldTest\DMU.pas
$(Delphi)Demos\WebSnap\ActionFieldTest\HomeU.pas
$(Delphi)Demos\WebSnap\ActionFieldTest\ItemsTableU.pas
$(Delphi)Demos\WebSnap\ActionFieldTest\NewRowU.pas
$(Delphi)Demos\WebSnap\BioLife\consoleU.pas
$(Delphi)Demos\WebSnap\BioLife\DataU.pas
$(Delphi)Demos\WebSnap\BioLife\FormU.pas
$(Delphi)Demos\WebSnap\BioLife\GridU.pas
$(Delphi)Demos\WebSnap\BioLife\HomeU.pas
$(Delphi)Demos\WebSnap\BioLife\LoginU.pas
$(Delphi)Demos\WebSnap\CountryEditor\ConsoleU.pas
$(Delphi)Demos\WebSnap\CountryEditor\CountryFormU.pas
$(Delphi)Demos\WebSnap\CountryEditor\CountryTableU.pas
$(Delphi)Demos\WebSnap\CountryEditor\HomeU.pas
$(Delphi)Demos\WebSnap\CountryReport\ConsoleUnit.pas
$(Delphi)Demos\WebSnap\CountryReport\HomeUnit.pas
$(Delphi)Demos\WebSnap\CountryReport\ReportUnit.pas
$(Delphi)Demos\WebSnap\DBExpress\ConsoleUnit.pas
$(Delphi)Demos\WebSnap\DBExpress\DetailsUnit.pas
$(Delphi)Demos\WebSnap\DBExpress\DMUnit.pas
$(Delphi)Demos\WebSnap\DBExpress\GridUnit.pas
$(Delphi)Demos\WebSnap\DBExpress\HomeUnit.pas
$(Delphi)Demos\WebSnap\DispHandlers\DispHandlers.pas
$(Delphi)Demos\WebSnap\DispHandlers\DispHandlersReg.pas
$(Delphi)Demos\WebSnap\DumpModules\ConsoleU.pas
$(Delphi)Demos\WebSnap\DumpModules\CountryTableU.pas
$(Delphi)Demos\WebSnap\DumpModules\DumpModulesU.pas
$(Delphi)Demos\WebSnap\DumpModules\HomeU.pas
$(Delphi)Demos\WebSnap\ImgBtnCountryEditor\ConsoleU.pas
$(Delphi)Demos\WebSnap\ImgBtnCountryEditor\CountryFormU.pas
$(Delphi)Demos\WebSnap\ImgBtnCountryEditor\CountryTableU.pas
$(Delphi)Demos\WebSnap\ImgBtnCountryEditor\HomeU.pas
$(Delphi)Demos\WebSnap\ImgBtnProducer\DrawBtn.pas
$(Delphi)Demos\WebSnap\ImgBtnProducer\ImgBtnProducer.pas
$(Delphi)Demos\WebSnap\ImgBtnProducer\ImgBtnProducerReg.pas
$(Delphi)Demos\WebSnap\InternetExpress\ConsoleU.pas
$(Delphi)Demos\WebSnap\InternetExpress\DMU.pas
$(Delphi)Demos\WebSnap\InternetExpress\HomeU.pas
$(Delphi)Demos\WebSnap\InternetExpress\InetXPageU.pas
$(Delphi)Demos\WebSnap\InternetExpress\QueryU.pas
$(Delphi)Demos\WebSnap\LocateFileService\ConsoleUnit.pas
$(Delphi)Demos\WebSnap\LocateFileService\Page1Unit.pas
$(Delphi)Demos\WebSnap\LocateFileService\Page2Unit.pas
$(Delphi)Demos\WebSnap\LocateFileService\Page3Unit.pas
$(Delphi)Demos\WebSnap\MasterDetail\ConsoleU.pas
$(Delphi)Demos\WebSnap\MasterDetail\DMU.pas
$(Delphi)Demos\WebSnap\MasterDetail\HomeU.pas
$(Delphi)Demos\WebSnap\MasterDetail\OrderFormU.pas
$(Delphi)Demos\WebSnap\MasterDetail\OrderGridU.pas
$(Delphi)Demos\WebSnap\MinApp\ConsoleU.pas
$(Delphi)Demos\WebSnap\MinApp\HomeU.pas
$(Delphi)Demos\WebSnap\PhotoGallery\AddUserPageMod.pas
$(Delphi)Demos\WebSnap\PhotoGallery\LoginPageMod.pas
$(Delphi)Demos\WebSnap\PhotoGallery\MainFrm.pas
$(Delphi)Demos\WebSnap\PhotoGallery\MainPageMod.pas
$(Delphi)Demos\WebSnap\PhotoGallery\UpPicPageMod.pas
$(Delphi)Demos\WebSnap\PhotoGallery\WebPageLookMod.pas
$(Delphi)Demos\WebSnap\ProducerTemplates\DemoTemplates.pas
$(Delphi)Demos\WebSnap\ScriptObject\ExtendedAdapterObj.pas
$(Delphi)Demos\WebSnap\ScriptObject\SampleObj.pas
$(Delphi)Demos\WebSnap\ScriptObject\SamplObjReg.pas
$(Delphi)Demos\WebSnap\ScriptObject\SimpleScriptObj.pas
$(Delphi)Demos\WebSnap\ScriptObjectTest\ConsoleU.pas
$(Delphi)Demos\WebSnap\ScriptObjectTest\HomeU.pas
$(Delphi)Demos\WebSnap\SessionTest\ConsoleU.pas
$(Delphi)Demos\WebSnap\SessionTest\HomeU.pas
$(Delphi)Demos\WebSnap\SessionTest\SessionInfoU.pas
$(Delphi)Demos\WebSnap\SimpleAdapter\ConsoleU.pas
$(Delphi)Demos\WebSnap\SimpleAdapter\CounterU.pas
$(Delphi)Demos\WebSnap\SimpleAdapter\HomeU.pas
$(Delphi)Demos\WebSnap\TestSvrInfo\ConsoleU.pas
$(Delphi)Demos\WebSnap\TestSvrInfo\DetailsU.pas
$(Delphi)Demos\WebSnap\TestSvrInfo\HomeU.pas
$(Delphi)Demos\WebSnap\TestSvrInfo\SvrInfoAdapter.pas
$(Delphi)Demos\WebSnap\Tutorials\ConfigDelphiU.pas
$(Delphi)Demos\WebSnap\Tutorials\ConsoleU.pas
$(Delphi)Demos\WebSnap\Tutorials\CountryEditorU.pas
$(Delphi)Demos\WebSnap\Tutorials\CountryReportU.pas
$(Delphi)Demos\WebSnap\Tutorials\HomeU.pas
$(Delphi)Demos\WebSnap\Tutorials\MinAppU.pas
$(Delphi)Demos\WebSnap\Tutorials\TestSvrU.pas
$(Delphi)Demos\WebSnap\Tutorials\TroubleShootingU.pas
$(Delphi)Demos\WebSnap\Util\TemplateResItems.pas
$(Delphi)Demos\WebSnap\WebDispatcher\ConsoleU.pas
$(Delphi)Demos\WebSnap\WebDispatcher\MainU.pas
$(Delphi)Demos\WebSnap\WebDispatcher\ModuleU.pas
$(Delphi)Demos\WebSnap\WebMail\EmailMessageMod.pas
$(Delphi)Demos\WebSnap\WebMail\LoginMod.pas
$(Delphi)Demos\WebSnap\WebMail\MainFrm.pas
$(Delphi)Demos\WebSnap\WebMail\MainMod.pas
$(Delphi)Demos\WebSnap\WebMail\ViewMailMod.pas
$(Delphi)Demos\WebSnap\XMLBiolife\ConsoleU.pas
$(Delphi)Demos\WebSnap\XMLBiolife\DMU.pas
$(Delphi)Demos\WebSnap\XMLBiolife\EditU.pas
$(Delphi)Demos\WebSnap\XMLBiolife\GridU.pas
$(Delphi)Demos\WebSnap\XMLBiolife\HomeU.pas
$(Delphi)Demos\WebSnap\XMLBiolife\LoginU.pas
$(Delphi)Demos\WebSnap\XMLBuilder\XMLAdapterBuilder.pas
$(Delphi)Demos\WebSnap\XMLBuilder\XMLBuilderComp.pas
$(Delphi)Demos\WebSnap\XMLBuilder\XMLBuilderReg.pas
$(Delphi)Demos\WebSnap\XMLBuilder\XMLBuilderRes.pas
$(Delphi)Demos\WebSnap\XMLBuilder\XMLBuilderWriter.pas
$(Delphi)Demos\WebSnap\XSLProducer\ConsoleU.pas
$(Delphi)Demos\WebSnap\XSLProducer\DisplayDataPacketU.pas
$(Delphi)Demos\WebSnap\XSLProducer\DisplayFileU.pas
$(Delphi)Demos\WebSnap\XSLProducer\DMU.pas
$(Delphi)Demos\WebSnap\XSLProducer\HomeU.pas
$(Delphi)Demos\WebSnap\XSLProducer\TransformDataPacketU.pas
$(Delphi)Demos\WebSnap\XSLProducer\TransformFileU.pas
$(Delphi)Imports\AColorPickerAX_TLB.pas
$(Delphi)Lib\DdeReg.pas
$(Delphi)Objrepos\About.pas
$(Delphi)Objrepos\clxabout.pas
$(Delphi)Objrepos\clxduallist.pas
$(Delphi)Objrepos\clxemployee.pas
$(Delphi)Objrepos\clxmddata.pas
$(Delphi)Objrepos\clxokcancl1.pas
$(Delphi)Objrepos\clxokcancl2.pas
$(Delphi)Objrepos\clxokcnhlp1.pas
$(Delphi)Objrepos\clxokcnhlp2.pas
$(Delphi)Objrepos\clxpassword.pas
$(Delphi)Objrepos\clxrecerror.pas
$(Delphi)Objrepos\clxtabpgdlg.pas
$(Delphi)Objrepos\recerror.pas
$(Delphi)Objrepos\SiteModules.pas
$(Delphi)Objrepos\SoapWebServiceImpl.pas
$(Delphi)Objrepos\SoapWebServiceIntf.pas
$(Delphi)Objrepos\WebModules.pas
$(Delphi)Objrepos\CLXMdiApp\CLXAbout.pas
$(Delphi)Objrepos\CLXMdiApp\CLXChildWin.pas
$(Delphi)Objrepos\CLXMdiApp\CLXMain.pas
$(Delphi)Objrepos\IntraWeb\Apache\IWUnit1.pas
$(Delphi)Objrepos\IntraWeb\Apache\ServerController.pas
$(Delphi)Objrepos\IntraWeb\Apache2\IWUnit1.pas
$(Delphi)Objrepos\IntraWeb\Apache2\ServerController.pas
$(Delphi)Objrepos\IntraWeb\AppForm\IWUnit1.pas
$(Delphi)Objrepos\IntraWeb\ISAPI\IWUnit1.pas
$(Delphi)Objrepos\IntraWeb\ISAPI\ServerController.pas
$(Delphi)Objrepos\IntraWeb\PageForm\IWUnit2.pas
$(Delphi)Objrepos\IntraWeb\StandAlone\IWUnit1.pas
$(Delphi)Objrepos\IntraWeb\StandAlone\ServerController.pas
$(Delphi)Objrepos\IntraWeb\StandAloneDM\DatamoduleUnit.pas
$(Delphi)Objrepos\IntraWeb\StandAloneDM\IWUnit1.pas
$(Delphi)Objrepos\IntraWeb\StandAloneDM\ServerController.pas
$(Delphi)Objrepos\MdiApp\about.pas
$(Delphi)Objrepos\Win2KApp\About.pas
$(Delphi)Objrepos\Win2KApp\LogoMain.pas
$(Delphi)Objrepos\Win2KApp\W2kMain.pas
$(Delphi)Ocx\Chartfx\Chartfx3.pas
$(Delphi)Ocx\Isp\Isp3.pas
$(Delphi)Ocx\Servers\Access2000.pas
$(Delphi)Ocx\Servers\Access97.pas
$(Delphi)Ocx\Servers\AccessXP.pas
$(Delphi)Ocx\Servers\ADODB2000.pas
$(Delphi)Ocx\Servers\ADODBXP.pas
$(Delphi)Ocx\Servers\Binder2000.pas
$(Delphi)Ocx\Servers\Binder97.pas
$(Delphi)Ocx\Servers\DAO2000.pas
$(Delphi)Ocx\Servers\DAO97.pas
$(Delphi)Ocx\Servers\DAOXP.pas
$(Delphi)Ocx\Servers\Excel2000.pas
$(Delphi)Ocx\Servers\Excel97.pas
$(Delphi)Ocx\Servers\ExcelXP.pas
$(Delphi)Ocx\Servers\MSComctlLibXP.pas
$(Delphi)Ocx\Servers\MSDATASRCXP.pas
$(Delphi)Ocx\Servers\MSForms2000.pas
$(Delphi)Ocx\Servers\MSForms97.pas
$(Delphi)Ocx\Servers\MSPpt2000.pas
$(Delphi)Ocx\Servers\MSPpt8.pas
$(Delphi)Ocx\Servers\Office2000.pas
$(Delphi)Ocx\Servers\Office97.pas
$(Delphi)Ocx\Servers\OfficeXP.pas
$(Delphi)Ocx\Servers\Outlook2000.pas
$(Delphi)Ocx\Servers\Outlook8.pas
$(Delphi)Ocx\Servers\OutlookXP.pas
$(Delphi)Ocx\Servers\OWC10XP.pas
$(Delphi)Ocx\Servers\PowerPointXP.pas
$(Delphi)Ocx\Servers\VBIDE2000.pas
$(Delphi)Ocx\Servers\VBIDE97.pas
$(Delphi)Ocx\Servers\VBIDEXP.pas
$(Delphi)Ocx\Servers\Word2000.pas
$(Delphi)Ocx\Servers\Word97.pas
$(Delphi)Ocx\Servers\WordXP.pas
$(Delphi)Ocx\Vci\Form1\VCF1.pas
$(Delphi)Ocx\Vci\Impress\VCFI.pas
$(Delphi)Ocx\Vci\VSpell\VCSpell3.pas
$(Delphi)Projects\Encr\MainForm.pas
$(Delphi)Projects\SysInfo\SysMainForm.pas
$(Delphi)Projects\Testing Code\MainForm.pas
$(Delphi)Rave5\Demos\DM.pas
$(Delphi)Rave5\Demos\Main.pas
$(Delphi)Source\Clx\BindHelp.pas
$(Delphi)Source\Clx\QActnList.pas
$(Delphi)Source\Clx\QButtons.pas
$(Delphi)Source\Clx\QCheckLst.pas
$(Delphi)Source\Clx\QClipbrd.pas
$(Delphi)Source\Clx\QComCtrls.pas
$(Delphi)Source\Clx\QConsts.pas
$(Delphi)Source\Clx\QControls.pas
$(Delphi)Source\Clx\QDBActns.pas
$(Delphi)Source\Clx\QDBConsts.pas
$(Delphi)Source\Clx\QDBCtrls.pas
$(Delphi)Source\Clx\QDBGrids.pas
$(Delphi)Source\Clx\QDBLogDlg.pas
$(Delphi)Source\Clx\QDBPWDlg.pas
$(Delphi)Source\Clx\QDialogs.pas
$(Delphi)Source\Clx\QExtCtrls.pas
$(Delphi)Source\Clx\QFileCtrls.pas
$(Delphi)Source\Clx\QFileDialog.pas
$(Delphi)Source\Clx\QForms.pas
$(Delphi)Source\Clx\QGraphics.pas
$(Delphi)Source\Clx\QGrids.pas
$(Delphi)Source\Clx\QImgList.pas
$(Delphi)Source\Clx\QMask.pas
$(Delphi)Source\Clx\QMenus.pas
$(Delphi)Source\Clx\QPrinters.pas
$(Delphi)Source\Clx\QSearch.pas
$(Delphi)Source\Clx\QStdActns.pas
$(Delphi)Source\Clx\QStdCtrls.pas
$(Delphi)Source\Clx\QStyle.pas
$(Delphi)Source\Clx\Qt.pas
$(Delphi)Source\Clx\QTypes.pas
$(Delphi)Source\Decision Cube\Mxarrays.pas
$(Delphi)Source\Decision Cube\Mxconsts.pas
$(Delphi)Source\Decision Cube\Mxstore.pas
$(Delphi)Source\Indy\IdAbout.pas
$(Delphi)Source\Indy\IdAntiFreeze.pas
$(Delphi)Source\Indy\IdAntiFreezeBase.pas
$(Delphi)Source\Indy\IdASN1Util.pas
$(Delphi)Source\Indy\IdAssignedNumbers.pas
$(Delphi)Source\Indy\IdAuthentication.pas
$(Delphi)Source\Indy\IdAuthenticationDigest.pas
$(Delphi)Source\Indy\IdAuthenticationManager.pas
$(Delphi)Source\Indy\IdAuthenticationNTLM.pas
$(Delphi)Source\Indy\IdAuthenticationSSPI.pas
$(Delphi)Source\Indy\IdBaseComponent.pas
$(Delphi)Source\Indy\IdBlockCipherIntercept.pas
$(Delphi)Source\Indy\IdChargenServer.pas
$(Delphi)Source\Indy\IdChargenUDPServer.pas
$(Delphi)Source\Indy\IdCoder.pas
$(Delphi)Source\Indy\IdCoder3to4.pas
$(Delphi)Source\Indy\IdCoderHeader.pas
$(Delphi)Source\Indy\IdCoderMIME.pas
$(Delphi)Source\Indy\IdCoderQuotedPrintable.pas
$(Delphi)Source\Indy\IdCoderUUE.pas
$(Delphi)Source\Indy\IdCoderXXE.pas
$(Delphi)Source\Indy\IdComponent.pas
$(Delphi)Source\Indy\IdCompressionIntercept.pas
$(Delphi)Source\Indy\IdContainers.pas
$(Delphi)Source\Indy\IdCookie.pas
$(Delphi)Source\Indy\IdCookieManager.pas
$(Delphi)Source\Indy\IdCustomHTTPServer.pas
$(Delphi)Source\Indy\IdDateTimeStamp.pas
$(Delphi)Source\Indy\IdDayTime.pas
$(Delphi)Source\Indy\IdDayTimeServer.pas
$(Delphi)Source\Indy\IdDayTimeUDP.pas
$(Delphi)Source\Indy\IdDayTimeUDPServer.pas
$(Delphi)Source\Indy\IdDICTServer.pas
$(Delphi)Source\Indy\IdDiscardServer.pas
$(Delphi)Source\Indy\IdDiscardUDPServer.pas
$(Delphi)Source\Indy\IdDNSResolver.pas
$(Delphi)Source\Indy\IdDsnBaseCmpEdt.pas
$(Delphi)Source\Indy\IdDsnPropEdBinding.pas
$(Delphi)Source\Indy\IdDsnRegister.pas
$(Delphi)Source\Indy\IdDummyUnit.pas
$(Delphi)Source\Indy\IdEcho.pas
$(Delphi)Source\Indy\IdEchoServer.pas
$(Delphi)Source\Indy\IdEchoUDP.pas
$(Delphi)Source\Indy\IdEchoUDPServer.pas
$(Delphi)Source\Indy\IdEMailAddress.pas
$(Delphi)Source\Indy\IdException.pas
$(Delphi)Source\Indy\IdFinger.pas
$(Delphi)Source\Indy\IdFingerServer.pas
$(Delphi)Source\Indy\IdFTP.pas
$(Delphi)Source\Indy\IdFTPCommon.pas
$(Delphi)Source\Indy\IdFTPList.pas
$(Delphi)Source\Indy\IdFTPServer.pas
$(Delphi)Source\Indy\IdGlobal.pas
$(Delphi)Source\Indy\IdGopher.pas
$(Delphi)Source\Indy\IdGopherConsts.pas
$(Delphi)Source\Indy\IdGopherServer.pas
$(Delphi)Source\Indy\IdHash.pas
$(Delphi)Source\Indy\IdHashCRC.pas
$(Delphi)Source\Indy\IdHashElf.pas
$(Delphi)Source\Indy\IdHashMessageDigest.pas
$(Delphi)Source\Indy\IdHeaderList.pas
$(Delphi)Source\Indy\IdHL7.pas
$(Delphi)Source\Indy\IdHostnameServer.pas
$(Delphi)Source\Indy\IdHTTP.pas
$(Delphi)Source\Indy\IdHTTPHeaderInfo.pas
$(Delphi)Source\Indy\IdHTTPServer.pas
$(Delphi)Source\Indy\IdHTTPWebBrokerBridge.pas
$(Delphi)Source\Indy\IdIcmpClient.pas
$(Delphi)Source\Indy\IdIdent.pas
$(Delphi)Source\Indy\IdIdentServer.pas
$(Delphi)Source\Indy\IdIMAP4.pas
$(Delphi)Source\Indy\IdIMAP4Server.pas
$(Delphi)Source\Indy\IdIntercept.pas
$(Delphi)Source\Indy\IdIOHandler.pas
$(Delphi)Source\Indy\IdIOHandlerSocket.pas
$(Delphi)Source\Indy\IdIOHandlerStream.pas
$(Delphi)Source\Indy\IdIOHandlerThrottle.pas
$(Delphi)Source\Indy\IdIPMCastBase.pas
$(Delphi)Source\Indy\IdIPMCastClient.pas
$(Delphi)Source\Indy\IdIPMCastServer.pas
$(Delphi)Source\Indy\IdIPWatch.pas
$(Delphi)Source\Indy\IdIRC.pas
$(Delphi)Source\Indy\IdIrcServer.pas
$(Delphi)Source\Indy\IdLogBase.pas
$(Delphi)Source\Indy\IdLogDebug.pas
$(Delphi)Source\Indy\IdLogEvent.pas
$(Delphi)Source\Indy\IdLogFile.pas
$(Delphi)Source\Indy\IdLogStream.pas
$(Delphi)Source\Indy\IdLPR.pas
$(Delphi)Source\Indy\IdMailBox.pas
$(Delphi)Source\Indy\IdMappedFTP.pas
$(Delphi)Source\Indy\IdMappedPortTCP.pas
$(Delphi)Source\Indy\IdMappedPortUDP.pas
$(Delphi)Source\Indy\IdMessage.pas
$(Delphi)Source\Indy\IdMessageClient.pas
$(Delphi)Source\Indy\IdMessageCoder.pas
$(Delphi)Source\Indy\IdMessageCoderMIME.pas
$(Delphi)Source\Indy\IdMessageCoderUUE.pas
$(Delphi)Source\Indy\IdMessageCoderXXE.pas
$(Delphi)Source\Indy\IdMessageCollection.pas
$(Delphi)Source\Indy\IdMIMETypes.pas
$(Delphi)Source\Indy\IdMultipartFormData.pas
$(Delphi)Source\Indy\IdNetworkCalculator.pas
$(Delphi)Source\Indy\IdNNTP.pas
$(Delphi)Source\Indy\IdNNTPServer.pas
$(Delphi)Source\Indy\IdNTLM.pas
$(Delphi)Source\Indy\IdPOP3.pas
$(Delphi)Source\Indy\IdPOP3Server.pas
$(Delphi)Source\Indy\IdQotd.pas
$(Delphi)Source\Indy\IdQotdServer.pas
$(Delphi)Source\Indy\IdQOTDUDP.pas
$(Delphi)Source\Indy\IdQOTDUDPServer.pas
$(Delphi)Source\Indy\IdRawBase.pas
$(Delphi)Source\Indy\IdRawClient.pas
$(Delphi)Source\Indy\IdRawFunctions.pas
$(Delphi)Source\Indy\IdRawHeaders.pas
$(Delphi)Source\Indy\IdRegister.pas
$(Delphi)Source\Indy\IdRemoteCMDClient.pas
$(Delphi)Source\Indy\IdRemoteCMDServer.pas
$(Delphi)Source\Indy\IdResourceStrings.pas
$(Delphi)Source\Indy\IdRexec.pas
$(Delphi)Source\Indy\IdRexecServer.pas
$(Delphi)Source\Indy\IdRFCReply.pas
$(Delphi)Source\Indy\IdRSH.pas
$(Delphi)Source\Indy\IdRSHServer.pas
$(Delphi)Source\Indy\IdServerIOHandler.pas
$(Delphi)Source\Indy\IdServerIOHandlerSocket.pas
$(Delphi)Source\Indy\IdSimpleServer.pas
$(Delphi)Source\Indy\IdSMTP.pas
$(Delphi)Source\Indy\IdSMTPServer.pas
$(Delphi)Source\Indy\IdSNMP.pas
$(Delphi)Source\Indy\IdSNPP.pas
$(Delphi)Source\Indy\IdSNTP.pas
$(Delphi)Source\Indy\IdSocketHandle.pas
$(Delphi)Source\Indy\IdSocks.pas
$(Delphi)Source\Indy\IdSSLOpenSSL.pas
$(Delphi)Source\Indy\IdSSLOpenSSLHeaders.pas
$(Delphi)Source\Indy\IdSSPI.pas
$(Delphi)Source\Indy\IdStack.pas
$(Delphi)Source\Indy\IdStackConsts.pas
$(Delphi)Source\Indy\IdStackLinux.pas
$(Delphi)Source\Indy\IdStackWindows.pas
$(Delphi)Source\Indy\IdStream.pas
$(Delphi)Source\Indy\IdStrings.pas
$(Delphi)Source\Indy\IdSync.pas
$(Delphi)Source\Indy\IdSysLog.pas
$(Delphi)Source\Indy\IdSysLogMessage.pas
$(Delphi)Source\Indy\IdSysLogServer.pas
$(Delphi)Source\Indy\IdTCPClient.pas
$(Delphi)Source\Indy\IdTCPConnection.pas
$(Delphi)Source\Indy\IdTCPServer.pas
$(Delphi)Source\Indy\IdTCPStream.pas
$(Delphi)Source\Indy\IdTelnet.pas
$(Delphi)Source\Indy\IdTelnetServer.pas
$(Delphi)Source\Indy\IdThread.pas
$(Delphi)Source\Indy\IdThreadComponent.pas
$(Delphi)Source\Indy\IdThreadMgr.pas
$(Delphi)Source\Indy\IdThreadMgrDefault.pas
$(Delphi)Source\Indy\IdThreadMgrPool.pas
$(Delphi)Source\Indy\IdThreadSafe.pas
$(Delphi)Source\Indy\IdTime.pas
$(Delphi)Source\Indy\IdTimeServer.pas
$(Delphi)Source\Indy\IdTimeUDP.pas
$(Delphi)Source\Indy\IdTimeUDPServer.pas
$(Delphi)Source\Indy\IdTrivialFTP.pas
$(Delphi)Source\Indy\IdTrivialFTPBase.pas
$(Delphi)Source\Indy\IdTrivialFTPServer.pas
$(Delphi)Source\Indy\IdTunnelCommon.pas
$(Delphi)Source\Indy\IdTunnelMaster.pas
$(Delphi)Source\Indy\IdTunnelSlave.pas
$(Delphi)Source\Indy\IdUDPBase.pas
$(Delphi)Source\Indy\IdUDPClient.pas
$(Delphi)Source\Indy\IdUDPServer.pas
$(Delphi)Source\Indy\IdURI.pas
$(Delphi)Source\Indy\IdUserAccounts.pas
$(Delphi)Source\Indy\IdVCard.pas
$(Delphi)Source\Indy\IdWhois.pas
$(Delphi)Source\Indy\IdWhoIsServer.pas
$(Delphi)Source\Indy\IdWinSock2.pas
$(Delphi)Source\Indy\winerror.pas
$(Delphi)Source\Internet\ApacheApp.pas
$(Delphi)Source\Internet\ApacheHTTP.pas
$(Delphi)Source\Internet\ApacheTwoApp.pas
$(Delphi)Source\Internet\ApacheTwoHTTP.pas
$(Delphi)Source\Internet\AutoDisp.pas
$(Delphi)Source\Internet\BrkrConst.pas
$(Delphi)Source\Internet\CGIApp.pas
$(Delphi)Source\Internet\CGIHTTP.pas
$(Delphi)Source\Internet\CGIStubApp.pas
$(Delphi)Source\Internet\ComApp.pas
$(Delphi)Source\Internet\CopyPrsr.pas
$(Delphi)Source\Internet\DBBdeWeb.pas
$(Delphi)Source\Internet\DBWeb.pas
$(Delphi)Source\Internet\DBXpressWeb.pas
$(Delphi)Source\Internet\DSProd.pas
$(Delphi)Source\Internet\EncdDecd.pas
$(Delphi)Source\Internet\HTTPApp.pas
$(Delphi)Source\Internet\HTTPD.pas
$(Delphi)Source\Internet\HTTPD2.pas
$(Delphi)Source\Internet\HTTPProd.pas
$(Delphi)Source\Internet\IndySockTransport.pas
$(Delphi)Source\Internet\ISAPIApp.pas
$(Delphi)Source\Internet\IsapiHTTP.pas
$(Delphi)Source\Internet\IsapiStubApp.pas
$(Delphi)Source\Internet\ISAPIThreadPool.pas
$(Delphi)Source\Internet\MSHTML.pas
$(Delphi)Source\Internet\NSToIS.pas
$(Delphi)Source\Internet\SHDocVw.pas
$(Delphi)Source\Internet\SockApp.pas
$(Delphi)Source\Internet\SockAppNotify.pas
$(Delphi)Source\Internet\SockAppReg.pas
$(Delphi)Source\Internet\Sockets.pas
$(Delphi)Source\Internet\SockHTTP.pas
$(Delphi)Source\Internet\SockRequestInterpreter.pas
$(Delphi)Source\Internet\SockTransport.pas
$(Delphi)Source\Internet\StubAction.pas
$(Delphi)Source\Internet\SvrConst.pas
$(Delphi)Source\Internet\WbmConst.pas
$(Delphi)Source\Internet\WebBroker.pas
$(Delphi)Source\Internet\WebCat.pas
$(Delphi)Source\Internet\WebCntxt.pas
$(Delphi)Source\Internet\WebComp.pas
$(Delphi)Source\Internet\WebConst.pas
$(Delphi)Source\Internet\WebLib.pas
$(Delphi)Source\Internet\WebReq.pas
$(Delphi)Source\Internet\WebServExp.pas
$(Delphi)Source\Internet\WSDLBind.pas
$(Delphi)Source\Internet\WSDLIntf.pas
$(Delphi)Source\Internet\WSDLItems.pas
$(Delphi)Source\Internet\WSDLPub.pas
$(Delphi)Source\Internet\WSILIntf.pas
$(Delphi)Source\Internet\XMLBindGen.pas
$(Delphi)Source\IntraWeb\IWCompButton.pas
$(Delphi)Source\IntraWeb\IWCompCheckbox.pas
$(Delphi)Source\IntraWeb\IWCompEdit.pas
$(Delphi)Source\IntraWeb\IWCompFlash.pas
$(Delphi)Source\IntraWeb\IWCompLabel.pas
$(Delphi)Source\IntraWeb\IWCompListbox.pas
$(Delphi)Source\IntraWeb\IWCompMemo.pas
$(Delphi)Source\IntraWeb\IWCompMenu.pas
$(Delphi)Source\IntraWeb\IWCompRectangle.pas
$(Delphi)Source\IntraWeb\IWCompText.pas
$(Delphi)Source\IntraWeb\IWCSStdCtrls.pas
$(Delphi)Source\IntraWeb\IWDBExtCtrls.pas
$(Delphi)Source\IntraWeb\IWDBGrids.pas
$(Delphi)Source\IntraWeb\IWDBStdCtrls.pas
$(Delphi)Source\IntraWeb\IWDsnPaint.pas
$(Delphi)Source\IntraWeb\IWDsnPaintHandlers.pas
$(Delphi)Source\IntraWeb\IWDynGrid.pas
$(Delphi)Source\IntraWeb\IWExtCtrls.pas
$(Delphi)Source\IntraWeb\IWGrids.pas
$(Delphi)Source\IntraWeb\IWHTMLControls.pas
$(Delphi)Source\IntraWeb\IWMain.pas
$(Delphi)Source\IntraWeb\IWRegion.pas
$(Delphi)Source\IntraWeb\IWTemplateProcessorHTML.pas
$(Delphi)Source\IntraWeb\IWTreeview.pas
$(Delphi)Source\IntraWeb\IWTypes.pas
$(Delphi)Source\Property Editors\AdoConEd.pas
$(Delphi)Source\Property Editors\ADOReg.pas
$(Delphi)Source\Property Editors\BDEReg.pas
$(Delphi)Source\Property Editors\CDSEdit.pas
$(Delphi)Source\Property Editors\ClxIconEdit.pas
$(Delphi)Source\Property Editors\ClxImgEdit.pas
$(Delphi)Source\Property Editors\ClxItemEdit.pas
$(Delphi)Source\Property Editors\ClxNodeEdit.pas
$(Delphi)Source\Property Editors\ClxPicEdit.pas
$(Delphi)Source\Property Editors\ClxStrEdit.pas
$(Delphi)Source\Property Editors\ColnEdit.pas
$(Delphi)Source\Property Editors\Dbedit.pas
$(Delphi)Source\Property Editors\dbinpreq.pas
$(Delphi)Source\Property Editors\DBOleEdt.pas
$(Delphi)Source\Property Editors\DBReg.pas
$(Delphi)Source\Property Editors\DSAdd.pas
$(Delphi)Source\Property Editors\DSAttrA.pas
$(Delphi)Source\Property Editors\DSAttrS.pas
$(Delphi)Source\Property Editors\DSDefine.pas
$(Delphi)Source\Property Editors\DSDesign.pas
$(Delphi)Source\Property Editors\FldLinks.pas
$(Delphi)Source\Property Editors\Ixedit.pas
$(Delphi)Source\Property Editors\MidReg.pas
$(Delphi)Source\Property Editors\OCXReg.pas
$(Delphi)Source\Property Editors\PicEdit.pas
$(Delphi)Source\Property Editors\SqlEdit.pas
$(Delphi)Source\Property Editors\StFilSys.pas
$(Delphi)Source\Property Editors\StrEdit.pas
$(Delphi)Source\Property Editors\StringsEdit.pas
$(Delphi)Source\Property Editors\ValueEdit.pas
$(Delphi)Source\Rtl\Common\Classes.pas
$(Delphi)Source\Rtl\Common\ComConst.pas
$(Delphi)Source\Rtl\Common\ComObj.pas
$(Delphi)Source\Rtl\Common\ComServ.pas
$(Delphi)Source\Rtl\Common\Contnrs.pas
$(Delphi)Source\Rtl\Common\ConvUtils.pas
$(Delphi)Source\Rtl\Common\CorbaVCL.pas
$(Delphi)Source\Rtl\Common\DateUtils.pas
$(Delphi)Source\Rtl\Common\HelpIntfs.pas
$(Delphi)Source\Rtl\Common\IniFiles.pas
$(Delphi)Source\Rtl\Common\Masks.pas
$(Delphi)Source\Rtl\Common\MaskUtils.pas
$(Delphi)Source\Rtl\Common\Math.pas
$(Delphi)Source\Rtl\Common\Mtsobj.pas
$(Delphi)Source\Rtl\Common\ObjAuto.pas
$(Delphi)Source\Rtl\Common\Registry.pas
$(Delphi)Source\Rtl\Common\RTLConsts.pas
$(Delphi)Source\Rtl\Common\StdConvs.pas
$(Delphi)Source\Rtl\Common\StdVCL.pas
$(Delphi)Source\Rtl\Common\StrUtils.pas
$(Delphi)Source\Rtl\Common\SyncObjs.pas
$(Delphi)Source\Rtl\Common\TypInfo.pas
$(Delphi)Source\Rtl\Common\VarCmplx.pas
$(Delphi)Source\Rtl\Common\VarConv.pas
$(Delphi)Source\Rtl\Common\VCLCom.pas
$(Delphi)Source\Rtl\Common\ZLib.pas
$(Delphi)Source\Rtl\Common\ZLibConst.pas
$(Delphi)Source\Rtl\Sys\DelphiMM.pas
$(Delphi)Source\Rtl\Sys\ShareMem.pas
$(Delphi)Source\Rtl\Sys\SysConst.pas
$(Delphi)Source\Rtl\Sys\SysInit.pas
$(Delphi)Source\Rtl\Sys\System.pas
$(Delphi)Source\Rtl\Sys\SysUtils.pas
$(Delphi)Source\Rtl\Sys\Types.pas
$(Delphi)Source\Rtl\Sys\Variants.pas
$(Delphi)Source\Rtl\Sys\VarUtils.pas
$(Delphi)Source\Rtl\Win\AccCtrl.pas
$(Delphi)Source\Rtl\Win\AclAPI.pas
$(Delphi)Source\Rtl\Win\ActiveX.pas
$(Delphi)Source\Rtl\Win\AspTlb.pas
$(Delphi)Source\Rtl\Win\COMAdmin.pas
$(Delphi)Source\Rtl\Win\CommCtrl.pas
$(Delphi)Source\Rtl\Win\CommDlg.pas
$(Delphi)Source\Rtl\Win\ComSvcs.pas
$(Delphi)Source\Rtl\Win\Cpl.pas
$(Delphi)Source\Rtl\Win\DDEml.pas
$(Delphi)Source\Rtl\Win\Dlgs.pas
$(Delphi)Source\Rtl\Win\FlatSB.pas
$(Delphi)Source\Rtl\Win\ImageHlp.pas
$(Delphi)Source\Rtl\Win\Imm.pas
$(Delphi)Source\Rtl\Win\Isapi.pas
$(Delphi)Source\Rtl\Win\Isapi2.pas
$(Delphi)Source\Rtl\Win\LZExpand.pas
$(Delphi)Source\Rtl\Win\Mapi.pas
$(Delphi)Source\Rtl\Win\Messages.pas
$(Delphi)Source\Rtl\Win\MMSystem.pas
$(Delphi)Source\Rtl\Win\msxml.pas
$(Delphi)Source\Rtl\Win\Mtx.pas
$(Delphi)Source\Rtl\Win\MultiMon.pas
$(Delphi)Source\Rtl\Win\Nb30.pas
$(Delphi)Source\Rtl\Win\Ns30Fix.pas
$(Delphi)Source\Rtl\Win\Ns35Fix.pas
$(Delphi)Source\Rtl\Win\Ns36Fix.pas
$(Delphi)Source\Rtl\Win\Nsapi.pas
$(Delphi)Source\Rtl\Win\ObjComAuto.pas
$(Delphi)Source\Rtl\Win\Ole2.pas
$(Delphi)Source\Rtl\Win\OleCtl.pas
$(Delphi)Source\Rtl\Win\OleDlg.pas
$(Delphi)Source\Rtl\Win\OpenGL.pas
$(Delphi)Source\Rtl\Win\PenWin.pas
$(Delphi)Source\Rtl\Win\PsAPI.pas
$(Delphi)Source\Rtl\Win\RegStr.pas
$(Delphi)Source\Rtl\Win\RichEdit.pas
$(Delphi)Source\Rtl\Win\ShellAPI.pas
$(Delphi)Source\Rtl\Win\SHFolder.pas
$(Delphi)Source\Rtl\Win\ShlObj.pas
$(Delphi)Source\Rtl\Win\TlHelp32.pas
$(Delphi)Source\Rtl\Win\UrlMon.pas
$(Delphi)Source\Rtl\Win\UxTheme.pas
$(Delphi)Source\Rtl\Win\Windows.pas
$(Delphi)Source\Rtl\Win\WinInet.pas
$(Delphi)Source\Rtl\Win\WinSock.pas
$(Delphi)Source\Rtl\Win\WinSpool.pas
$(Delphi)Source\Rtl\Win\WinSvc.pas
$(Delphi)Source\Samples\Calendar.pas
$(Delphi)Source\Samples\ColorGrd.pas
$(Delphi)Source\Samples\DirOutln.pas
$(Delphi)Source\Samples\Gauges.pas
$(Delphi)Source\Samples\IBConst.pas
$(Delphi)Source\Samples\IBCtrls.pas
$(Delphi)Source\Samples\IBEvnts.pas
$(Delphi)Source\Samples\IBProc32.pas
$(Delphi)Source\Samples\Spin.pas
$(Delphi)Source\Soap\HTTPSOAPToPasBind.pas
$(Delphi)Source\Soap\HTTPUtil.pas
$(Delphi)Source\Soap\inquire_v1.pas
$(Delphi)Source\Soap\IntfInfo.pas
$(Delphi)Source\Soap\InvConst.pas
$(Delphi)Source\Soap\Invoker.pas
$(Delphi)Source\Soap\InvokeRegistry.pas
$(Delphi)Source\Soap\InvRules.pas
$(Delphi)Source\Soap\OPConvert.pas
$(Delphi)Source\Soap\OPToSoapDomConv.pas
$(Delphi)Source\Soap\OPToSoapDomCustom.pas
$(Delphi)Source\Soap\Rio.pas
$(Delphi)Source\Soap\SOAPAttach.pas
$(Delphi)Source\Soap\SOAPAttachIntf.pas
$(Delphi)Source\Soap\SoapConn.pas
$(Delphi)Source\Soap\SoapConst.pas
$(Delphi)Source\Soap\SoapDm.pas
$(Delphi)Source\Soap\SOAPDomConv.pas
$(Delphi)Source\Soap\SoapEnv.pas
$(Delphi)Source\Soap\SoapHTTPClient.pas
$(Delphi)Source\Soap\soaphttpdisp.pas
$(Delphi)Source\Soap\SOAPHTTPPasInv.pas
$(Delphi)Source\Soap\SoapHTTPTrans.pas
$(Delphi)Source\Soap\soaplinked.pas
$(Delphi)Source\Soap\SOAPMidas.pas
$(Delphi)Source\Soap\soappasinv.pas
$(Delphi)Source\Soap\TypeTrans.pas
$(Delphi)Source\Soap\UDDIHelper.pas
$(Delphi)Source\Soap\WebBrokerSOAP.pas
$(Delphi)Source\Soap\WebNode.pas
$(Delphi)Source\Soap\WSDLNode.pas
$(Delphi)Source\Soap\WSDLSoap.pas
$(Delphi)Source\Soap\XSBuiltIns.pas
$(Delphi)Source\ToolsAPI\ClxDesignWindows.pas
$(Delphi)Source\ToolsAPI\ClxEditors.pas
$(Delphi)Source\ToolsAPI\ClxSprigs.pas
$(Delphi)Source\ToolsAPI\DesignConst.pas
$(Delphi)Source\ToolsAPI\DesignEditors.pas
$(Delphi)Source\ToolsAPI\DesignIntf.pas
$(Delphi)Source\ToolsAPI\DesignMenus.pas
$(Delphi)Source\ToolsAPI\DesignWindows.pas
$(Delphi)Source\ToolsAPI\EditIntf.pas
$(Delphi)Source\ToolsAPI\ExptIntf.pas
$(Delphi)Source\ToolsAPI\FileIntf.pas
$(Delphi)Source\ToolsAPI\IStreams.pas
$(Delphi)Source\ToolsAPI\PropertyCategories.pas
$(Delphi)Source\ToolsAPI\ToolIntf.pas
$(Delphi)Source\ToolsAPI\ToolsAPI.pas
$(Delphi)Source\ToolsAPI\TreeIntf.pas
$(Delphi)Source\ToolsAPI\VCLEditors.pas
$(Delphi)Source\ToolsAPI\VCLSprigs.pas
$(Delphi)Source\ToolsAPI\VcsIntf.pas
$(Delphi)Source\ToolsAPI\VirtIntf.pas
$(Delphi)Source\Vcl\ActnColorMaps.pas
$(Delphi)Source\Vcl\ActnCtrls.pas
$(Delphi)Source\Vcl\ActnList.pas
$(Delphi)Source\Vcl\ActnMan.pas
$(Delphi)Source\Vcl\ActnMenus.pas
$(Delphi)Source\Vcl\ActnPopup.pas
$(Delphi)Source\Vcl\ActnRes.pas
$(Delphi)Source\Vcl\ADOConst.pas
$(Delphi)Source\Vcl\ADODB.pas
$(Delphi)Source\Vcl\ADOInt.pas
$(Delphi)Source\Vcl\AppEvnts.pas
$(Delphi)Source\Vcl\AxCtrls.pas
$(Delphi)Source\Vcl\BandActn.pas
$(Delphi)Source\Vcl\bdeconst.pas
$(Delphi)Source\Vcl\bdemts.pas
$(Delphi)Source\Vcl\Buttons.pas
$(Delphi)Source\Vcl\CheckLst.pas
$(Delphi)Source\Vcl\Clipbrd.pas
$(Delphi)Source\Vcl\CmAdmCtl.pas
$(Delphi)Source\Vcl\ComCtrls.pas
$(Delphi)Source\Vcl\ComStrs.pas
$(Delphi)Source\Vcl\Consts.pas
$(Delphi)Source\Vcl\Controls.pas
$(Delphi)Source\Vcl\CtlConsts.pas
$(Delphi)Source\Vcl\CtlPanel.pas
$(Delphi)Source\Vcl\CustomizeDlg.pas
$(Delphi)Source\Vcl\DataBkr.pas
$(Delphi)Source\Vcl\DB.pas
$(Delphi)Source\Vcl\DBActns.pas
$(Delphi)Source\Vcl\dbcgrids.pas
$(Delphi)Source\Vcl\DBClient.pas
$(Delphi)Source\Vcl\DBClientActnRes.pas
$(Delphi)Source\Vcl\DBClientActns.pas
$(Delphi)Source\Vcl\DBCommon.pas
$(Delphi)Source\Vcl\DBConnAdmin.pas
$(Delphi)Source\Vcl\DBConsts.pas
$(Delphi)Source\Vcl\DBCtrls.pas
$(Delphi)Source\Vcl\DbExcept.pas
$(Delphi)Source\Vcl\DBGrids.pas
$(Delphi)Source\Vcl\DBLocal.pas
$(Delphi)Source\Vcl\DBLocalI.pas
$(Delphi)Source\Vcl\DBLogDlg.pas
$(Delphi)Source\Vcl\dblookup.pas
$(Delphi)Source\Vcl\DBOleCtl.pas
$(Delphi)Source\Vcl\DBPWDlg.pas
$(Delphi)Source\Vcl\DBTables.pas
$(Delphi)Source\Vcl\DBXpress.pas
$(Delphi)Source\Vcl\DdeMan.pas
$(Delphi)Source\Vcl\Dialogs.pas
$(Delphi)Source\Vcl\DrTable.pas
$(Delphi)Source\Vcl\DSIntf.pas
$(Delphi)Source\Vcl\ExtActns.pas
$(Delphi)Source\Vcl\ExtCtrls.pas
$(Delphi)Source\Vcl\ExtDlgs.pas
$(Delphi)Source\Vcl\FileCtrl.pas
$(Delphi)Source\Vcl\FMTBcd.pas
$(Delphi)Source\Vcl\Forms.pas
$(Delphi)Source\Vcl\Graphics.pas
$(Delphi)Source\Vcl\GraphUtil.pas
$(Delphi)Source\Vcl\Grids.pas
$(Delphi)Source\Vcl\HTTPIntr.pas
$(Delphi)Source\Vcl\IB.pas
$(Delphi)Source\Vcl\IBBlob.pas
$(Delphi)Source\Vcl\IBCustomDataSet.pas
$(Delphi)Source\Vcl\IBDatabase.pas
$(Delphi)Source\Vcl\IBDatabaseInfo.pas
$(Delphi)Source\Vcl\IBDCLConst.pas
$(Delphi)Source\Vcl\IBErrorCodes.pas
$(Delphi)Source\Vcl\IBEvents.pas
$(Delphi)Source\Vcl\IBExternals.pas
$(Delphi)Source\Vcl\IBExtract.pas
$(Delphi)Source\Vcl\IBGeneratorEditor.pas
$(Delphi)Source\Vcl\IBHeader.pas
$(Delphi)Source\Vcl\IBIntf.pas
$(Delphi)Source\Vcl\IBQuery.pas
$(Delphi)Source\Vcl\IBRestoreEditor.pas
$(Delphi)Source\Vcl\IBSecurityEditor.pas
$(Delphi)Source\Vcl\IBServiceEditor.pas
$(Delphi)Source\Vcl\IBSQL.pas
$(Delphi)Source\Vcl\IBSQLMonitor.pas
$(Delphi)Source\Vcl\IBStoredProc.pas
$(Delphi)Source\Vcl\IBTable.pas
$(Delphi)Source\Vcl\IBUpdateSQL.pas
$(Delphi)Source\Vcl\IBUtils.pas
$(Delphi)Source\Vcl\IBXConst.pas
$(Delphi)Source\Vcl\ImgList.pas
$(Delphi)Source\Vcl\ListActns.pas
$(Delphi)Source\Vcl\Mask.pas
$(Delphi)Source\Vcl\MConnect.pas
$(Delphi)Source\Vcl\Menus.pas
$(Delphi)Source\Vcl\Midas.pas
$(Delphi)Source\Vcl\MidasCon.pas
$(Delphi)Source\Vcl\MidConst.pas
$(Delphi)Source\Vcl\MPlayer.pas
$(Delphi)Source\Vcl\MtsRdm.pas
$(Delphi)Source\Vcl\Mxconsts.pas
$(Delphi)Source\Vcl\ObjBrkr.pas
$(Delphi)Source\Vcl\OleAuto.pas
$(Delphi)Source\Vcl\OleConst.pas
$(Delphi)Source\Vcl\OleCtnrs.pas
$(Delphi)Source\Vcl\OleCtrls.pas
$(Delphi)Source\Vcl\OleDB.pas
$(Delphi)Source\Vcl\OleServer.pas
$(Delphi)Source\Vcl\Outline.pas
$(Delphi)Source\Vcl\Printers.pas
$(Delphi)Source\Vcl\Provider.pas
$(Delphi)Source\Vcl\recerror.pas
$(Delphi)Source\Vcl\ScktCnst.pas
$(Delphi)Source\Vcl\ScktComp.pas
$(Delphi)Source\Vcl\ScktMain.pas
$(Delphi)Source\Vcl\SConnect.pas
$(Delphi)Source\Vcl\ShadowWnd.pas
$(Delphi)Source\Vcl\SimpleDS.pas
$(Delphi)Source\Vcl\SqlConst.pas
$(Delphi)Source\Vcl\SqlExpr.pas
$(Delphi)Source\Vcl\SqlTimSt.pas
$(Delphi)Source\Vcl\StdActnMenus.pas
$(Delphi)Source\Vcl\StdActns.pas
$(Delphi)Source\Vcl\StdCtrls.pas
$(Delphi)Source\Vcl\StdStyleActnCtrls.pas
$(Delphi)Source\Vcl\SvcMgr.pas
$(Delphi)Source\Vcl\TabNotBk.pas
$(Delphi)Source\Vcl\Tabs.pas
$(Delphi)Source\Vcl\TConnect.pas
$(Delphi)Source\Vcl\Themes.pas
$(Delphi)Source\Vcl\ToolWin.pas
$(Delphi)Source\Vcl\ValEdit.pas
$(Delphi)Source\Vcl\VDBConsts.pas
$(Delphi)Source\Vcl\WinHelpViewer.pas
$(Delphi)Source\Vcl\XPActnCtrls.pas
$(Delphi)Source\Vcl\XPMan.pas
$(Delphi)Source\Vcl\XPStyleActnCtrls.pas
$(Delphi)Source\WebSnap\ActivDbgLib.pas
$(Delphi)Source\WebSnap\ActiveScriptCat.pas
$(Delphi)Source\WebSnap\AdaptReq.pas
$(Delphi)Source\WebSnap\AddActn.pas
$(Delphi)Source\WebSnap\AscrLib.pas
$(Delphi)Source\WebSnap\AutoAdap.pas
$(Delphi)Source\WebSnap\AutoAdapAS.pas
$(Delphi)Source\WebSnap\CompProd.pas
$(Delphi)Source\WebSnap\DBAdapt.pas
$(Delphi)Source\WebSnap\DBAdaptImg.pas
$(Delphi)Source\WebSnap\DbgSiteAS.pas
$(Delphi)Source\WebSnap\DesignerDbgSite.pas
$(Delphi)Source\WebSnap\DsgnCntxt.pas
$(Delphi)Source\WebSnap\HTTPParse.pas
$(Delphi)Source\WebSnap\MidComp.pas
$(Delphi)Source\WebSnap\MidItems.pas
$(Delphi)Source\WebSnap\MidProd.pas
$(Delphi)Source\WebSnap\PagItems.pas
$(Delphi)Source\WebSnap\ReqFiles.pas
$(Delphi)Source\WebSnap\ReqImpl.pas
$(Delphi)Source\WebSnap\ReqMulti.pas
$(Delphi)Source\WebSnap\ScrptMgr.pas
$(Delphi)Source\WebSnap\SessColn.pas
$(Delphi)Source\WebSnap\SiteComp.pas
$(Delphi)Source\WebSnap\SiteConst.pas
$(Delphi)Source\WebSnap\SiteProd.pas
$(Delphi)Source\WebSnap\SiteWiz.pas
$(Delphi)Source\WebSnap\SvrHTTPIndy.pas
$(Delphi)Source\WebSnap\SvrInfoConsole.pas
$(Delphi)Source\WebSnap\SvrInfoConst.pas
$(Delphi)Source\WebSnap\SvrInfoModule.pas
$(Delphi)Source\WebSnap\SvrLog.pas
$(Delphi)Source\WebSnap\SvrLogColSettingsFrame.pas
$(Delphi)Source\WebSnap\SvrLogDetailDlg.pas
$(Delphi)Source\WebSnap\SvrLogDetailFrame.pas
$(Delphi)Source\WebSnap\SvrLogFrame.pas
$(Delphi)Source\WebSnap\SvrMainForm.pas
$(Delphi)Source\WebSnap\SvrPropDlg.pas
$(Delphi)Source\WebSnap\SvrSockRequest.pas
$(Delphi)Source\WebSnap\SvrStatsFrame.pas
$(Delphi)Source\WebSnap\WbmDCnst.pas
$(Delphi)Source\WebSnap\WebAdapt.pas
$(Delphi)Source\WebSnap\WebAppDbgAbout.pas
$(Delphi)Source\WebSnap\WebAppDbgHelp.pas
$(Delphi)Source\WebSnap\WebAuto.pas
$(Delphi)Source\WebSnap\WebContnrs.pas
$(Delphi)Source\WebSnap\WebDisp.pas
$(Delphi)Source\WebSnap\WebFact.pas
$(Delphi)Source\WebSnap\WebForm.pas
$(Delphi)Source\WebSnap\WebModu.pas
$(Delphi)Source\WebSnap\WebScript.pas
$(Delphi)Source\WebSnap\WebScriptAS.pas
$(Delphi)Source\WebSnap\WebScript_TLB.pas
$(Delphi)Source\WebSnap\WebSess.pas
$(Delphi)Source\WebSnap\WebSnapObjs.pas
$(Delphi)Source\WebSnap\WebUsers.pas
$(Delphi)Source\WebSnap\XMLBrokr.pas
$(Delphi)Source\WebSnap\xmlutil.pas
$(Delphi)Source\WebSnap\Xmlxform.pas
$(Delphi)Source\WebSnap\XSLProd.pas
$(Delphi)Source\Xml\DTDSchema.pas
$(Delphi)Source\Xml\msxmldom.pas
$(Delphi)Source\Xml\oxmldom.pas
$(Delphi)Source\Xml\xdom.pas
$(Delphi)Source\Xml\XDRSchema.pas
$(Delphi)Source\Xml\xercesxmldom.pas
$(Delphi)Source\Xml\XMLConst.pas
$(Delphi)Source\Xml\XMLDataToSchema.pas
$(Delphi)Source\Xml\XMLDoc.pas
$(Delphi)Source\Xml\xmldom.pas
$(Delphi)Source\Xml\XMLIntf.pas
$(Delphi)Source\Xml\XMLSchema.pas
$(Delphi)Source\Xml\XMLSchema99.pas
$(Delphi)Source\Xml\XMLSchemaTags.pas
