$(Delphi)Demos\ActionBands\WordPad.res
$(Delphi)Demos\ActionBands\AlphaBlendMenus\AlphaBlendDemo.res
$(Delphi)Demos\ActionBands\DynaActionBands\DynaActionBands.res
$(Delphi)Demos\ActionBands\MRU\ABMRU.res
$(Delphi)Demos\Actions\Actions.res
$(Delphi)Demos\ActiveX\COM+Event\Event\event.res
$(Delphi)Demos\ActiveX\COM+Event\Publisher\publisher.res
$(Delphi)Demos\ActiveX\COM+Event\Subscriber\subscriber.res
$(Delphi)Demos\ActiveX\OleAuto\AutoCtrl\autoctrl.res
$(Delphi)Demos\ActiveX\OleAuto\AutoServ\autodemo.res
$(Delphi)Demos\ActiveX\OleAuto\AutoServ\memoedit.res
$(Delphi)Demos\ActiveX\OleAuto\SrvComp\PowerPoint\pwrptdemo.res
$(Delphi)Demos\ActiveX\OleAuto\SrvComp\Word\pwordcomp.res
$(Delphi)Demos\ActiveX\OleAuto\Word8\word8auto.res
$(Delphi)Demos\ActiveX\OleCtnrs\olemdi.res
$(Delphi)Demos\ActiveX\OleCtnrs\olesdi.res
$(Delphi)Demos\ActiveX\TRegSvr\tregsvr.res
$(Delphi)Demos\Ado\Briefcase\briefcasedemo.res
$(Delphi)Demos\Ado\Rds\rdsclient.res
$(Delphi)Demos\Ado\Rds\rdsserver.res
$(Delphi)Demos\Ado\Shape\ShapeDemo.res
$(Delphi)Demos\AppEvents\appevents.res
$(Delphi)Demos\Clx\ClxExplorer\ClxExplorer.res
$(Delphi)Demos\Clx\QuickStart\TextEditor.res
$(Delphi)Demos\Clx\StopWatch\stopwatch.res
$(Delphi)Demos\Clx\TextBrowser\TextBrowser.res
$(Delphi)Demos\ConvertIt\ConvertIt.res
$(Delphi)Demos\CoolStuf\webbrows.res
$(Delphi)Demos\Corba\Idl2Pas\CosNaming\Client.res
$(Delphi)Demos\Corba\Idl2Pas\CosNaming\Server.res
$(Delphi)Demos\Corba\Idl2Pas\Interface Arg\Client.res
$(Delphi)Demos\Corba\Idl2Pas\Interface Arg\Server.res
$(Delphi)Demos\Cpl\Date\cpldemo.res
$(Delphi)Demos\CustomDraw\customdraw.res
$(Delphi)Demos\Db\BkQuery\bkquery.res
$(Delphi)Demos\Db\CacheDup\cache.res
$(Delphi)Demos\Db\CsDemos\csdemos.res
$(Delphi)Demos\Db\CtrlGrid\ctrlgrid.res
$(Delphi)Demos\Db\DbErrors\dberrors.res
$(Delphi)Demos\Db\DbxExplorer\dbxexplorer.res
$(Delphi)Demos\Db\Filter\filter.res
$(Delphi)Demos\Db\FishFact\fishfact.res
$(Delphi)Demos\Db\GdsDemo\gdsdemo.res
$(Delphi)Demos\Db\IBDemo\events.res
$(Delphi)Demos\Db\IBMastApp\mastapp.res
$(Delphi)Demos\Db\IBX\Admin\AdminTool.res
$(Delphi)Demos\Db\IBX\CachedUp\cache.res
$(Delphi)Demos\Db\IBX\IBSilentInstall\IBInstallConfig.res
$(Delphi)Demos\Db\IBX\IBXEvents\events.res
$(Delphi)Demos\Db\IBX\SQLMonitor\MonitorDemo.res
$(Delphi)Demos\Db\IBX\ThreadedIBX\ThreadedQuery.res
$(Delphi)Demos\Db\MastApp\mastapp.res
$(Delphi)Demos\Db\MtsPool\mtspool.res
$(Delphi)Demos\Db\TextData\textpkg.res
$(Delphi)Demos\Db\TextData\texttest.res
$(Delphi)Demos\DbClx\fishfact\Fishfact.res
$(Delphi)Demos\DbClx\frames\FramesDemo.res
$(Delphi)Demos\DbClx\mybasexplorer\MyBaseExplorer.res
$(Delphi)Demos\Doc\Filmanex\filmanex.res
$(Delphi)Demos\Doc\Graphex\graphex.res
$(Delphi)Demos\Doc\TextEdit\textedit.res
$(Delphi)Demos\Docking\dockex.res
$(Delphi)Demos\EarthPng\EarthPng.res
$(Delphi)Demos\Football\Football.res
$(Delphi)Demos\Frames\Db\framesdemo.res
$(Delphi)Demos\ImagView\imagview.res
$(Delphi)Demos\Internet\ApacheConfigEditor\ace.res
$(Delphi)Demos\Internet\ApacheDSO\Authentication\Authentication.res
$(Delphi)Demos\Internet\ApacheDSO\Authorization\Authorization.res
$(Delphi)Demos\Internet\ApacheDSO\DBModule\DBModule.res
$(Delphi)Demos\Internet\ApacheDSO\Hello\HelloModule.res
$(Delphi)Demos\Internet\ApacheDSO\logging\Logger.res
$(Delphi)Demos\Internet\ApacheDSO\ModuleInit\ModuleInit.res
$(Delphi)Demos\Internet\CGIs\demo_src\PageProducerCGI\PageProducerCGI.res
$(Delphi)Demos\Internet\CGIs\demo_src\PortScanner\PortScanner.res
$(Delphi)Demos\Internet\CGIs\demo_src\WebRequestCGI\WebRequestCGI.res
$(Delphi)Demos\Internet\NetChat\NetChat.res
$(Delphi)Demos\Internet\rexec\Rexec_Client.res
$(Delphi)Demos\Internet\WebServ\Apache\ApacheServer.res
$(Delphi)Demos\Internet\WebServ\IIS\iservcgi.res
$(Delphi)Demos\Internet\WebServ\IIS\iserver.res
$(Delphi)Demos\Internet\XMLTransform\XMLTransform.res
$(Delphi)Demos\Internet\XMLTransformClient\TXMLTransformClient.res
$(Delphi)Demos\Internet\XMLTransformParam\ServerCust.res
$(Delphi)Demos\Internet\XMLTransformParam\ServerCustClient.res
$(Delphi)Demos\Internet\XMLTransformProvider\XMLTransformProvider.res
$(Delphi)Demos\IntraWeb\Features\Features.res
$(Delphi)Demos\IntraWeb\Features\FeaturesDLL.res
$(Delphi)Demos\IntraWeb\Features\FeaturesDSO.res
$(Delphi)Demos\IntraWeb\FishFact\Fishfact.res
$(Delphi)Demos\IntraWeb\FishFact\FishFactDLL.res
$(Delphi)Demos\IntraWeb\FishFactDM\FishfactDM.res
$(Delphi)Demos\IntraWeb\FishFactDM\FishfactDMDLL.res
$(Delphi)Demos\IntraWeb\FormData\FormData.res
$(Delphi)Demos\IntraWeb\Guess\Guess.res
$(Delphi)Demos\IntraWeb\Guess\GuessDLL.res
$(Delphi)Demos\IntraWeb\Guess\GuessDSO.res
$(Delphi)Demos\IntraWeb\GuessWB\GuessWB.res
$(Delphi)Demos\IntraWeb\Phonetics Customer Profiler\PCP.res
$(Delphi)Demos\IntraWeb\WebSnapSurvey\WebSnapSurvey.res
$(Delphi)Demos\IntraWeb\WebSnapSurvey\WebSnapSurveyISAPI.res
$(Delphi)Demos\Ipcdemos\client.res
$(Delphi)Demos\Ipcdemos\monitor.res
$(Delphi)Demos\Midas\Activefm\empeditx.res
$(Delphi)Demos\Midas\AdHoc\client.res
$(Delphi)Demos\Midas\AdHoc\server.res
$(Delphi)Demos\Midas\Aggregate\aggdemo.res
$(Delphi)Demos\Midas\Alchtest\alchtest.res
$(Delphi)Demos\Midas\Brfcase\client.res
$(Delphi)Demos\Midas\Brfcase\server.res
$(Delphi)Demos\Midas\EmpEdit\empedit.res
$(Delphi)Demos\Midas\EmpEdit\server.res
$(Delphi)Demos\Midas\InternetExpress\CustomerList\customerlist.res
$(Delphi)Demos\Midas\InternetExpress\CustomerList\rdmcustomerdata.res
$(Delphi)Demos\Midas\InternetExpress\InetXCenter\ComponentsInfoEditor.res
$(Delphi)Demos\Midas\InternetExpress\InetXCenter\InetXCenterCGI.res
$(Delphi)Demos\Midas\InternetExpress\InetXCenter\INetXCenterComponents.res
$(Delphi)Demos\Midas\InternetExpress\InetXCenter\InetXCenterISAPI.res
$(Delphi)Demos\Midas\InternetExpress\InetXCenter\InetXCenterTestSvr.res
$(Delphi)Demos\Midas\InternetExpress\InetXCenter\rdmInetXCenter.res
$(Delphi)Demos\Midas\InternetExpress\InetXCustom\dclinetxcustom.res
$(Delphi)Demos\Midas\InternetExpress\InetXCustom\inetxcustom.res
$(Delphi)Demos\Midas\Intrcpt\intrcpt.res
$(Delphi)Demos\Midas\Login\client.res
$(Delphi)Demos\Midas\Login\server.res
$(Delphi)Demos\Midas\MstrDtl\clntproj.res
$(Delphi)Demos\Midas\MstrDtl\server.res
$(Delphi)Demos\Midas\Pooler\client.res
$(Delphi)Demos\Midas\Pooler\server.res
$(Delphi)Demos\Midas\SetParam\client.res
$(Delphi)Demos\Midas\SetParam\server.res
$(Delphi)Demos\Midas\SharedConn\ShareClient.res
$(Delphi)Demos\Midas\SharedConn\ShareServer.res
$(Delphi)Demos\Oracle8\OrTypes\ortypes.res
$(Delphi)Demos\Ownerlst\fontdraw.res
$(Delphi)Demos\Quickrpt\Qr2\qr2demo.res
$(Delphi)Demos\Quickrpt\Qr3\qr3demo.res
$(Delphi)Demos\ResXplor\resxplor.res
$(Delphi)Demos\ResXplor\rximages.res
$(Delphi)Demos\RichEdit\richedit.res
$(Delphi)Demos\RichEdit\Deu\richedit.res
$(Delphi)Demos\RichEdit\Deu\richedit_drc.res
$(Delphi)Demos\RichEdit\Enu\richedit.res
$(Delphi)Demos\RichEdit\Enu\richedit_drc.res
$(Delphi)Demos\RichEdit\Fra\richedit.res
$(Delphi)Demos\RichEdit\Fra\richedit_drc.res
$(Delphi)Demos\ShellControls\dclshlctrls.res
$(Delphi)Demos\ShellControls\vclshlctrls.res
$(Delphi)Demos\Swat\extrares.res
$(Delphi)Demos\Swat\Swat.res
$(Delphi)Demos\TeeChart\CHAEXPER.res
$(Delphi)Demos\TeeChart\teedemo.res
$(Delphi)Demos\Threads\thrddemo.res
$(Delphi)Demos\ToolsAPI\ActionServices\ActionSv.res
$(Delphi)Demos\ToolsAPI\Editor Keybinding\dclsmpedit70.res
$(Delphi)Demos\ToolsAPI\INTAServices\myaddicon.res
$(Delphi)Demos\ToolsAPI\PackageDemo\PackApi.res
$(Delphi)Demos\ToolsAPI\XPAppWiz\DelphiXP.res
$(Delphi)Demos\ToolsAPI\XPAppWiz\XPAPPRES.res
$(Delphi)Demos\ToolsAPI\XPAppWiz\XPAppWiz.res
$(Delphi)Demos\Virtual Listview\virtuallistview.res
$(Delphi)Demos\WebServices\DBServer\WebServicesDBServer.res
$(Delphi)Demos\WebServices\EchoService\Client\EchoService_Client.res
$(Delphi)Demos\WebServices\EchoService\Server\EchoService_CGI.res
$(Delphi)Demos\WebServices\EchoService\Server\EchoService_WAD.res
$(Delphi)Demos\WebServices\IssuesSample\WebServicesIssuesSampProject.res
$(Delphi)Demos\WebServices\PostTool\PostSOAP.res
$(Delphi)Demos\WebServices\SOAPAttachments\Client\SoapDBAttachClient.res
$(Delphi)Demos\WebServices\SOAPAttachments\Server\DBAttachServer.res
$(Delphi)Demos\WebServices\SOAPDataModule\Client\SOAPDMClient.res
$(Delphi)Demos\WebServices\SOAPDataModule\Server\SOAPDMServerCGI.res
$(Delphi)Demos\WebServices\SOAPDataModule\Server\SOAPDMServerWAD.res
$(Delphi)Demos\WebServices\SOAPHeaders\client\BankAccount_Client.res
$(Delphi)Demos\WebServices\SOAPHeaders\server\BankAccount_CGI.res
$(Delphi)Demos\WebServices\SOAPHeaders\server\BankAccount_WAD.res
$(Delphi)Demos\WebSnap\ActionField\DclActionField.res
$(Delphi)Demos\WebSnap\ActionFieldTest\ActionFieldISAPI.res
$(Delphi)Demos\WebSnap\ActionFieldTest\ActionFieldTestSvr.res
$(Delphi)Demos\WebSnap\BioLife\biolifeapache.res
$(Delphi)Demos\WebSnap\BioLife\biolifeisapi.res
$(Delphi)Demos\WebSnap\BioLife\biolifetestsvr.res
$(Delphi)Demos\WebSnap\CountryEditor\CountryEditorIsapi.res
$(Delphi)Demos\WebSnap\CountryEditor\CountryEditorTestSvr.res
$(Delphi)Demos\WebSnap\CountryReport\CountryReportIsapi.res
$(Delphi)Demos\WebSnap\CountryReport\CountryReportTestSvr.res
$(Delphi)Demos\WebSnap\DBExpress\DBExpressISAPI.res
$(Delphi)Demos\WebSnap\DBExpress\DBExpressTestSvr.res
$(Delphi)Demos\WebSnap\DispHandlers\DclDispHandlers.res
$(Delphi)Demos\WebSnap\DumpModules\DumpModulesTestSvr.res
$(Delphi)Demos\WebSnap\ImgBtnCountryEditor\ImgBtnCountryEditorISAPI.res
$(Delphi)Demos\WebSnap\ImgBtnCountryEditor\ImgBtnCountryEditorTestSvr.res
$(Delphi)Demos\WebSnap\ImgBtnProducer\DclImgBtnProducer.res
$(Delphi)Demos\WebSnap\InternetExpress\InternetExpressISAPI.res
$(Delphi)Demos\WebSnap\InternetExpress\InternetExpressTestSvr.res
$(Delphi)Demos\WebSnap\LocateFileService\htmlfiles.res
$(Delphi)Demos\WebSnap\LocateFileService\LocateFileServiceISAPI.res
$(Delphi)Demos\WebSnap\LocateFileService\LocateFileServiceTestSvr.res
$(Delphi)Demos\WebSnap\MasterDetail\MasterDetailISAPI.res
$(Delphi)Demos\WebSnap\MasterDetail\MasterDetailTestSvr.res
$(Delphi)Demos\WebSnap\MinApp\MinAppIsapi.res
$(Delphi)Demos\WebSnap\MinApp\MinAppTestSvr.res
$(Delphi)Demos\WebSnap\PhotoGallery\PhotoGalleryISAPI.res
$(Delphi)Demos\WebSnap\PhotoGallery\PhotoGalleryTestSvr.res
$(Delphi)Demos\WebSnap\ProducerTemplates\DclDemoTemplate.res
$(Delphi)Demos\WebSnap\ProducerTemplates\templates.res
$(Delphi)Demos\WebSnap\ScriptObject\DclSampleScriptObject.res
$(Delphi)Demos\WebSnap\ScriptObjectTest\ScriptObjectTestISAPI.res
$(Delphi)Demos\WebSnap\ScriptObjectTest\ScriptObjectTestSvr.res
$(Delphi)Demos\WebSnap\SessionTest\SessionTestISAPI.res
$(Delphi)Demos\WebSnap\SessionTest\SessionTestTestSvr.res
$(Delphi)Demos\WebSnap\SimpleAdapter\SimpleAdapterIsapi.res
$(Delphi)Demos\WebSnap\SimpleAdapter\SimpleAdapterTestSvr.res
$(Delphi)Demos\WebSnap\TestSvrInfo\DclSvrInfoComponents.res
$(Delphi)Demos\WebSnap\TestSvrInfo\TestSvrInfo.res
$(Delphi)Demos\WebSnap\Tutorials\TutorialIsapi.res
$(Delphi)Demos\WebSnap\Tutorials\TutorialTestSvr.res
$(Delphi)Demos\WebSnap\Util\TemplateRes.res
$(Delphi)Demos\WebSnap\WebDispatcher\WebDispatcherISAPI.res
$(Delphi)Demos\WebSnap\WebDispatcher\WebDispatcherTestSvr.res
$(Delphi)Demos\WebSnap\WebMail\WebMailApp.res
$(Delphi)Demos\WebSnap\XMLBiolife\XMLBiolifeApache.res
$(Delphi)Demos\WebSnap\XMLBiolife\XMLBiolifeISAPI.res
$(Delphi)Demos\WebSnap\XMLBiolife\XMLBiolifeTestSvr.res
$(Delphi)Demos\WebSnap\XMLBuilder\DclXMLBuilder.res
$(Delphi)Demos\WebSnap\XMLBuilder\XMLBuilder.res
$(Delphi)Demos\WebSnap\XSLProducer\XSLPageProducerISAPI.res
$(Delphi)Demos\WebSnap\XSLProducer\XSLPageProducerTestSvr.res
$(Delphi)Lib\buttons.res
$(Delphi)Lib\controls.res
$(Delphi)Lib\dbctrls.res
$(Delphi)Lib\dbgrids.res
$(Delphi)Lib\dclusr.res
$(Delphi)Lib\extdlgs.res
$(Delphi)Lib\filectrl.res
$(Delphi)Lib\ibctrls.res
$(Delphi)Lib\IWData.res
$(Delphi)Lib\IWDsnPaintSupport.res
$(Delphi)Lib\IWMain.res
$(Delphi)Lib\midas.res
$(Delphi)Lib\mplayer.res
$(Delphi)Lib\mxconsts.res
$(Delphi)Lib\outline.res
$(Delphi)Lib\QButtons.res
$(Delphi)Lib\QCheckLst.res
$(Delphi)Lib\QDBCtrls.res
$(Delphi)Lib\QDBGrids.res
$(Delphi)Lib\QDialogs.res
$(Delphi)Lib\QFileCtrls.res
$(Delphi)Lib\quickrpt.res
$(Delphi)Lib\spin.res
$(Delphi)Lib\tabs.res
$(Delphi)Lib\teebmps.res
$(Delphi)Lib\teeresou.res
$(Delphi)Lib\WindowsXP.res
$(Delphi)Objrepos\CLXMdiApp\CLXMDIApp.res
$(Delphi)Objrepos\IntraWeb\Apache\IWDSOProject.res
$(Delphi)Objrepos\IntraWeb\Apache2\IWDSO2Project.res
$(Delphi)Objrepos\IntraWeb\ISAPI\IWISAPIProject.res
$(Delphi)Objrepos\IntraWeb\StandAlone\IWProject.res
$(Delphi)Objrepos\IntraWeb\StandAloneDM\IWProject.res
$(Delphi)Objrepos\Win2KApp\W2kStrs.res
$(Delphi)Objrepos\Win2KApp\Win2kApp.res
$(Delphi)Projects\Encr\SimpleEncryptionProject.res
$(Delphi)Projects\SysInfo\SysInfoProject.res
$(Delphi)Projects\Testing Code\Project1.res
$(Delphi)Rave5\Demos\RaveDemo.res
$(Delphi)Source\Decision Cube\dcldss.res
$(Delphi)Source\Decision Cube\dss.res
$(Delphi)Source\Decision Cube\mxconsts.res
$(Delphi)Source\Indy\dclindy.res
$(Delphi)Source\Indy\IdCreditsBitmap.res
$(Delphi)Source\Indy\indy.res
$(Delphi)Source\Internet\CGIStub.res
$(Delphi)Source\Internet\IsapiStub.res
$(Delphi)Source\Internet\isapiter.res
$(Delphi)Source\Vcl\httpsrvr.res
$(Delphi)Source\Vcl\scktsrvr.res
$(Delphi)Source\WebSnap\serverinfo.res
$(Delphi)Source\WebSnap\webappdbg.res
