$(BDS)lib\dclusr.dpk
$(BDS)source\database\projects\dbx\driver\adodbxprovider\Borland.Data.AdoDbxProvider.dpk
$(BDS)source\database\projects\dbx\driver\dbxcommon\native32\DbxCommonDriver.dpk
$(BDS)source\database\projects\dbx\vcl\dbexpress\native32\dbexpress.dpk
$(BDS)source\database\projects\dbx\vcl\dbxcds\native32\dbxcds.dpk
$(BDS)source\dUnit\Contrib\DUnitWizard\Source\Common\EPCCommon50.dpk
$(BDS)source\dUnit\Contrib\DUnitWizard\Source\Common\EPCCommon60.dpk
$(BDS)source\dUnit\Contrib\DUnitWizard\Source\Common\EPCCommon70.dpk
$(BDS)source\dUnit\Contrib\DUnitWizard\Source\DelphiExperts\Common\EPCOTAUtils50.dpk
$(BDS)source\dUnit\Contrib\DUnitWizard\Source\DelphiExperts\Common\EPCOTAUtils60.dpk
$(BDS)source\dUnit\Contrib\DUnitWizard\Source\DelphiExperts\Common\EPCOTAUtils70.dpk
$(BDS)source\dUnit\Contrib\DUnitWizard\Source\DelphiExperts\DUnitProject\EPCDUnitWizard50.dpk
$(BDS)source\dUnit\Contrib\DUnitWizard\Source\DelphiExperts\DUnitProject\EPCDUnitWizard60.dpk
$(BDS)source\dUnit\Contrib\DUnitWizard\Source\DelphiExperts\DUnitProject\EPCDUnitWizard70.dpk
$(BDS)source\Indy10\Core\dclIndyCore.dpk
$(BDS)source\Indy10\Core\IndyCore.dpk
$(BDS)source\Indy10\Protocols\dclIndyProtocols.dpk
$(BDS)source\Indy10\Protocols\IndyProtocols.dpk
$(BDS)source\Indy10\System\IndySystem.dpk
$(BDS)source\Win32\xtab\dcldss.dpk
$(BDS)source\Win32\xtab\dss.dpk
d:\delphi2007\delfi\winlock2007\WinlockPkg2007.dpk
d:\inspector\code\bds2007\CPIExpertPackageV40BDS2007.dpk
