C:\LMD70SE\LIB\D10\LMDXPRes.pas
$(BDS)ObjRepos\DUnitTestCaseTemplate.pas
$(BDS)ObjRepos\SiteModules.pas
$(BDS)ObjRepos\SoapWebServiceImpl.pas
$(BDS)ObjRepos\SoapWebServiceIntf.pas
$(BDS)ObjRepos\webmodules.pas
$(BDS)ObjRepos\DelphiWin32\About.pas
$(BDS)ObjRepos\DelphiWin32\recerror.pas
$(BDS)ObjRepos\DelphiWin32\MDIApp\about.pas
$(BDS)ObjRepos\DelphiWin32\MDIApp\ChildWin.pas
$(BDS)ObjRepos\DelphiWin32\MDIApp\Main.pas
$(BDS)ObjRepos\DelphiWin32\Win2kApp\About.pas
$(BDS)ObjRepos\DelphiWin32\Win2kApp\LogoMain.pas
$(BDS)ObjRepos\DelphiWin32\Win2kApp\W2kMain.pas
$(BDS)ObjRepos\Patterns\templates\Delphi\Class\Default_Class\%Name%.pas
$(BDS)OCX\Servers\Access2000.pas
$(BDS)OCX\Servers\AccessXP.pas
$(BDS)OCX\Servers\ADODB2000.pas
$(BDS)OCX\Servers\ADODBXP.pas
$(BDS)OCX\Servers\Binder2000.pas
$(BDS)OCX\Servers\DAO2000.pas
$(BDS)OCX\Servers\DAOXP.pas
$(BDS)OCX\Servers\DAO_TLB.pas
$(BDS)OCX\Servers\e2000.pas
$(BDS)OCX\Servers\Excel2000.pas
$(BDS)OCX\Servers\ExcelXP.pas
$(BDS)OCX\Servers\MSComctlLibXP.pas
$(BDS)OCX\Servers\MSDATASRCXP.pas
$(BDS)OCX\Servers\MSForms2000.pas
$(BDS)OCX\Servers\MSPpt2000.pas
$(BDS)OCX\Servers\Office2000.pas
$(BDS)OCX\Servers\OfficeXP.pas
$(BDS)OCX\Servers\Office_TLB.pas
$(BDS)OCX\Servers\Outlook2000.pas
$(BDS)OCX\Servers\OutlookXP.pas
$(BDS)OCX\Servers\OWC10XP.pas
$(BDS)OCX\Servers\PowerPoint2000.pas
$(BDS)OCX\Servers\PowerPointXP.pas
$(BDS)OCX\Servers\Project2000.pas
$(BDS)OCX\Servers\Register2000.pas
$(BDS)OCX\Servers\RegisterXP.pas
$(BDS)OCX\Servers\VBIDE2000.pas
$(BDS)OCX\Servers\VBIDEXP.pas
$(BDS)OCX\Servers\VBIDE_TLB.pas
$(BDS)OCX\Servers\VisioGrf2000.pas
$(BDS)OCX\Servers\VisioLib2000.pas
$(BDS)OCX\Servers\VisioPrx2000.pas
$(BDS)OCX\Servers\Word2000.pas
$(BDS)OCX\Servers\WordXP.pas
$(BDS)source\database\src\pas\dbx\driver\ClassRegistry.pas
$(BDS)source\database\src\pas\dbx\driver\DBXCommon.pas
$(BDS)source\database\src\pas\dbx\driver\DBXDelegate.pas
$(BDS)source\database\src\pas\dbx\driver\DBXDynalink.pas
$(BDS)source\database\src\pas\dbx\driver\DBXDynalinkManaged.pas
$(BDS)source\database\src\pas\dbx\driver\DBXDynalinkNative.pas
$(BDS)source\database\src\pas\dbx\driver\DBXPlatform.pas
$(BDS)source\database\src\pas\dbx\driver\DBXPool.pas
$(BDS)source\database\src\pas\dbx\driver\DBXTrace.pas
$(BDS)source\database\src\pas\dbx\vcl\DBConnAdmin.pas
$(BDS)source\database\src\pas\dbx\vcl\DbxDefaultDrivers.pas
$(BDS)source\database\src\pas\dbx\vcl\DBXpress.pas
$(BDS)source\database\src\pas\dbx\vcl\SimpleDS.pas
$(BDS)source\database\src\pas\dbx\vcl\SqlConst.pas
$(BDS)source\database\src\pas\dbx\vcl\SqlExpr.pas
$(BDS)source\database\src\pas\samples\dbx\cts\AdditionalTestFramework.pas
$(BDS)source\database\src\pas\samples\dbx\cts\CTSVendorUtils.pas
$(BDS)source\database\src\pas\samples\dbx\cts\DBXCertifiedTestSuite.pas
$(BDS)source\database\src\pas\samples\dbx\cts\Dialects.pas
$(BDS)source\database\src\pas\samples\dbx\cts\VendorTestFramework.pas
$(BDS)source\database\src\pas\samples\dbx\delegates\DelegateForm.pas
$(BDS)source\dUnit\Contrib\DUnitWizard\Source\Common\XPEvent.pas
$(BDS)source\dUnit\Contrib\DUnitWizard\Source\Common\XPInterfacedObject.pas
$(BDS)source\dUnit\Contrib\DUnitWizard\Source\Common\XPIterator.pas
$(BDS)source\dUnit\Contrib\DUnitWizard\Source\Common\XPObserver.pas
$(BDS)source\dUnit\Contrib\DUnitWizard\Source\Common\XPRestore.pas
$(BDS)source\dUnit\Contrib\DUnitWizard\Source\Common\XPSingleton.pas
$(BDS)source\dUnit\Contrib\DUnitWizard\Source\Common\XPSingletonForm.pas
$(BDS)source\dUnit\Contrib\DUnitWizard\Source\Common\XPStrings.pas
$(BDS)source\dUnit\Contrib\DUnitWizard\Source\Common\XPSyncRW.pas
$(BDS)source\dUnit\Contrib\DUnitWizard\Source\Common\XPTransactIniFile.pas
$(BDS)source\dUnit\Contrib\DUnitWizard\Source\Common\XPWinBase.pas
$(BDS)source\dUnit\Contrib\DUnitWizard\Source\Common\XPWinSync.pas
$(BDS)source\dUnit\Contrib\DUnitWizard\Source\Common\dunit\XPInterfacedObjectTests.pas
$(BDS)source\dUnit\Contrib\DUnitWizard\Source\Common\dunit\XPObserverTests.pas
$(BDS)source\dUnit\Contrib\DUnitWizard\Source\Common\dunit\XPTempReleaseTests.pas
$(BDS)source\dUnit\Contrib\DUnitWizard\Source\DelphiExperts\Common\XPKeyWords.pas
$(BDS)source\dUnit\Contrib\DUnitWizard\Source\DelphiExperts\Common\XPPascalScanner.pas
$(BDS)source\dUnit\Contrib\DUnitWizard\Source\DelphiExperts\Common\XPToken.pas
$(BDS)source\dUnit\Contrib\DUnitWizard\Source\DelphiExperts\Common\XPTokenMulticaster.pas
$(BDS)source\dUnit\Contrib\DUnitWizard\Source\DelphiExperts\Common\XP_OTACreators.pas
$(BDS)source\dUnit\Contrib\DUnitWizard\Source\DelphiExperts\Common\XP_OTAEditorUtils.pas
$(BDS)source\dUnit\Contrib\DUnitWizard\Source\DelphiExperts\Common\XP_OTAUtils.pas
$(BDS)source\dUnit\Contrib\DUnitWizard\Source\DelphiExperts\Common\XP_OTAWizards.pas
$(BDS)source\dUnit\Contrib\DUnitWizard\Source\DelphiExperts\DUnitProject\XPDUnitCommon.pas
$(BDS)source\dUnit\Contrib\DUnitWizard\Source\DelphiExperts\DUnitProject\XPDUnitMacros.pas
$(BDS)source\dUnit\Contrib\DUnitWizard\Source\DelphiExperts\DUnitProject\XPDUnitMenuWizard.pas
$(BDS)source\dUnit\Contrib\DUnitWizard\Source\DelphiExperts\DUnitProject\XPDUnitParameters.pas
$(BDS)source\dUnit\Contrib\DUnitWizard\Source\DelphiExperts\DUnitProject\XPDUnitProject.pas
$(BDS)source\dUnit\Contrib\DUnitWizard\Source\DelphiExperts\DUnitProject\XPDUnitProjectWizard.pas
$(BDS)source\dUnit\Contrib\DUnitWizard\Source\DelphiExperts\DUnitProject\XPDUnitSetup.pas
$(BDS)source\dUnit\Contrib\DUnitWizard\Source\DelphiExperts\DUnitProject\XPDUnitTestClass.pas
$(BDS)source\dUnit\Contrib\DUnitWizard\Source\DelphiExperts\DUnitProject\XPDUnitTestClassWizard.pas
$(BDS)source\dUnit\Contrib\DUnitWizard\Source\DelphiExperts\DUnitProject\XPDUnitTestModule.pas
$(BDS)source\dUnit\Contrib\DUnitWizard\Source\DelphiExperts\DUnitProject\XPDUnitTestModuleWizard.pas
$(BDS)source\dUnit\Contrib\DUnitWizard\Source\DelphiExperts\DUnitProject\XPDUnitWizard.pas
$(BDS)source\dUnit\Contrib\DUnitWizard\Source\DelphiExperts\DUnitProject\XPParserFilters.pas
$(BDS)source\dUnit\Contrib\DUnitWizard\Source\DelphiExperts\DUnitProject\XPTemplateParser.pas
$(BDS)source\dUnit\Contrib\DUnitWizard\Source\DelphiExperts\DUnitProject\XPTestedUnitParser.pas
$(BDS)source\dUnit\Contrib\DUnitWizard\Source\DelphiExperts\DUnitProject\XPTestedUnitUtils.pas
$(BDS)source\dUnit\Contrib\DUnitWizard\Source\DelphiExperts\DUnitProject\XPTextTemplates.pas
$(BDS)source\dUnit\Contrib\DUnitWizard\Source\DelphiExperts\DUnitProject\dunit\TestedUnitStream.pas
$(BDS)source\dUnit\Contrib\DUnitWizard\Source\DelphiExperts\DUnitProject\dunit\WizardFormsDemoMain.pas
$(BDS)source\dUnit\Contrib\DUnitWizard\Source\DelphiExperts\DUnitProject\dunit\XPDUnitMacrosTests.pas
$(BDS)source\dUnit\Contrib\DUnitWizard\Source\DelphiExperts\DUnitProject\dunit\XPDUnitParametersTests.pas
$(BDS)source\dUnit\Contrib\DUnitWizard\Source\DelphiExperts\DUnitProject\dunit\XPTemplateParserTests.pas
$(BDS)source\dUnit\Contrib\DUnitWizard\Source\DelphiExperts\DUnitProject\dunit\XPTestedUnitParserTests.pas
$(BDS)source\dUnit\Contrib\DUnitWizard\Source\DelphiExperts\DUnitProject\dunit\XPTestedUnitUtilsTests.pas
$(BDS)source\dUnit\Contrib\DUnitWizard\Source\DelphiExperts\DUnitProject\dunit\Examples\TestedUnitParserTest_1.pas
$(BDS)source\dUnit\Contrib\XMLReporting\XMLTestRunner.pas
$(BDS)source\dUnit\Contrib\XPGen\frmXPGenOpts.pas
$(BDS)source\dUnit\Contrib\XPGen\listsupport.pas
$(BDS)source\dUnit\Contrib\XPGen\parsedef.pas
$(BDS)source\dUnit\Contrib\XPGen\suite_xpgen.pas
$(BDS)source\dUnit\Contrib\XPGen\testunit.pas
$(BDS)source\dUnit\Contrib\XPGen\test_xpLex.pas
$(BDS)source\dUnit\Contrib\XPGen\test_xpParse.pas
$(BDS)source\dUnit\Contrib\XPGen\wizardXpGenOptions.pas
$(BDS)source\dUnit\Contrib\XPGen\xpCodeGen.pas
$(BDS)source\dUnit\Contrib\XPGen\xpLex.pas
$(BDS)source\dUnit\Contrib\XPGen\xpmain.pas
$(BDS)source\dUnit\Contrib\XPGen\xpParse.pas
$(BDS)source\dUnit\examples\cmdline\Unit1.pas
$(BDS)source\dUnit\examples\cmdline\Unit1Test.pas
$(BDS)source\dUnit\examples\cmdline\Unit2.pas
$(BDS)source\dUnit\examples\cmdline\Unit2Test.pas
$(BDS)source\dUnit\examples\embeddable\EmbeddableGUITestRunner.pas
$(BDS)source\dUnit\examples\registration\TestUnit1.pas
$(BDS)source\dUnit\examples\registration\TestUnit2.pas
$(BDS)source\dUnit\examples\registration\TestUnit3.pas
$(BDS)source\dUnit\examples\registry\Step1\RegistryUnit.pas
$(BDS)source\dUnit\examples\registry\Step1\RegistryUnitTest.pas
$(BDS)source\dUnit\examples\registry\Step2\RegistryUnit.pas
$(BDS)source\dUnit\examples\registry\Step2\RegistryUnitTest.pas
$(BDS)source\dUnit\examples\registry\Step3\RegistryUnit.pas
$(BDS)source\dUnit\examples\registry\Step3\RegistryUnitTest.pas
$(BDS)source\dUnit\examples\structure\diffunit\Unit1.pas
$(BDS)source\dUnit\examples\structure\diffunit\Unit1Test.pas
$(BDS)source\dUnit\examples\structure\diffunit\Unit2.pas
$(BDS)source\dUnit\examples\structure\diffunit\Unit2Test.pas
$(BDS)source\dUnit\examples\structure\sameunit\Unit1.pas
$(BDS)source\dUnit\examples\structure\sameunit\Unit2.pas
$(BDS)source\dUnit\examples\testexception\Unit1.pas
$(BDS)source\dUnit\examples\testexception\Unit1Test.pas
$(BDS)source\dUnit\examples\testexception\Unit2.pas
$(BDS)source\dUnit\examples\testexception\Unit2Test.pas
$(BDS)source\dUnit\examples\TListTest\TListTestCase.pas
$(BDS)source\dUnit\src\DunitAbout.pas
$(BDS)source\dUnit\src\DUnitMainForm.pas
$(BDS)source\dUnit\src\GUITesting.pas
$(BDS)source\dUnit\src\GUITestRunner.pas
$(BDS)source\dUnit\src\NGUITestRunner.pas
$(BDS)source\dUnit\src\QGUITestRunner.pas
$(BDS)source\dUnit\src\TestExtensions.pas
$(BDS)source\dUnit\src\TestFramework.pas
$(BDS)source\dUnit\src\TestModules.pas
$(BDS)source\dUnit\src\TextTestRunner.pas
$(BDS)source\dUnit\tests\UnitTestExtensions.pas
$(BDS)source\dUnit\tests\UnitTestFramework.pas
$(BDS)source\dUnit\tests\UnitTestGUITesting.pas
$(BDS)source\dUnit\tests\UnitTestGUITestRunner.pas
$(BDS)source\Indy10\Core\IdAbout.pas
$(BDS)source\Indy10\Core\IdAboutVCL.pas
$(BDS)source\Indy10\Core\IdAntiFreeze.pas
$(BDS)source\Indy10\Core\IdAssignedNumbers.pas
$(BDS)source\Indy10\Core\IdBuffer.pas
$(BDS)source\Indy10\Core\IdCmdTCPClient.pas
$(BDS)source\Indy10\Core\IdCmdTCPServer.pas
$(BDS)source\Indy10\Core\IdCommandHandlers.pas
$(BDS)source\Indy10\Core\IdContext.pas
$(BDS)source\Indy10\Core\IdCoreDsnRegister.pas
$(BDS)source\Indy10\Core\IdCustomTCPServer.pas
$(BDS)source\Indy10\Core\IdCustomTransparentProxy.pas
$(BDS)source\Indy10\Core\IdDsnBaseCmpEdt.pas
$(BDS)source\Indy10\Core\IdDsnCoreResourceStrings.pas
$(BDS)source\Indy10\Core\IdDsnPropEdBinding.pas
$(BDS)source\Indy10\Core\IdDsnPropEdBindingVCL.pas
$(BDS)source\Indy10\Core\IdExceptionCore.pas
$(BDS)source\Indy10\Core\IdGlobalCore.pas
$(BDS)source\Indy10\Core\IdIcmpClient.pas
$(BDS)source\Indy10\Core\IdIntercept.pas
$(BDS)source\Indy10\Core\IdInterceptSimLog.pas
$(BDS)source\Indy10\Core\IdInterceptThrottler.pas
$(BDS)source\Indy10\Core\IdIOHandler.pas
$(BDS)source\Indy10\Core\IdIOHandlerSocket.pas
$(BDS)source\Indy10\Core\IdIOHandlerStack.pas
$(BDS)source\Indy10\Core\IdIOHandlerStream.pas
$(BDS)source\Indy10\Core\IdIPAddress.pas
$(BDS)source\Indy10\Core\IdIPMCastBase.pas
$(BDS)source\Indy10\Core\IdIPMCastClient.pas
$(BDS)source\Indy10\Core\IdIPMCastServer.pas
$(BDS)source\Indy10\Core\IdLogBase.pas
$(BDS)source\Indy10\Core\IdLogDebug.pas
$(BDS)source\Indy10\Core\IdLogEvent.pas
$(BDS)source\Indy10\Core\IdLogFile.pas
$(BDS)source\Indy10\Core\IdLogStream.pas
$(BDS)source\Indy10\Core\IdRawBase.pas
$(BDS)source\Indy10\Core\IdRawClient.pas
$(BDS)source\Indy10\Core\IdRawFunctions.pas
$(BDS)source\Indy10\Core\IdRawHeaders.pas
$(BDS)source\Indy10\Core\IdRegisterCore.pas
$(BDS)source\Indy10\Core\IdReply.pas
$(BDS)source\Indy10\Core\IdReplyRFC.pas
$(BDS)source\Indy10\Core\IdResourceStringsCore.pas
$(BDS)source\Indy10\Core\IdScheduler.pas
$(BDS)source\Indy10\Core\IdSchedulerOfThread.pas
$(BDS)source\Indy10\Core\IdSchedulerOfThreadDefault.pas
$(BDS)source\Indy10\Core\IdSchedulerOfThreadPool.pas
$(BDS)source\Indy10\Core\IdServerIOHandler.pas
$(BDS)source\Indy10\Core\IdServerIOHandlerSocket.pas
$(BDS)source\Indy10\Core\IdServerIOHandlerStack.pas
$(BDS)source\Indy10\Core\IdSimpleServer.pas
$(BDS)source\Indy10\Core\IdSocketHandle.pas
$(BDS)source\Indy10\Core\IdSocks.pas
$(BDS)source\Indy10\Core\IdSync.pas
$(BDS)source\Indy10\Core\IdTask.pas
$(BDS)source\Indy10\Core\IdTCPClient.pas
$(BDS)source\Indy10\Core\IdTCPConnection.pas
$(BDS)source\Indy10\Core\IdTCPServer.pas
$(BDS)source\Indy10\Core\IdTCPStream.pas
$(BDS)source\Indy10\Core\IdThread.pas
$(BDS)source\Indy10\Core\IdThreadComponent.pas
$(BDS)source\Indy10\Core\IdThreadSafe.pas
$(BDS)source\Indy10\Core\IdTraceRoute.pas
$(BDS)source\Indy10\Core\IdUDPBase.pas
$(BDS)source\Indy10\Core\IdUDPClient.pas
$(BDS)source\Indy10\Core\IdUDPServer.pas
$(BDS)source\Indy10\Core\IdYarn.pas
$(BDS)source\Indy10\Protocols\IdAllFTPListParsers.pas
$(BDS)source\Indy10\Protocols\IdASN1Util.pas
$(BDS)source\Indy10\Protocols\IdAttachment.pas
$(BDS)source\Indy10\Protocols\IdAttachmentFile.pas
$(BDS)source\Indy10\Protocols\IdAttachmentMemory.pas
$(BDS)source\Indy10\Protocols\IdAuthentication.pas
$(BDS)source\Indy10\Protocols\IdAuthenticationDigest.pas
$(BDS)source\Indy10\Protocols\IdAuthenticationManager.pas
$(BDS)source\Indy10\Protocols\IdAuthenticationNTLM.pas
$(BDS)source\Indy10\Protocols\IdChargenServer.pas
$(BDS)source\Indy10\Protocols\IdChargenUDPServer.pas
$(BDS)source\Indy10\Protocols\IdCharsets.pas
$(BDS)source\Indy10\Protocols\IdCoder.pas
$(BDS)source\Indy10\Protocols\IdCoder00E.pas
$(BDS)source\Indy10\Protocols\IdCoder3to4.pas
$(BDS)source\Indy10\Protocols\IdCoderBinHex4.pas
$(BDS)source\Indy10\Protocols\IdCoderHeader.pas
$(BDS)source\Indy10\Protocols\IdCoderMIME.pas
$(BDS)source\Indy10\Protocols\IdCoderQuotedPrintable.pas
$(BDS)source\Indy10\Protocols\IdCoderUUE.pas
$(BDS)source\Indy10\Protocols\IdCoderXXE.pas
$(BDS)source\Indy10\Protocols\IdCompressionIntercept.pas
$(BDS)source\Indy10\Protocols\IdCompressorZLibEx.pas
$(BDS)source\Indy10\Protocols\IdConnectThroughHttpProxy.pas
$(BDS)source\Indy10\Protocols\IdContainers.pas
$(BDS)source\Indy10\Protocols\IdCookie.pas
$(BDS)source\Indy10\Protocols\IdCookieManager.pas
$(BDS)source\Indy10\Protocols\IdCustomHTTPServer.pas
$(BDS)source\Indy10\Protocols\IdDateTimeStamp.pas
$(BDS)source\Indy10\Protocols\IdDayTime.pas
$(BDS)source\Indy10\Protocols\IdDayTimeServer.pas
$(BDS)source\Indy10\Protocols\IdDayTimeUDP.pas
$(BDS)source\Indy10\Protocols\IdDayTimeUDPServer.pas
$(BDS)source\Indy10\Protocols\IdDICT.pas
$(BDS)source\Indy10\Protocols\IdDICTCommon.pas
$(BDS)source\Indy10\Protocols\IdDICTServer.pas
$(BDS)source\Indy10\Protocols\IdDiscardServer.pas
$(BDS)source\Indy10\Protocols\IdDiscardUDPServer.pas
$(BDS)source\Indy10\Protocols\IdDNSCommon.pas
$(BDS)source\Indy10\Protocols\IdDNSResolver.pas
$(BDS)source\Indy10\Protocols\IdDNSServer.pas
$(BDS)source\Indy10\Protocols\IdDsnRegister.pas
$(BDS)source\Indy10\Protocols\IdDsnResourceStrings.pas
$(BDS)source\Indy10\Protocols\IdDsnSASLListEditor.pas
$(BDS)source\Indy10\Protocols\IdDsnSASLListEditorForm.pas
$(BDS)source\Indy10\Protocols\IdDsnSASLListEditorFormVCL.pas
$(BDS)source\Indy10\Protocols\IdEcho.pas
$(BDS)source\Indy10\Protocols\IdEchoServer.pas
$(BDS)source\Indy10\Protocols\IdEchoUDP.pas
$(BDS)source\Indy10\Protocols\IdEchoUDPServer.pas
$(BDS)source\Indy10\Protocols\IdEMailAddress.pas
$(BDS)source\Indy10\Protocols\IdExplicitTLSClientServerBase.pas
$(BDS)source\Indy10\Protocols\IdFinger.pas
$(BDS)source\Indy10\Protocols\IdFingerServer.pas
$(BDS)source\Indy10\Protocols\IdFSP.pas
$(BDS)source\Indy10\Protocols\IdFTP.pas
$(BDS)source\Indy10\Protocols\IdFTPBaseFileSystem.pas
$(BDS)source\Indy10\Protocols\IdFTPCommon.pas
$(BDS)source\Indy10\Protocols\IdFTPList.pas
$(BDS)source\Indy10\Protocols\IdFTPListOutput.pas
$(BDS)source\Indy10\Protocols\IdFTPListParseAS400.pas
$(BDS)source\Indy10\Protocols\IdFTPListParseBase.pas
$(BDS)source\Indy10\Protocols\IdFTPListParseBullGCOS7.pas
$(BDS)source\Indy10\Protocols\IdFTPListParseBullGCOS8.pas
$(BDS)source\Indy10\Protocols\IdFTPListParseChameleonNewt.pas
$(BDS)source\Indy10\Protocols\IdFTPListParseCiscoIOS.pas
$(BDS)source\Indy10\Protocols\IdFTPListParseDistinctTCPIP.pas
$(BDS)source\Indy10\Protocols\IdFTPListParseEPLF.pas
$(BDS)source\Indy10\Protocols\IdFTPListParseHellSoft.pas
$(BDS)source\Indy10\Protocols\IdFTPListParseKA9Q.pas
$(BDS)source\Indy10\Protocols\IdFTPListParseMicrowareOS9.pas
$(BDS)source\Indy10\Protocols\IdFTPListParseMPEiX.pas
$(BDS)source\Indy10\Protocols\IdFTPListParseMusic.pas
$(BDS)source\Indy10\Protocols\IdFTPListParseMVS.pas
$(BDS)source\Indy10\Protocols\IdFTPListParseNCSAForDOS.pas
$(BDS)source\Indy10\Protocols\IdFTPListParseNCSAForMACOS.pas
$(BDS)source\Indy10\Protocols\IdFTPListParseNovellNetware.pas
$(BDS)source\Indy10\Protocols\IdFTPListParseNovellNetwarePSU.pas
$(BDS)source\Indy10\Protocols\IdFTPListParseOS2.pas
$(BDS)source\Indy10\Protocols\IdFTPListParseStercomOS390Exp.pas
$(BDS)source\Indy10\Protocols\IdFTPListParseStercomUnixEnt.pas
$(BDS)source\Indy10\Protocols\IdFTPListParseStratusVOS.pas
$(BDS)source\Indy10\Protocols\IdFTPListParseTOPS20.pas
$(BDS)source\Indy10\Protocols\IdFTPListParseTSXPlus.pas
$(BDS)source\Indy10\Protocols\IdFTPListParseUnix.pas
$(BDS)source\Indy10\Protocols\IdFTPListParseVM.pas
$(BDS)source\Indy10\Protocols\IdFTPListParseVMS.pas
$(BDS)source\Indy10\Protocols\IdFTPListParseVSE.pas
$(BDS)source\Indy10\Protocols\IdFTPListParseVxWorks.pas
$(BDS)source\Indy10\Protocols\IdFTPListParseWfFTP.pas
$(BDS)source\Indy10\Protocols\IdFTPListParseWindowsNT.pas
$(BDS)source\Indy10\Protocols\IdFTPListParseWinQVTNET.pas
$(BDS)source\Indy10\Protocols\IdFTPListParseXecomMicroRTOS.pas
$(BDS)source\Indy10\Protocols\IdFTPListTypes.pas
$(BDS)source\Indy10\Protocols\IdFTPServer.pas
$(BDS)source\Indy10\Protocols\IdFTPServerContextBase.pas
$(BDS)source\Indy10\Protocols\IdGlobalProtocols.pas
$(BDS)source\Indy10\Protocols\IdGopher.pas
$(BDS)source\Indy10\Protocols\IdGopherConsts.pas
$(BDS)source\Indy10\Protocols\IdGopherServer.pas
$(BDS)source\Indy10\Protocols\IdHash.pas
$(BDS)source\Indy10\Protocols\IdHashCRC.pas
$(BDS)source\Indy10\Protocols\IdHashElf.pas
$(BDS)source\Indy10\Protocols\IdHashMessageDigest.pas
$(BDS)source\Indy10\Protocols\IdHashSHA1.pas
$(BDS)source\Indy10\Protocols\IdHeaderList.pas
$(BDS)source\Indy10\Protocols\IdHL7.pas
$(BDS)source\Indy10\Protocols\IdHTTP.pas
$(BDS)source\Indy10\Protocols\IdHTTPHeaderInfo.pas
$(BDS)source\Indy10\Protocols\IdHTTPProxyServer.pas
$(BDS)source\Indy10\Protocols\IdHTTPServer.pas
$(BDS)source\Indy10\Protocols\IdIdent.pas
$(BDS)source\Indy10\Protocols\IdIdentServer.pas
$(BDS)source\Indy10\Protocols\IdIMAP4.pas
$(BDS)source\Indy10\Protocols\IdIMAP4Server.pas
$(BDS)source\Indy10\Protocols\IdIPAddrMon.pas
$(BDS)source\Indy10\Protocols\IdIPWatch.pas
$(BDS)source\Indy10\Protocols\IdIRC.pas
$(BDS)source\Indy10\Protocols\IdIrcServer.pas
$(BDS)source\Indy10\Protocols\IdLPR.pas
$(BDS)source\Indy10\Protocols\IdMailBox.pas
$(BDS)source\Indy10\Protocols\IdMappedFTP.pas
$(BDS)source\Indy10\Protocols\IdMappedPOP3.pas
$(BDS)source\Indy10\Protocols\IdMappedPortTCP.pas
$(BDS)source\Indy10\Protocols\IdMappedPortUDP.pas
$(BDS)source\Indy10\Protocols\IdMappedTelnet.pas
$(BDS)source\Indy10\Protocols\IdMessage.pas
$(BDS)source\Indy10\Protocols\IdMessageClient.pas
$(BDS)source\Indy10\Protocols\IdMessageCoder.pas
$(BDS)source\Indy10\Protocols\IdMessageCoderMIME.pas
$(BDS)source\Indy10\Protocols\IdMessageCoderQuotedPrintable.pas
$(BDS)source\Indy10\Protocols\IdMessageCoderUUE.pas
$(BDS)source\Indy10\Protocols\IdMessageCoderXXE.pas
$(BDS)source\Indy10\Protocols\IdMessageCoderYenc.pas
$(BDS)source\Indy10\Protocols\IdMessageCollection.pas
$(BDS)source\Indy10\Protocols\IdMessageParts.pas
$(BDS)source\Indy10\Protocols\IdMIMETypes.pas
$(BDS)source\Indy10\Protocols\IdMultipartFormData.pas
$(BDS)source\Indy10\Protocols\IdNetworkCalculator.pas
$(BDS)source\Indy10\Protocols\IdNNTP.pas
$(BDS)source\Indy10\Protocols\IdNNTPServer.pas
$(BDS)source\Indy10\Protocols\IdNTLM.pas
$(BDS)source\Indy10\Protocols\IdOSFileName.pas
$(BDS)source\Indy10\Protocols\IdOTPCalculator.pas
$(BDS)source\Indy10\Protocols\IdPOP3.pas
$(BDS)source\Indy10\Protocols\IdPOP3Server.pas
$(BDS)source\Indy10\Protocols\IdQotd.pas
$(BDS)source\Indy10\Protocols\IdQotdServer.pas
$(BDS)source\Indy10\Protocols\IdQOTDUDP.pas
$(BDS)source\Indy10\Protocols\IdQOTDUDPServer.pas
$(BDS)source\Indy10\Protocols\IdRegister.pas
$(BDS)source\Indy10\Protocols\IdRemoteCMDClient.pas
$(BDS)source\Indy10\Protocols\IdRemoteCMDServer.pas
$(BDS)source\Indy10\Protocols\IdReplyFTP.pas
$(BDS)source\Indy10\Protocols\IdReplyIMAP4.pas
$(BDS)source\Indy10\Protocols\IdReplyPOP3.pas
$(BDS)source\Indy10\Protocols\IdReplySMTP.pas
$(BDS)source\Indy10\Protocols\IdResourceStringsProtocols.pas
$(BDS)source\Indy10\Protocols\IdRexec.pas
$(BDS)source\Indy10\Protocols\IdRexecServer.pas
$(BDS)source\Indy10\Protocols\IdRSH.pas
$(BDS)source\Indy10\Protocols\IdRSHServer.pas
$(BDS)source\Indy10\Protocols\IdSASL.pas
$(BDS)source\Indy10\Protocols\IdSASLAnonymous.pas
$(BDS)source\Indy10\Protocols\IdSASLCollection.pas
$(BDS)source\Indy10\Protocols\IdSASLExternal.pas
$(BDS)source\Indy10\Protocols\IdSASLLogin.pas
$(BDS)source\Indy10\Protocols\IdSASLOTP.pas
$(BDS)source\Indy10\Protocols\IdSASLPlain.pas
$(BDS)source\Indy10\Protocols\IdSASLSKey.pas
$(BDS)source\Indy10\Protocols\IdSASLUserPass.pas
$(BDS)source\Indy10\Protocols\IdSASL_CRAM_MD5.pas
$(BDS)source\Indy10\Protocols\IdServerInterceptLogBase.pas
$(BDS)source\Indy10\Protocols\IdServerInterceptLogEvent.pas
$(BDS)source\Indy10\Protocols\IdServerInterceptLogFile.pas
$(BDS)source\Indy10\Protocols\IdSMTP.pas
$(BDS)source\Indy10\Protocols\IdSMTPBase.pas
$(BDS)source\Indy10\Protocols\IdSMTPRelay.pas
$(BDS)source\Indy10\Protocols\IdSMTPServer.pas
$(BDS)source\Indy10\Protocols\IdSNMP.pas
$(BDS)source\Indy10\Protocols\IdSNPP.pas
$(BDS)source\Indy10\Protocols\IdSNTP.pas
$(BDS)source\Indy10\Protocols\IdSocksServer.pas
$(BDS)source\Indy10\Protocols\IdSSL.pas
$(BDS)source\Indy10\Protocols\IdSSLOpenSSL.pas
$(BDS)source\Indy10\Protocols\IdSSLOpenSSLHeaders.pas
$(BDS)source\Indy10\Protocols\IdSSLOpenSSLHeadersNET.pas
$(BDS)source\Indy10\Protocols\IdStrings.pas
$(BDS)source\Indy10\Protocols\IdSysLog.pas
$(BDS)source\Indy10\Protocols\IdSysLogMessage.pas
$(BDS)source\Indy10\Protocols\IdSysLogServer.pas
$(BDS)source\Indy10\Protocols\IdSystat.pas
$(BDS)source\Indy10\Protocols\IdSystatServer.pas
$(BDS)source\Indy10\Protocols\IdSystatUDP.pas
$(BDS)source\Indy10\Protocols\IdSystatUDPServer.pas
$(BDS)source\Indy10\Protocols\IdTelnet.pas
$(BDS)source\Indy10\Protocols\IdTelnetServer.pas
$(BDS)source\Indy10\Protocols\IdText.pas
$(BDS)source\Indy10\Protocols\IdTime.pas
$(BDS)source\Indy10\Protocols\IdTimeServer.pas
$(BDS)source\Indy10\Protocols\IdTimeUDP.pas
$(BDS)source\Indy10\Protocols\IdTimeUDPServer.pas
$(BDS)source\Indy10\Protocols\IdTrivialFTP.pas
$(BDS)source\Indy10\Protocols\IdTrivialFTPBase.pas
$(BDS)source\Indy10\Protocols\IdTrivialFTPServer.pas
$(BDS)source\Indy10\Protocols\IdUnixTime.pas
$(BDS)source\Indy10\Protocols\IdUnixTimeServer.pas
$(BDS)source\Indy10\Protocols\IdUnixTimeUDP.pas
$(BDS)source\Indy10\Protocols\IdUnixTimeUDPServer.pas
$(BDS)source\Indy10\Protocols\IdURI.pas
$(BDS)source\Indy10\Protocols\IdUserAccounts.pas
$(BDS)source\Indy10\Protocols\IdUserPassProvider.pas
$(BDS)source\Indy10\Protocols\IdVCard.pas
$(BDS)source\Indy10\Protocols\IdWhois.pas
$(BDS)source\Indy10\Protocols\IdWhoIsServer.pas
$(BDS)source\Indy10\Protocols\IdZLibCompressorBase.pas
$(BDS)source\Indy10\Protocols\IdZLibEx.pas
$(BDS)source\Indy10\System\IdAntiFreezeBase.pas
$(BDS)source\Indy10\System\IdBaseComponent.pas
$(BDS)source\Indy10\System\IdComponent.pas
$(BDS)source\Indy10\System\IdException.pas
$(BDS)source\Indy10\System\IdGlobal.pas
$(BDS)source\Indy10\System\IdObjs.pas
$(BDS)source\Indy10\System\IdObjsBase.pas
$(BDS)source\Indy10\System\IdObjsVCL.pas
$(BDS)source\Indy10\System\IdResourceStrings.pas
$(BDS)source\Indy10\System\IdStack.pas
$(BDS)source\Indy10\System\IdStackBSDBase.pas
$(BDS)source\Indy10\System\IdStackConsts.pas
$(BDS)source\Indy10\System\IdStackLinux.pas
$(BDS)source\Indy10\System\IdStackWindows.pas
$(BDS)source\Indy10\System\IdStream.pas
$(BDS)source\Indy10\System\IdStreamVCL.pas
$(BDS)source\Indy10\System\IdSys.pas
$(BDS)source\Indy10\System\IdSysBase.pas
$(BDS)source\Indy10\System\IdSysNativeVCL.pas
$(BDS)source\Indy10\System\IdSysNet.pas
$(BDS)source\Indy10\System\IdSysVCL.pas
$(BDS)source\Indy10\System\IdSysVCLNet.pas
$(BDS)source\Indy10\System\IdSysWin32.pas
$(BDS)source\Indy10\System\IdWinsock2.pas
$(BDS)source\Indy10\System\IdWship6.pas
$(BDS)source\IntraWeb\IWCompButton.pas
$(BDS)source\IntraWeb\IWCompButton32.pas
$(BDS)source\IntraWeb\IWCompButtonWAP.pas
$(BDS)source\IntraWeb\IWCompCalendar.pas
$(BDS)source\IntraWeb\IWCompCheckbox.pas
$(BDS)source\IntraWeb\IWCompCheckbox32.pas
$(BDS)source\IntraWeb\IWCompCheckBoxWAP.pas
$(BDS)source\IntraWeb\IWCompEdit.pas
$(BDS)source\IntraWeb\IWCompEdit32.pas
$(BDS)source\IntraWeb\IWCompEditWAP.pas
$(BDS)source\IntraWeb\IWCompFlash.pas
$(BDS)source\IntraWeb\IWCompLabel.pas
$(BDS)source\IntraWeb\IWCompLabel32.pas
$(BDS)source\IntraWeb\IWCompLabelWAP.pas
$(BDS)source\IntraWeb\IWCompListbox.pas
$(BDS)source\IntraWeb\IWCompListBoxWAP.pas
$(BDS)source\IntraWeb\IWCompMemo.pas
$(BDS)source\IntraWeb\IWCompMemo32.pas
$(BDS)source\IntraWeb\IWCompMenu.pas
$(BDS)source\IntraWeb\IWCompMPEG.pas
$(BDS)source\IntraWeb\IWCompOrderedListbox.pas
$(BDS)source\IntraWeb\IWCompProgressBar.pas
$(BDS)source\IntraWeb\IWCompQuickTime.pas
$(BDS)source\IntraWeb\IWCompRadioButtonWAP.pas
$(BDS)source\IntraWeb\IWCompRectangle.pas
$(BDS)source\IntraWeb\IWCompText.pas
$(BDS)source\IntraWeb\IWCompTimeEdit.pas
$(BDS)source\IntraWeb\IWDataModulePool.pas
$(BDS)source\IntraWeb\IWDBExtCtrls.pas
$(BDS)source\IntraWeb\IWDBExtCtrls32.pas
$(BDS)source\IntraWeb\IWDBExtCtrlsWAP.pas
$(BDS)source\IntraWeb\IWDBGrids.pas
$(BDS)source\IntraWeb\IWDBGrids32.pas
$(BDS)source\IntraWeb\IWDBStdCtrls.pas
$(BDS)source\IntraWeb\IWDBStdCtrls32.pas
$(BDS)source\IntraWeb\IWDBStdCtrlsWAP.pas
$(BDS)source\IntraWeb\IWDsnPaint.pas
$(BDS)source\IntraWeb\IWDsnPaintHandlers.pas
$(BDS)source\IntraWeb\IWDynGrid.pas
$(BDS)source\IntraWeb\IWExtCtrls.pas
$(BDS)source\IntraWeb\IWExtCtrls32.pas
$(BDS)source\IntraWeb\IWExtCtrlsWAP.pas
$(BDS)source\IntraWeb\IWGridCommon.pas
$(BDS)source\IntraWeb\IWGrids.pas
$(BDS)source\IntraWeb\IWGrids32.pas
$(BDS)source\IntraWeb\IWGridsWAP.pas
$(BDS)source\IntraWeb\IWHTMLControls.pas
$(BDS)source\IntraWeb\IWHTMLControls32.pas
$(BDS)source\IntraWeb\IWHTMLTag.pas
$(BDS)source\IntraWeb\IWMain.pas
$(BDS)source\IntraWeb\IWRegion.pas
$(BDS)source\IntraWeb\IWResourceStrings.pas
$(BDS)source\IntraWeb\IWTemplateProcessorHTML.pas
$(BDS)source\IntraWeb\IWTemplateProcessorHTML32.pas
$(BDS)source\IntraWeb\IWTreeview.pas
$(BDS)source\IntraWeb\IWTypes.pas
$(BDS)source\IntraWeb\IWWAPControls.pas
$(BDS)source\ToolsAPI\CodeTemplateAPI.pas
$(BDS)source\ToolsAPI\DeploymentAPI.pas
$(BDS)source\ToolsAPI\DesignConst.pas
$(BDS)source\ToolsAPI\DesignEditors.pas
$(BDS)source\ToolsAPI\DesignerTypes.pas
$(BDS)source\ToolsAPI\DesignIntf.pas
$(BDS)source\ToolsAPI\DesignMenus.pas
$(BDS)source\ToolsAPI\DesignWindows.pas
$(BDS)source\ToolsAPI\EditIntf.pas
$(BDS)source\ToolsAPI\ExptIntf.pas
$(BDS)source\ToolsAPI\FileHistoryAPI.pas
$(BDS)source\ToolsAPI\FileIntf.pas
$(BDS)source\ToolsAPI\IStreams.pas
$(BDS)source\ToolsAPI\PaletteAPI.pas
$(BDS)source\ToolsAPI\PropertyCategories.pas
$(BDS)source\ToolsAPI\PropInspAPI.pas
$(BDS)source\ToolsAPI\StructureViewAPI.pas
$(BDS)source\ToolsAPI\ToolIntf.pas
$(BDS)source\ToolsAPI\ToolsAPI.pas
$(BDS)source\ToolsAPI\ToolWnds.pas
$(BDS)source\ToolsAPI\TreeIntf.pas
$(BDS)source\ToolsAPI\VCLEditors.pas
$(BDS)source\ToolsAPI\VCLSprigs.pas
$(BDS)source\ToolsAPI\VirtIntf.pas
$(BDS)source\Win32\db\ADOConst.pas
$(BDS)source\Win32\db\ADODB.pas
$(BDS)source\Win32\db\ADOInt.pas
$(BDS)source\Win32\db\bdeconst.pas
$(BDS)source\Win32\db\bdemts.pas
$(BDS)source\Win32\db\BDEReg.pas
$(BDS)source\Win32\db\DataBkr.pas
$(BDS)source\Win32\db\DB.pas
$(BDS)source\Win32\db\DBActns.pas
$(BDS)source\Win32\db\dbcgrids.pas
$(BDS)source\Win32\db\DBClient.pas
$(BDS)source\Win32\db\DBClientActnRes.pas
$(BDS)source\Win32\db\DBClientActns.pas
$(BDS)source\Win32\db\DBCommon.pas
$(BDS)source\Win32\db\DBCommonTypes.pas
$(BDS)source\Win32\db\DBConsts.pas
$(BDS)source\Win32\db\DBCtrls.pas
$(BDS)source\Win32\db\DBGrids.pas
$(BDS)source\Win32\db\DBLogDlg.pas
$(BDS)source\Win32\db\dblookup.pas
$(BDS)source\Win32\db\DBOleCtl.pas
$(BDS)source\Win32\db\DBPlatform.pas
$(BDS)source\Win32\db\DBPWDlg.pas
$(BDS)source\Win32\db\DBReg.pas
$(BDS)source\Win32\db\DBTables.pas
$(BDS)source\Win32\db\DrTable.pas
$(BDS)source\Win32\db\DSIntf.pas
$(BDS)source\Win32\db\FMTBcd.pas
$(BDS)source\Win32\db\HTTPIntr.pas
$(BDS)source\Win32\db\MConnect.pas
$(BDS)source\Win32\db\Midas.pas
$(BDS)source\Win32\db\MidasCon.pas
$(BDS)source\Win32\db\MidConst.pas
$(BDS)source\Win32\db\MtsRdm.pas
$(BDS)source\Win32\db\ObjBrkr.pas
$(BDS)source\Win32\db\OleDB.pas
$(BDS)source\Win32\db\Provider.pas
$(BDS)source\Win32\db\ScktCnst.pas
$(BDS)source\Win32\db\ScktMain.pas
$(BDS)source\Win32\db\SConnect.pas
$(BDS)source\Win32\db\SqlTimSt.pas
$(BDS)source\Win32\db\TConnect.pas
$(BDS)source\Win32\db\VDBConsts.pas
$(BDS)source\Win32\IBX\IB.pas
$(BDS)source\Win32\IBX\IBBatchMove.pas
$(BDS)source\Win32\IBX\IBBlob.pas
$(BDS)source\Win32\IBX\IBConnectionBroker.pas
$(BDS)source\Win32\IBX\IBCustomDataSet.pas
$(BDS)source\Win32\IBX\IBDatabase.pas
$(BDS)source\Win32\IBX\IBDatabaseInfo.pas
$(BDS)source\Win32\IBX\IBDatabaseINI.pas
$(BDS)source\Win32\IBX\IBDCLConst.pas
$(BDS)source\Win32\IBX\IBErrorCodes.pas
$(BDS)source\Win32\IBX\IBEvents.pas
$(BDS)source\Win32\IBX\IBExternals.pas
$(BDS)source\Win32\IBX\IBExtract.pas
$(BDS)source\Win32\IBX\IBFilterDialog.pas
$(BDS)source\Win32\IBX\IBFilterSummary.pas
$(BDS)source\Win32\IBX\IBHeader.pas
$(BDS)source\Win32\IBX\IBInstall.pas
$(BDS)source\Win32\IBX\IBInstallHeader.pas
$(BDS)source\Win32\IBX\IBIntf.pas
$(BDS)source\Win32\IBX\IBQuery.pas
$(BDS)source\Win32\IBX\IBScript.pas
$(BDS)source\Win32\IBX\IBServiceEditor.pas
$(BDS)source\Win32\IBX\IBServices.pas
$(BDS)source\Win32\IBX\IBSQL.pas
$(BDS)source\Win32\IBX\IBSQLMonitor.pas
$(BDS)source\Win32\IBX\IBStoredProc.pas
$(BDS)source\Win32\IBX\IBTable.pas
$(BDS)source\Win32\IBX\IBUpdateSQL.pas
$(BDS)source\Win32\IBX\IBUtils.pas
$(BDS)source\Win32\IBX\IBVisualConst.pas
$(BDS)source\Win32\IBX\IBXConst.pas
$(BDS)source\Win32\IBX\Property Editors\frmIBAvailableFieldsU.pas
$(BDS)source\Win32\IBX\Property Editors\frmIBFilterFieldEditorU.pas
$(BDS)source\Win32\IBX\Property Editors\IBConnectionBroker.pas
$(BDS)source\Win32\IBX\Property Editors\IBDatabaseEdit.pas
$(BDS)source\Win32\IBX\Property Editors\IBDBReg.pas
$(BDS)source\Win32\IBX\Property Editors\IBEventsEditor.pas
$(BDS)source\Win32\IBX\Property Editors\IBGeneratorEditor.pas
$(BDS)source\Win32\IBX\Property Editors\IBRestoreEditor.pas
$(BDS)source\Win32\IBX\Property Editors\IBSecurityEditor.pas
$(BDS)source\Win32\IBX\Property Editors\IBTransactionEdit.pas
$(BDS)source\Win32\IBX\Property Editors\IBUpdateSQLEditor.pas
$(BDS)source\Win32\IBX\Property Editors\IBVclReg.pas
$(BDS)source\Win32\Indy9\IdAbout.pas
$(BDS)source\Win32\Indy9\IdAntiFreeze.pas
$(BDS)source\Win32\Indy9\IdAntiFreezeBase.pas
$(BDS)source\Win32\Indy9\IdASN1Util.pas
$(BDS)source\Win32\Indy9\IdAssignedNumbers.pas
$(BDS)source\Win32\Indy9\IdAuthentication.pas
$(BDS)source\Win32\Indy9\IdAuthenticationDigest.pas
$(BDS)source\Win32\Indy9\IdAuthenticationManager.pas
$(BDS)source\Win32\Indy9\IdAuthenticationNTLM.pas
$(BDS)source\Win32\Indy9\IdBaseComponent.pas
$(BDS)source\Win32\Indy9\IdBlockCipherIntercept.pas
$(BDS)source\Win32\Indy9\IdChargenServer.pas
$(BDS)source\Win32\Indy9\IdChargenUDPServer.pas
$(BDS)source\Win32\Indy9\IdCoder.pas
$(BDS)source\Win32\Indy9\IdCoder3to4.pas
$(BDS)source\Win32\Indy9\IdCoderHeader.pas
$(BDS)source\Win32\Indy9\IdCoderMIME.pas
$(BDS)source\Win32\Indy9\IdCoderQuotedPrintable.pas
$(BDS)source\Win32\Indy9\IdCoderUUE.pas
$(BDS)source\Win32\Indy9\IdCoderXXE.pas
$(BDS)source\Win32\Indy9\IdComponent.pas
$(BDS)source\Win32\Indy9\IdCompressionIntercept.pas
$(BDS)source\Win32\Indy9\IdCookie.pas
$(BDS)source\Win32\Indy9\IdCookieManager.pas
$(BDS)source\Win32\Indy9\IdCustomHTTPServer.pas
$(BDS)source\Win32\Indy9\IdDateTimeStamp.pas
$(BDS)source\Win32\Indy9\IdDayTime.pas
$(BDS)source\Win32\Indy9\IdDayTimeServer.pas
$(BDS)source\Win32\Indy9\IdDayTimeUDP.pas
$(BDS)source\Win32\Indy9\IdDayTimeUDPServer.pas
$(BDS)source\Win32\Indy9\IdDICTServer.pas
$(BDS)source\Win32\Indy9\IdDiscardServer.pas
$(BDS)source\Win32\Indy9\IdDiscardUDPServer.pas
$(BDS)source\Win32\Indy9\IdDNSResolver.pas
$(BDS)source\Win32\Indy9\IdDsnBaseCmpEdt.pas
$(BDS)source\Win32\Indy9\IdDsnPropEdBinding.pas
$(BDS)source\Win32\Indy9\IdDsnRegister.pas
$(BDS)source\Win32\Indy9\IdDummyUnit.pas
$(BDS)source\Win32\Indy9\IdEcho.pas
$(BDS)source\Win32\Indy9\IdEchoServer.pas
$(BDS)source\Win32\Indy9\IdEchoUDP.pas
$(BDS)source\Win32\Indy9\IdEchoUDPServer.pas
$(BDS)source\Win32\Indy9\IdEMailAddress.pas
$(BDS)source\Win32\Indy9\IdException.pas
$(BDS)source\Win32\Indy9\IdFinger.pas
$(BDS)source\Win32\Indy9\IdFingerServer.pas
$(BDS)source\Win32\Indy9\IdFTP.pas
$(BDS)source\Win32\Indy9\IdFTPCommon.pas
$(BDS)source\Win32\Indy9\IdFTPList.pas
$(BDS)source\Win32\Indy9\IdFTPServer.pas
$(BDS)source\Win32\Indy9\IdGlobal.pas
$(BDS)source\Win32\Indy9\IdGopher.pas
$(BDS)source\Win32\Indy9\IdGopherConsts.pas
$(BDS)source\Win32\Indy9\IdGopherServer.pas
$(BDS)source\Win32\Indy9\IdHash.pas
$(BDS)source\Win32\Indy9\IdHashCRC.pas
$(BDS)source\Win32\Indy9\IdHashElf.pas
$(BDS)source\Win32\Indy9\IdHashMessageDigest.pas
$(BDS)source\Win32\Indy9\IdHeaderList.pas
$(BDS)source\Win32\Indy9\IdHL7.pas
$(BDS)source\Win32\Indy9\IdHostnameServer.pas
$(BDS)source\Win32\Indy9\IdHTTP.pas
$(BDS)source\Win32\Indy9\IdHTTPHeaderInfo.pas
$(BDS)source\Win32\Indy9\IdHTTPServer.pas
$(BDS)source\Win32\Indy9\IdHTTPWebBrokerBridge.pas
$(BDS)source\Win32\Indy9\IdIcmpClient.pas
$(BDS)source\Win32\Indy9\IdIdent.pas
$(BDS)source\Win32\Indy9\IdIdentServer.pas
$(BDS)source\Win32\Indy9\IdIMAP4.pas
$(BDS)source\Win32\Indy9\IdIMAP4Server.pas
$(BDS)source\Win32\Indy9\IdIntercept.pas
$(BDS)source\Win32\Indy9\IdIOHandler.pas
$(BDS)source\Win32\Indy9\IdIOHandlerSocket.pas
$(BDS)source\Win32\Indy9\IdIOHandlerStream.pas
$(BDS)source\Win32\Indy9\IdIOHandlerThrottle.pas
$(BDS)source\Win32\Indy9\IdIPMCastBase.pas
$(BDS)source\Win32\Indy9\IdIPMCastClient.pas
$(BDS)source\Win32\Indy9\IdIPMCastServer.pas
$(BDS)source\Win32\Indy9\IdIPWatch.pas
$(BDS)source\Win32\Indy9\IdIRC.pas
$(BDS)source\Win32\Indy9\IdIrcServer.pas
$(BDS)source\Win32\Indy9\IdLogBase.pas
$(BDS)source\Win32\Indy9\IdLogDebug.pas
$(BDS)source\Win32\Indy9\IdLogEvent.pas
$(BDS)source\Win32\Indy9\IdLogFile.pas
$(BDS)source\Win32\Indy9\IdLogStream.pas
$(BDS)source\Win32\Indy9\IdLPR.pas
$(BDS)source\Win32\Indy9\IdMailBox.pas
$(BDS)source\Win32\Indy9\IdMappedFTP.pas
$(BDS)source\Win32\Indy9\IdMappedPortTCP.pas
$(BDS)source\Win32\Indy9\IdMappedPortUDP.pas
$(BDS)source\Win32\Indy9\IdMessage.pas
$(BDS)source\Win32\Indy9\IdMessageClient.pas
$(BDS)source\Win32\Indy9\IdMessageCoder.pas
$(BDS)source\Win32\Indy9\IdMessageCoderMIME.pas
$(BDS)source\Win32\Indy9\IdMessageCoderUUE.pas
$(BDS)source\Win32\Indy9\IdMessageCoderXXE.pas
$(BDS)source\Win32\Indy9\IdMessageCollection.pas
$(BDS)source\Win32\Indy9\IdMIMETypes.pas
$(BDS)source\Win32\Indy9\IdMultipartFormData.pas
$(BDS)source\Win32\Indy9\IdNetworkCalculator.pas
$(BDS)source\Win32\Indy9\IdNNTP.pas
$(BDS)source\Win32\Indy9\IdNNTPServer.pas
$(BDS)source\Win32\Indy9\IdNTLM.pas
$(BDS)source\Win32\Indy9\IdPOP3.pas
$(BDS)source\Win32\Indy9\IdPOP3Server.pas
$(BDS)source\Win32\Indy9\IdQotd.pas
$(BDS)source\Win32\Indy9\IdQotdServer.pas
$(BDS)source\Win32\Indy9\IdQOTDUDP.pas
$(BDS)source\Win32\Indy9\IdQOTDUDPServer.pas
$(BDS)source\Win32\Indy9\IdRawBase.pas
$(BDS)source\Win32\Indy9\IdRawClient.pas
$(BDS)source\Win32\Indy9\IdRawFunctions.pas
$(BDS)source\Win32\Indy9\IdRawHeaders.pas
$(BDS)source\Win32\Indy9\IdRegister.pas
$(BDS)source\Win32\Indy9\IdRemoteCMDClient.pas
$(BDS)source\Win32\Indy9\IdRemoteCMDServer.pas
$(BDS)source\Win32\Indy9\IdResourceStrings.pas
$(BDS)source\Win32\Indy9\IdRexec.pas
$(BDS)source\Win32\Indy9\IdRexecServer.pas
$(BDS)source\Win32\Indy9\IdRFCReply.pas
$(BDS)source\Win32\Indy9\IdRSH.pas
$(BDS)source\Win32\Indy9\IdRSHServer.pas
$(BDS)source\Win32\Indy9\IdServerIOHandler.pas
$(BDS)source\Win32\Indy9\IdServerIOHandlerSocket.pas
$(BDS)source\Win32\Indy9\IdSimpleServer.pas
$(BDS)source\Win32\Indy9\IdSMTP.pas
$(BDS)source\Win32\Indy9\IdSMTPServer.pas
$(BDS)source\Win32\Indy9\IdSNMP.pas
$(BDS)source\Win32\Indy9\IdSNPP.pas
$(BDS)source\Win32\Indy9\IdSNTP.pas
$(BDS)source\Win32\Indy9\IdSocketHandle.pas
$(BDS)source\Win32\Indy9\IdSocks.pas
$(BDS)source\Win32\Indy9\IdSSLOpenSSL.pas
$(BDS)source\Win32\Indy9\IdSSLOpenSSLHeaders.pas
$(BDS)source\Win32\Indy9\IdStack.pas
$(BDS)source\Win32\Indy9\IdStackConsts.pas
$(BDS)source\Win32\Indy9\IdStackWindows.pas
$(BDS)source\Win32\Indy9\IdStream.pas
$(BDS)source\Win32\Indy9\IdStrings.pas
$(BDS)source\Win32\Indy9\IdSync.pas
$(BDS)source\Win32\Indy9\IdSysLog.pas
$(BDS)source\Win32\Indy9\IdSysLogMessage.pas
$(BDS)source\Win32\Indy9\IdSysLogServer.pas
$(BDS)source\Win32\Indy9\IdTCPClient.pas
$(BDS)source\Win32\Indy9\IdTCPConnection.pas
$(BDS)source\Win32\Indy9\IdTCPServer.pas
$(BDS)source\Win32\Indy9\IdTCPStream.pas
$(BDS)source\Win32\Indy9\IdTelnet.pas
$(BDS)source\Win32\Indy9\IdTelnetServer.pas
$(BDS)source\Win32\Indy9\IdThread.pas
$(BDS)source\Win32\Indy9\IdThreadComponent.pas
$(BDS)source\Win32\Indy9\IdThreadMgr.pas
$(BDS)source\Win32\Indy9\IdThreadMgrDefault.pas
$(BDS)source\Win32\Indy9\IdThreadMgrPool.pas
$(BDS)source\Win32\Indy9\IdThreadSafe.pas
$(BDS)source\Win32\Indy9\IdTime.pas
$(BDS)source\Win32\Indy9\IdTimeServer.pas
$(BDS)source\Win32\Indy9\IdTimeUDP.pas
$(BDS)source\Win32\Indy9\IdTimeUDPServer.pas
$(BDS)source\Win32\Indy9\IdTrivialFTP.pas
$(BDS)source\Win32\Indy9\IdTrivialFTPBase.pas
$(BDS)source\Win32\Indy9\IdTrivialFTPServer.pas
$(BDS)source\Win32\Indy9\IdTunnelCommon.pas
$(BDS)source\Win32\Indy9\IdTunnelMaster.pas
$(BDS)source\Win32\Indy9\IdTunnelSlave.pas
$(BDS)source\Win32\Indy9\IdUDPBase.pas
$(BDS)source\Win32\Indy9\IdUDPClient.pas
$(BDS)source\Win32\Indy9\IdUDPServer.pas
$(BDS)source\Win32\Indy9\IdURI.pas
$(BDS)source\Win32\Indy9\IdUserAccounts.pas
$(BDS)source\Win32\Indy9\IdVCard.pas
$(BDS)source\Win32\Indy9\IdWhois.pas
$(BDS)source\Win32\Indy9\IdWhoIsServer.pas
$(BDS)source\Win32\Indy9\IdWinSock2.pas
$(BDS)source\Win32\internet\ApacheApp.pas
$(BDS)source\Win32\internet\ApacheHTTP.pas
$(BDS)source\Win32\internet\ApacheTwoApp.pas
$(BDS)source\Win32\internet\ApacheTwoHTTP.pas
$(BDS)source\Win32\internet\AutoDisp.pas
$(BDS)source\Win32\internet\BrkrConst.pas
$(BDS)source\Win32\internet\CGIApp.pas
$(BDS)source\Win32\internet\CGIHTTP.pas
$(BDS)source\Win32\internet\CGIStubApp.pas
$(BDS)source\Win32\internet\ComApp.pas
$(BDS)source\Win32\internet\CopyPrsr.pas
$(BDS)source\Win32\internet\DBBdeWeb.pas
$(BDS)source\Win32\internet\DBWeb.pas
$(BDS)source\Win32\internet\DBXpressWeb.pas
$(BDS)source\Win32\internet\DSProd.pas
$(BDS)source\Win32\internet\EncdDecd.pas
$(BDS)source\Win32\internet\HTTPApp.pas
$(BDS)source\Win32\internet\HTTPD.pas
$(BDS)source\Win32\internet\HTTPD2.pas
$(BDS)source\Win32\internet\HTTPProd.pas
$(BDS)source\Win32\internet\IndySockTransport.pas
$(BDS)source\Win32\internet\ISAPIApp.pas
$(BDS)source\Win32\internet\IsapiHTTP.pas
$(BDS)source\Win32\internet\IsapiStubApp.pas
$(BDS)source\Win32\internet\ISAPIThreadPool.pas
$(BDS)source\Win32\internet\MSHTML.pas
$(BDS)source\Win32\internet\NSToIS.pas
$(BDS)source\Win32\internet\SHDocVw.pas
$(BDS)source\Win32\internet\SockApp.pas
$(BDS)source\Win32\internet\SockAppNotify.pas
$(BDS)source\Win32\internet\SockAppReg.pas
$(BDS)source\Win32\internet\Sockets.pas
$(BDS)source\Win32\internet\SockHTTP.pas
$(BDS)source\Win32\internet\SockRequestInterpreter.pas
$(BDS)source\Win32\internet\SockTransport.pas
$(BDS)source\Win32\internet\StubAction.pas
$(BDS)source\Win32\internet\SvrConst.pas
$(BDS)source\Win32\internet\WbmConst.pas
$(BDS)source\Win32\internet\WebBroker.pas
$(BDS)source\Win32\internet\WebCat.pas
$(BDS)source\Win32\internet\WebCntxt.pas
$(BDS)source\Win32\internet\WebComp.pas
$(BDS)source\Win32\internet\WebConst.pas
$(BDS)source\Win32\internet\WebLib.pas
$(BDS)source\Win32\internet\WebReq.pas
$(BDS)source\Win32\internet\WebServExp.pas
$(BDS)source\Win32\internet\WSDLBind.pas
$(BDS)source\Win32\internet\WSDLIntf.pas
$(BDS)source\Win32\internet\WSDLItems.pas
$(BDS)source\Win32\internet\WSDLPub.pas
$(BDS)source\Win32\internet\WSILIntf.pas
$(BDS)source\Win32\internet\XMLBindGen.pas
$(BDS)source\Win32\Property Editors\AdoConEd.pas
$(BDS)source\Win32\Property Editors\ADOReg.pas
$(BDS)source\Win32\Property Editors\BDEReg.pas
$(BDS)source\Win32\Property Editors\CDSEdit.pas
$(BDS)source\Win32\Property Editors\ColnEdit.pas
$(BDS)source\Win32\Property Editors\Dbedit.pas
$(BDS)source\Win32\Property Editors\dbinpreq.pas
$(BDS)source\Win32\Property Editors\DBOleEdt.pas
$(BDS)source\Win32\Property Editors\DBReg.pas
$(BDS)source\Win32\Property Editors\DdeReg.pas
$(BDS)source\Win32\Property Editors\DSAdd.pas
$(BDS)source\Win32\Property Editors\DSAttrA.pas
$(BDS)source\Win32\Property Editors\DSAttrS.pas
$(BDS)source\Win32\Property Editors\DSDefine.pas
$(BDS)source\Win32\Property Editors\DSDesign.pas
$(BDS)source\Win32\Property Editors\FldLinks.pas
$(BDS)source\Win32\Property Editors\Ixedit.pas
$(BDS)source\Win32\Property Editors\MidReg.pas
$(BDS)source\Win32\Property Editors\OCXReg.pas
$(BDS)source\Win32\Property Editors\PicEdit.pas
$(BDS)source\Win32\Property Editors\SqlEdit.pas
$(BDS)source\Win32\Property Editors\StFilSys.pas
$(BDS)source\Win32\Property Editors\StrEdit.pas
$(BDS)source\Win32\Property Editors\StringsEdit.pas
$(BDS)source\Win32\Property Editors\ValueEdit.pas
$(BDS)source\Win32\rtl\common\Classes.pas
$(BDS)source\Win32\rtl\common\ComConst.pas
$(BDS)source\Win32\rtl\common\ComObj.pas
$(BDS)source\Win32\rtl\common\ComServ.pas
$(BDS)source\Win32\rtl\common\Contnrs.pas
$(BDS)source\Win32\rtl\common\ConvUtils.pas
$(BDS)source\Win32\rtl\common\CorbaVCL.pas
$(BDS)source\Win32\rtl\common\DateUtils.pas
$(BDS)source\Win32\rtl\common\HelpIntfs.pas
$(BDS)source\Win32\rtl\common\IniFiles.pas
$(BDS)source\Win32\rtl\common\Masks.pas
$(BDS)source\Win32\rtl\common\MaskUtils.pas
$(BDS)source\Win32\rtl\common\Math.pas
$(BDS)source\Win32\rtl\common\Mtsobj.pas
$(BDS)source\Win32\rtl\common\ObjAuto.pas
$(BDS)source\Win32\rtl\common\Registry.pas
$(BDS)source\Win32\rtl\common\RTLConsts.pas
$(BDS)source\Win32\rtl\common\StdConvs.pas
$(BDS)source\Win32\rtl\common\StdVCL.pas
$(BDS)source\Win32\rtl\common\StrUtils.pas
$(BDS)source\Win32\rtl\common\SyncObjs.pas
$(BDS)source\Win32\rtl\common\TypInfo.pas
$(BDS)source\Win32\rtl\common\VarCmplx.pas
$(BDS)source\Win32\rtl\common\VarConv.pas
$(BDS)source\Win32\rtl\common\VCLCom.pas
$(BDS)source\Win32\rtl\common\WideStrings.pas
$(BDS)source\Win32\rtl\common\WideStrUtils.pas
$(BDS)source\Win32\rtl\common\ZLib.pas
$(BDS)source\Win32\rtl\common\ZLibConst.pas
$(BDS)source\Win32\rtl\sys\DelphiMM.pas
$(BDS)source\Win32\rtl\sys\sharemem.pas
$(BDS)source\Win32\rtl\sys\SimpleShareMem.pas
$(BDS)source\Win32\rtl\sys\StrHlpr.pas
$(BDS)source\Win32\rtl\sys\SysConst.pas
$(BDS)source\Win32\rtl\sys\SysInit.pas
$(BDS)source\Win32\rtl\sys\System.pas
$(BDS)source\Win32\rtl\sys\SysUtils.pas
$(BDS)source\Win32\rtl\sys\Types.pas
$(BDS)source\Win32\rtl\sys\VarHlpr.pas
$(BDS)source\Win32\rtl\sys\Variants.pas
$(BDS)source\Win32\rtl\sys\VarUtils.pas
$(BDS)source\Win32\rtl\win\AccCtrl.pas
$(BDS)source\Win32\rtl\win\AclAPI.pas
$(BDS)source\Win32\rtl\win\ActiveX.pas
$(BDS)source\Win32\rtl\win\AspTlb.pas
$(BDS)source\Win32\rtl\win\COMAdmin.pas
$(BDS)source\Win32\rtl\win\CommCtrl.pas
$(BDS)source\Win32\rtl\win\CommDlg.pas
$(BDS)source\Win32\rtl\win\ComSvcs.pas
$(BDS)source\Win32\rtl\win\Cpl.pas
$(BDS)source\Win32\rtl\win\DDEml.pas
$(BDS)source\Win32\rtl\win\Dlgs.pas
$(BDS)source\Win32\rtl\win\DwmApi.pas
$(BDS)source\Win32\rtl\win\FlatSB.pas
$(BDS)source\Win32\rtl\win\ImageHlp.pas
$(BDS)source\Win32\rtl\win\Imm.pas
$(BDS)source\Win32\rtl\win\Isapi.pas
$(BDS)source\Win32\rtl\win\Isapi2.pas
$(BDS)source\Win32\rtl\win\LZExpand.pas
$(BDS)source\Win32\rtl\win\Mapi.pas
$(BDS)source\Win32\rtl\win\Messages.pas
$(BDS)source\Win32\rtl\win\MMSystem.pas
$(BDS)source\Win32\rtl\win\msxml.pas
$(BDS)source\Win32\rtl\win\Mtx.pas
$(BDS)source\Win32\rtl\win\MultiMon.pas
$(BDS)source\Win32\rtl\win\Nb30.pas
$(BDS)source\Win32\rtl\win\Ns30Fix.pas
$(BDS)source\Win32\rtl\win\Ns35Fix.pas
$(BDS)source\Win32\rtl\win\Ns36Fix.pas
$(BDS)source\Win32\rtl\win\Nsapi.pas
$(BDS)source\Win32\rtl\win\ObjComAuto.pas
$(BDS)source\Win32\rtl\win\Ole2.pas
$(BDS)source\Win32\rtl\win\oleacc.pas
$(BDS)source\Win32\rtl\win\OleCtl.pas
$(BDS)source\Win32\rtl\win\OleDlg.pas
$(BDS)source\Win32\rtl\win\OpenGL.pas
$(BDS)source\Win32\rtl\win\PenWin.pas
$(BDS)source\Win32\rtl\win\PsAPI.pas
$(BDS)source\Win32\rtl\win\RegStr.pas
$(BDS)source\Win32\rtl\win\RichEdit.pas
$(BDS)source\Win32\rtl\win\ShellAPI.pas
$(BDS)source\Win32\rtl\win\SHFolder.pas
$(BDS)source\Win32\rtl\win\ShlObj.pas
$(BDS)source\Win32\rtl\win\ShLwApi.pas
$(BDS)source\Win32\rtl\win\TlHelp32.pas
$(BDS)source\Win32\rtl\win\UrlMon.pas
$(BDS)source\Win32\rtl\win\UxTheme.pas
$(BDS)source\Win32\rtl\win\Windows.pas
$(BDS)source\Win32\rtl\win\WinInet.pas
$(BDS)source\Win32\rtl\win\WinSock.pas
$(BDS)source\Win32\rtl\win\WinSpool.pas
$(BDS)source\Win32\rtl\win\WinSvc.pas
$(BDS)source\Win32\Samples\Source\Calendar.pas
$(BDS)source\Win32\Samples\Source\CollPanl.pas
$(BDS)source\Win32\Samples\Source\ColorGrd.pas
$(BDS)source\Win32\Samples\Source\DirOutln.pas
$(BDS)source\Win32\Samples\Source\Gauges.pas
$(BDS)source\Win32\Samples\Source\IBConst.pas
$(BDS)source\Win32\Samples\Source\IBCtrls.pas
$(BDS)source\Win32\Samples\Source\IBEvnts.pas
$(BDS)source\Win32\Samples\Source\IBProc32.pas
$(BDS)source\Win32\Samples\Source\Spin.pas
$(BDS)source\Win32\soap\HTTPSOAPToPasBind.pas
$(BDS)source\Win32\soap\HTTPUtil.pas
$(BDS)source\Win32\soap\inquire_v1.pas
$(BDS)source\Win32\soap\IntfInfo.pas
$(BDS)source\Win32\soap\InvConst.pas
$(BDS)source\Win32\soap\Invoker.pas
$(BDS)source\Win32\soap\InvokeRegistry.pas
$(BDS)source\Win32\soap\InvRules.pas
$(BDS)source\Win32\soap\OPConvert.pas
$(BDS)source\Win32\soap\OPToSOAPDomConv.pas
$(BDS)source\Win32\soap\OPToSOAPDomCustom.pas
$(BDS)source\Win32\soap\PrivateHeap.pas
$(BDS)source\Win32\soap\Rio.pas
$(BDS)source\Win32\soap\SOAPAttach.pas
$(BDS)source\Win32\soap\SOAPAttachIntf.pas
$(BDS)source\Win32\soap\SOAPConn.pas
$(BDS)source\Win32\soap\SOAPConst.pas
$(BDS)source\Win32\soap\SOAPDm.pas
$(BDS)source\Win32\soap\SOAPDomConv.pas
$(BDS)source\Win32\soap\SOAPEnv.pas
$(BDS)source\Win32\soap\SOAPHTTPClient.pas
$(BDS)source\Win32\soap\SOAPHTTPDisp.pas
$(BDS)source\Win32\soap\SOAPHTTPPasInv.pas
$(BDS)source\Win32\soap\SOAPHTTPTrans.pas
$(BDS)source\Win32\soap\SOAPLinked.pas
$(BDS)source\Win32\soap\SOAPMidas.pas
$(BDS)source\Win32\soap\SOAPPasInv.pas
$(BDS)source\Win32\soap\TypeTrans.pas
$(BDS)source\Win32\soap\UDDIHelper.pas
$(BDS)source\Win32\soap\WebBrokerSOAP.pas
$(BDS)source\Win32\soap\WebNode.pas
$(BDS)source\Win32\soap\WSDLNode.pas
$(BDS)source\Win32\soap\WSDLSOAP.pas
$(BDS)source\Win32\soap\XSBuiltIns.pas
$(BDS)source\Win32\soap\wsdlimporter\MessageDigest_5.pas
$(BDS)source\Win32\soap\wsdlimporter\UDDIHlprDesign.pas
$(BDS)source\Win32\soap\wsdlimporter\WSDLCppWriter.pas
$(BDS)source\Win32\soap\wsdlimporter\WSDLImpConst.pas
$(BDS)source\Win32\soap\wsdlimporter\WSDLImpWriter.pas
$(BDS)source\Win32\soap\wsdlimporter\WSDLModelIntf.pas
$(BDS)source\Win32\soap\wsdlimporter\WSDLPasWriter.pas
$(BDS)source\Win32\soap\wsdlimporter\XMLSchemaHelper.pas
$(BDS)source\Win32\vcl\ABAccessibility.pas
$(BDS)source\Win32\vcl\ActnColorMaps.pas
$(BDS)source\Win32\vcl\ActnCtrls.pas
$(BDS)source\Win32\vcl\ActnList.pas
$(BDS)source\Win32\vcl\ActnMan.pas
$(BDS)source\Win32\vcl\ActnMenus.pas
$(BDS)source\Win32\vcl\ActnPopup.pas
$(BDS)source\Win32\vcl\ActnRes.pas
$(BDS)source\Win32\vcl\AppEvnts.pas
$(BDS)source\Win32\vcl\AxCtrls.pas
$(BDS)source\Win32\vcl\BandActn.pas
$(BDS)source\Win32\vcl\ButtonGroup.pas
$(BDS)source\Win32\vcl\Buttons.pas
$(BDS)source\Win32\vcl\CaptionedDockTree.pas
$(BDS)source\Win32\vcl\CategoryButtons.pas
$(BDS)source\Win32\vcl\CheckLst.pas
$(BDS)source\Win32\vcl\CheckLstHold.pas
$(BDS)source\Win32\vcl\Clipbrd.pas
$(BDS)source\Win32\vcl\CmAdmCtl.pas
$(BDS)source\Win32\vcl\ComCtrls.pas
$(BDS)source\Win32\vcl\ComStrs.pas
$(BDS)source\Win32\vcl\Consts.pas
$(BDS)source\Win32\vcl\Controls.pas
$(BDS)source\Win32\vcl\CtlConsts.pas
$(BDS)source\Win32\vcl\CtlPanel.pas
$(BDS)source\Win32\vcl\CustomizeDlg.pas
$(BDS)source\Win32\vcl\DbExcept.pas
$(BDS)source\Win32\vcl\DdeMan.pas
$(BDS)source\Win32\vcl\Dialogs.pas
$(BDS)source\Win32\vcl\DockTabSet.pas
$(BDS)source\Win32\vcl\ExtActns.pas
$(BDS)source\Win32\vcl\ExtCtrls.pas
$(BDS)source\Win32\vcl\ExtDlgs.pas
$(BDS)source\Win32\vcl\FileCtrl.pas
$(BDS)source\Win32\vcl\Forms.pas
$(BDS)source\Win32\vcl\frmIBAvailableFieldsU.pas
$(BDS)source\Win32\vcl\frmIBFilterFieldEditorU.pas
$(BDS)source\Win32\vcl\Graphics.pas
$(BDS)source\Win32\vcl\GraphUtil.pas
$(BDS)source\Win32\vcl\Grids.pas
$(BDS)source\Win32\vcl\HTMLHelpViewer.pas
$(BDS)source\Win32\vcl\ImgList.pas
$(BDS)source\Win32\vcl\imouse.pas
$(BDS)source\Win32\vcl\ListActns.pas
$(BDS)source\Win32\vcl\Mask.pas
$(BDS)source\Win32\vcl\Menus.pas
$(BDS)source\Win32\vcl\MPlayer.pas
$(BDS)source\Win32\vcl\Mxconsts.pas
$(BDS)source\Win32\vcl\OleAuto.pas
$(BDS)source\Win32\vcl\OleConst.pas
$(BDS)source\Win32\vcl\OleCtnrs.pas
$(BDS)source\Win32\vcl\OleCtrls.pas
$(BDS)source\Win32\vcl\OleServer.pas
$(BDS)source\Win32\vcl\Outline.pas
$(BDS)source\Win32\vcl\Printers.pas
$(BDS)source\Win32\vcl\ScktComp.pas
$(BDS)source\Win32\vcl\ShadowWnd.pas
$(BDS)source\Win32\vcl\ShellAnimations.pas
$(BDS)source\Win32\vcl\StdActnMenus.pas
$(BDS)source\Win32\vcl\StdActns.pas
$(BDS)source\Win32\vcl\StdCtrls.pas
$(BDS)source\Win32\vcl\StdStyleActnCtrls.pas
$(BDS)source\Win32\vcl\SvcMgr.pas
$(BDS)source\Win32\vcl\TabNotBk.pas
$(BDS)source\Win32\vcl\Tabs.pas
$(BDS)source\Win32\vcl\Themes.pas
$(BDS)source\Win32\vcl\ToolWin.pas
$(BDS)source\Win32\vcl\ValEdit.pas
$(BDS)source\Win32\vcl\WinHelpViewer.pas
$(BDS)source\Win32\vcl\XPActnCtrls.pas
$(BDS)source\Win32\vcl\XPMan.pas
$(BDS)source\Win32\vcl\XPStyleActnCtrls.pas
$(BDS)source\Win32\websnap\ActivDbgLib.pas
$(BDS)source\Win32\websnap\ActiveScriptCat.pas
$(BDS)source\Win32\websnap\AdaptReq.pas
$(BDS)source\Win32\websnap\AddActn.pas
$(BDS)source\Win32\websnap\AscrLib.pas
$(BDS)source\Win32\websnap\AutoAdap.pas
$(BDS)source\Win32\websnap\AutoAdapAS.pas
$(BDS)source\Win32\websnap\CompProd.pas
$(BDS)source\Win32\websnap\DBAdapt.pas
$(BDS)source\Win32\websnap\DBAdaptImg.pas
$(BDS)source\Win32\websnap\DbgSiteAS.pas
$(BDS)source\Win32\websnap\DesignerDbgSite.pas
$(BDS)source\Win32\websnap\DsgnCntxt.pas
$(BDS)source\Win32\websnap\HTTPParse.pas
$(BDS)source\Win32\websnap\MidComp.pas
$(BDS)source\Win32\websnap\MidItems.pas
$(BDS)source\Win32\websnap\MidProd.pas
$(BDS)source\Win32\websnap\PagItems.pas
$(BDS)source\Win32\websnap\ReqFiles.pas
$(BDS)source\Win32\websnap\ReqImpl.pas
$(BDS)source\Win32\websnap\ReqMulti.pas
$(BDS)source\Win32\websnap\ScrptMgr.pas
$(BDS)source\Win32\websnap\SessColn.pas
$(BDS)source\Win32\websnap\SiteComp.pas
$(BDS)source\Win32\websnap\SiteConst.pas
$(BDS)source\Win32\websnap\SiteProd.pas
$(BDS)source\Win32\websnap\SiteWiz.pas
$(BDS)source\Win32\websnap\svrhttpindy.pas
$(BDS)source\Win32\websnap\SvrInfoConsole.pas
$(BDS)source\Win32\websnap\SvrInfoConst.pas
$(BDS)source\Win32\websnap\SvrInfoModule.pas
$(BDS)source\Win32\websnap\SvrLog.pas
$(BDS)source\Win32\websnap\SvrLogColSettingsFrame.pas
$(BDS)source\Win32\websnap\SvrLogDetailDlg.pas
$(BDS)source\Win32\websnap\SvrLogDetailFrame.pas
$(BDS)source\Win32\websnap\SvrLogFrame.pas
$(BDS)source\Win32\websnap\SvrMainForm.pas
$(BDS)source\Win32\websnap\SvrPropDlg.pas
$(BDS)source\Win32\websnap\SvrSockRequest.pas
$(BDS)source\Win32\websnap\SvrStatsFrame.pas
$(BDS)source\Win32\websnap\WbmDCnst.pas
$(BDS)source\Win32\websnap\WebAdapt.pas
$(BDS)source\Win32\websnap\WebAppDbgAbout.pas
$(BDS)source\Win32\websnap\WebAuto.pas
$(BDS)source\Win32\websnap\WebContnrs.pas
$(BDS)source\Win32\websnap\WebDisp.pas
$(BDS)source\Win32\websnap\WebFact.pas
$(BDS)source\Win32\websnap\WebForm.pas
$(BDS)source\Win32\websnap\WebModu.pas
$(BDS)source\Win32\websnap\WebScript.pas
$(BDS)source\Win32\websnap\WebScriptAS.pas
$(BDS)source\Win32\websnap\WebScript_TLB.pas
$(BDS)source\Win32\websnap\WebSess.pas
$(BDS)source\Win32\websnap\WebSnapObjs.pas
$(BDS)source\Win32\websnap\WebUsers.pas
$(BDS)source\Win32\websnap\XMLBrokr.pas
$(BDS)source\Win32\websnap\xmlutil.pas
$(BDS)source\Win32\websnap\Xmlxform.pas
$(BDS)source\Win32\websnap\XSLProd.pas
$(BDS)source\Win32\xml\DTDSchema.pas
$(BDS)source\Win32\xml\msxmldom.pas
$(BDS)source\Win32\xml\oxmldom.pas
$(BDS)source\Win32\xml\xdom.pas
$(BDS)source\Win32\xml\XDRSchema.pas
$(BDS)source\Win32\xml\xercesxmldom.pas
$(BDS)source\Win32\xml\XMLConst.pas
$(BDS)source\Win32\xml\XMLDataToSchema.pas
$(BDS)source\Win32\xml\XMLDoc.pas
$(BDS)source\Win32\xml\xmldom.pas
$(BDS)source\Win32\xml\XMLIntf.pas
$(BDS)source\Win32\xml\XMLSchema.pas
$(BDS)source\Win32\xml\XMLSchema99.pas
$(BDS)source\Win32\xml\XMLSchemaTags.pas
$(BDS)source\Win32\xtab\Mxarrays.pas
$(BDS)source\Win32\xtab\Mxconsts.pas
$(BDS)source\Win32\xtab\Mxstore.pas
d:\delphi2007\delfi\winlock2007\WinLockCore2007.pas
d:\delphi2007\delfi\winlock2007\Winlock2007.pas
d:\inspector\code\bds2007\testing.pas
d:\inspector\code\bds2007\CPImainForm.pas
d:\inspector\code\common\Unit1.pas
d:\inspector\code\common\cpicommon\CPIsites.pas
d:\inspector\code\common\cpicommon\CPIComponentsGrid.pas
d:\inspector\code\common\cpicommon\CPIBase.pas
d:\inspector\code\common\cpicommon\CPIComponentsTable.pas
d:\inspector\code\common\cpicommon\CPIDiskInterface.pas
d:\inspector\code\common\cpicommon\CPIBoxes.pas
d:\inspector\code\common\cpicommon\CPITempForm.pas
d:\inspector\code\common\cpicommon\CPIDockForm.pas
d:\inspector\code\common\cpicommon\CPIRemoteApplications.pas
d:\inspector\code\common\cpicommon\CPIDesignerLocalMenu.pas
d:\inspector\code\common\cpicommon\CPIExpert.pas
d:\inspector\code\common\cpicommon\CPIbreakpoints.pas
d:\inspector\code\common\cpicommon\CPIRunObjectInspector.pas
d:\inspector\code\common\cpicommon\CPIWebBrowser.pas
d:\inspector\code\common\cpicommon\CPIRegistry.pas
d:\inspector\code\common\cpicommon\CPIBaseRunTime.pas
d:\inspector\code\common\cpicommon\CPIConstTypes.pas
d:\inspector\code\common\cpicommon\CPIToolsPalette.pas
d:\inspector\code\common\cpicommon\CPIBDSToolPalette.pas
d:\inspector\code\common\cpicommon\CPIactions.pas
d:\inspector\code\common\cpicommon\CPIKeyboard.pas
d:\inspector\code\common\cpicommon\CPIKeysProcessor.pas
d:\inspector\code\common\cpicommon\CPIcmpProperties.pas
d:\inspector\code\common\cpicommon\CPIHelpExpert.pas
d:\inspector\code\common\cpicommon\CPIMainToolsBar.pas
d:\inspector\code\common\cpicommon\CPIHelpTopics.pas
d:\inspector\code\common\cpicommon\CPIHelpAndManualEngine.pas
d:\inspector\code\common\cpicommon\CPIEditor.pas
d:\inspector\code\common\cpicommon\CPITimageListEditor.pas
d:\inspector\code\common\cpicommon\CPIRemoteExpert.pas
d:\inspector\code\common\cpicommon\CPIToolPalettePans.pas
d:\inspector\code\common\cpicommon\CPIRemoteHelpAndManul.pas
d:\inspector\code\common\cpicommon\CPInotifiers.pas
d:\inspector\code\common\cpicommon\CPIExploredIDE.pas
d:\inspector\code\common\cpicommon\CPICmpExplorer.pas
d:\inspector\code\common\cpicommon\CPIHelpEditor.pas
d:\inspector\code\common\cpicommon\CPIBreakPointsManager.pas
d:\inspector\code\common\cpicommon\CPIIDEObjectInspector.pas
d:\inspector\code\common\cpicommon\CPICmpEditors.pas
d:\inspector\code\common\cpicommon\CPIBPpropertiesEditor.pas
d:\inspector\code\common\cpicommon\CPINBDSToolPalette.pas
d:\inspector\code\common\cpicommon\CPIFormEditor.pas
d:\inspector\code\common\pascommon\PasRandom.pas
d:\inspector\code\common\pascommon\PasStringEditor.pas
d:\inspector\code\common\pascommon\ColorPicker.pas
d:\inspector\code\common\pascommon\PASDBLStringList.pas
d:\inspector\code\common\pascommon\PASDebug.pas
d:\inspector\code\common\pascommon\PasConstTypes.pas
d:\inspector\code\common\pascommon\PASkeys.pas
d:\inspector\code\common\pascommon\PasUsersColorsMap.pas
d:\inspector\code\common\pascommon\PASDataIO.pas
d:\inspector\code\common\pascommon\PASDelphiRunTime.pas
d:\inspector\code\common\pascommon\PAScolors.pas
d:\inspector\code\common\pascommon\AsmBasics.pas
d:\inspector\code\common\pascommon\PASSetupDataGrid.pas
d:\inspector\code\common\pascommon\PasSourceCodeTools.pas
d:\inspector\code\common\pascommon\PASProgress.pas
d:\inspector\code\common\pascommon\DelphiResedence.pas
d:\inspector\code\common\pascommon\PasTime.pas
d:\inspector\code\common\pascommon\PASComponentsActions.pas
d:\inspector\code\common\pascommon\PasStrings.pas
d:\inspector\code\common\pascommon\PasInternet.pas
d:\inspector\code\common\pascommon\PASWindowsProcessing.pas
d:\inspector\code\common\pascommon\PasPointSeeker.pas
d:\inspector\code\common\pascommon\PASImageListViewer.pas
d:\inspector\code\common\pascommon\PASRegistryInspector.pas
d:\inspector\code\common\pascommon\PASComponentsExplorer.pas
d:\inspector\code\common\pascommon\PASTDataStream.pas
d:\inspector\code\common\pascommon\PASImageSelector.pas
d:\inspector\code\common\pascommon\ExpListBox.pas
d:\inspector\code\common\pascommon\PASTImageStringList.pas
d:\inspector\code\common\pascommon\PASColorSetupListBox.pas
