C:\LMD70SE\LIB\D10\LMDTaskDialogTemplate.res
C:\LMD70SE\LIB\D10\LMDXP.res
$(BDS)lib\buttons.res
$(BDS)lib\CategoryButtons.res
$(BDS)lib\controls.res
$(BDS)lib\copyfile.res
$(BDS)lib\copyfiles.res
$(BDS)lib\dbctrls.res
$(BDS)lib\dbgrids.res
$(BDS)lib\dclIntraweb_90_100.res
$(BDS)lib\dclusr.res
$(BDS)lib\deletefile.res
$(BDS)lib\emptyrecycle.res
$(BDS)lib\extdlgs.res
$(BDS)lib\filectrl.res
$(BDS)lib\findcomputer.res
$(BDS)lib\findfile.res
$(BDS)lib\findfolder.res
$(BDS)lib\imouse.res
$(BDS)lib\IntrawebDB_90_100.res
$(BDS)lib\Intraweb_90_100.res
$(BDS)lib\IWBase.res
$(BDS)lib\IWCSData7.res
$(BDS)lib\IWData.res
$(BDS)lib\IWDatas.res
$(BDS)lib\IWDB.res
$(BDS)lib\IWDsnPaintSupport.res
$(BDS)lib\IWMain.res
$(BDS)lib\IWTabPane.res
$(BDS)lib\IWWizard.res
$(BDS)lib\midas.res
$(BDS)lib\mplayer.res
$(BDS)lib\outline.res
$(BDS)lib\recyclefile.res
$(BDS)lib\SMWebCommon.res
$(BDS)lib\spin.res
$(BDS)lib\tabs.res
$(BDS)lib\Teebmps.res
$(BDS)lib\TeeBrushes.res
$(BDS)lib\TeeChaEx.res
$(BDS)lib\TeeChart.res
$(BDS)lib\TeeNavig.res
$(BDS)lib\Teeresou.res
$(BDS)lib\TeeTools.res
$(BDS)lib\WindowsXP.res
$(BDS)ObjRepos\DelphiWin32\Win2kApp\Win2kApp.res
$(BDS)source\dUnit\Contrib\XPGen\testXpgen.res
$(BDS)source\dUnit\Contrib\XPGen\xpgen.res
$(BDS)source\dUnit\examples\cmdline\Project1.res
$(BDS)source\dUnit\examples\cmdline\Project1Test.res
$(BDS)source\dUnit\examples\registration\UnitReg.res
$(BDS)source\dUnit\examples\registry\Step1\RegistryTest.res
$(BDS)source\dUnit\examples\registry\Step2\RegistryTest.res
$(BDS)source\dUnit\examples\registry\Step3\RegistryTest.res
$(BDS)source\dUnit\examples\structure\diffunit\Project1.res
$(BDS)source\dUnit\examples\structure\diffunit\Project1Test.res
$(BDS)source\dUnit\examples\structure\sameunit\Project1.res
$(BDS)source\dUnit\examples\structure\sameunit\Project1Test.res
$(BDS)source\dUnit\examples\testexception\Project1.res
$(BDS)source\dUnit\examples\testexception\Project1Test.res
$(BDS)source\dUnit\examples\TListTest\ListTest.res
$(BDS)source\dUnit\src\DUnit.res
$(BDS)source\dUnit\src\versioninfo.res
$(BDS)source\dUnit\tests\DUnitTestLib.res
$(BDS)source\dUnit\tests\UnitTests.res
$(BDS)source\dUnit\tests\UnitTestsW32.res
$(BDS)source\Indy10\Core\dclindycore.res
$(BDS)source\Indy10\Core\indycore.res
$(BDS)source\Indy10\Protocols\dclindyprotocols.res
$(BDS)source\Indy10\Protocols\indyprotocols.res
$(BDS)source\Win32\Indy9\dclindy.res
$(BDS)source\Win32\Indy9\IdCreditsBitmap.res
$(BDS)source\Win32\Indy9\indy.res
$(BDS)source\Win32\internet\CGIStub.res
$(BDS)source\Win32\internet\IsapiStub.res
$(BDS)source\Win32\internet\isapiter.res
$(BDS)source\Win32\soap\wsdlimporter\WSDLImp.res
$(BDS)source\Win32\vcl\httpsrvr.res
$(BDS)source\Win32\vcl\scktsrvr.res
$(BDS)source\Win32\websnap\serverinfo.res
$(BDS)source\Win32\websnap\webappdbg.res
$(BDS)source\Win32\xtab\dcldss.res
$(BDS)source\Win32\xtab\dss.res
$(BDS)source\Win32\xtab\mxconsts.res
d:\delphi2007\delfi\winlock2007\Winlock2007.res
d:\delphi2007\delfi\winlock2007\WinlockPkg2007.res
d:\inspector\code\bds2007\CPIExpertPackageV40BDS2007.res
